Archive member included to satisfy reference by file (symbol)

../../standalone_bsp_0/psu_cortexa53_0/lib\libxil.a(asm_vectors.o)
                              (_vector_table)
../../standalone_bsp_0/psu_cortexa53_0/lib\libxil.a(boot.o)
                              ../../standalone_bsp_0/psu_cortexa53_0/lib\libxil.a(asm_vectors.o) (_boot)
../../standalone_bsp_0/psu_cortexa53_0/lib\libxil.a(initialise_monitor_handles.o)
                              c:/xilinx/sdk/2018.3/gnu/aarch64/nt/aarch64-none/bin/../aarch64-none-elf/libc/usr/lib/crt0.o (initialise_monitor_handles)
../../standalone_bsp_0/psu_cortexa53_0/lib\libxil.a(translation_table.o)
                              ../../standalone_bsp_0/psu_cortexa53_0/lib\libxil.a(boot.o) (MMUTableL0)
../../standalone_bsp_0/psu_cortexa53_0/lib\libxil.a(vectors.o)
                              ../../standalone_bsp_0/psu_cortexa53_0/lib\libxil.a(asm_vectors.o) (FIQInterrupt)
../../standalone_bsp_0/psu_cortexa53_0/lib\libxil.a(xil-crt0.o)
                              ../../standalone_bsp_0/psu_cortexa53_0/lib\libxil.a(boot.o) (_startup)
../../standalone_bsp_0/psu_cortexa53_0/lib\libxil.a(xil_cache.o)
                              ./src/main.o (Xil_DCacheDisable)
../../standalone_bsp_0/psu_cortexa53_0/lib\libxil.a(xil_exception.o)
                              ../../standalone_bsp_0/psu_cortexa53_0/lib\libxil.a(vectors.o) (XExc_VectorTable)
../../standalone_bsp_0/psu_cortexa53_0/lib\libxil.a(xil_sleepcommon.o)
                              ./src/main.o (usleep)
../../standalone_bsp_0/psu_cortexa53_0/lib\libxil.a(sleep.o)
                              ../../standalone_bsp_0/psu_cortexa53_0/lib\libxil.a(xil_sleepcommon.o) (usleep_A53)
../../standalone_bsp_0/psu_cortexa53_0/lib\libxil.a(xtime_l.o)
                              ../../standalone_bsp_0/psu_cortexa53_0/lib\libxil.a(sleep.o) (XTime_StartTimer)
c:/xilinx/sdk/2018.3/gnu/aarch64/nt/aarch64-none/bin/../aarch64-none-elf/libc/usr/lib\libc.a(lib_a-atexit.o)
                              c:/xilinx/sdk/2018.3/gnu/aarch64/nt/aarch64-none/bin/../aarch64-none-elf/libc/usr/lib/crt0.o (atexit)
c:/xilinx/sdk/2018.3/gnu/aarch64/nt/aarch64-none/bin/../aarch64-none-elf/libc/usr/lib\libc.a(lib_a-exit.o)
                              c:/xilinx/sdk/2018.3/gnu/aarch64/nt/aarch64-none/bin/../aarch64-none-elf/libc/usr/lib/crt0.o (exit)
c:/xilinx/sdk/2018.3/gnu/aarch64/nt/aarch64-none/bin/../aarch64-none-elf/libc/usr/lib\libc.a(lib_a-fini.o)
                              c:/xilinx/sdk/2018.3/gnu/aarch64/nt/aarch64-none/bin/../aarch64-none-elf/libc/usr/lib/crt0.o (__libc_fini_array)
c:/xilinx/sdk/2018.3/gnu/aarch64/nt/aarch64-none/bin/../aarch64-none-elf/libc/usr/lib\libc.a(lib_a-impure.o)
                              c:/xilinx/sdk/2018.3/gnu/aarch64/nt/aarch64-none/bin/../aarch64-none-elf/libc/usr/lib\libc.a(lib_a-exit.o) (_global_impure_ptr)
c:/xilinx/sdk/2018.3/gnu/aarch64/nt/aarch64-none/bin/../aarch64-none-elf/libc/usr/lib\libc.a(lib_a-init.o)
                              c:/xilinx/sdk/2018.3/gnu/aarch64/nt/aarch64-none/bin/../aarch64-none-elf/libc/usr/lib/crt0.o (__libc_init_array)
c:/xilinx/sdk/2018.3/gnu/aarch64/nt/aarch64-none/bin/../aarch64-none-elf/libc/usr/lib\libc.a(lib_a-malloc.o)
                              ./noh-firmware/AXI_ADC_core/drivers/AXI_ADC_core_driver.o (malloc)
c:/xilinx/sdk/2018.3/gnu/aarch64/nt/aarch64-none/bin/../aarch64-none-elf/libc/usr/lib\libc.a(lib_a-mallocr.o)
                              c:/xilinx/sdk/2018.3/gnu/aarch64/nt/aarch64-none/bin/../aarch64-none-elf/libc/usr/lib\libc.a(lib_a-malloc.o) (_malloc_r)
c:/xilinx/sdk/2018.3/gnu/aarch64/nt/aarch64-none/bin/../aarch64-none-elf/libc/usr/lib\libc.a(lib_a-memcpy.o)
                              ./src/main.o (memcpy)
c:/xilinx/sdk/2018.3/gnu/aarch64/nt/aarch64-none/bin/../aarch64-none-elf/libc/usr/lib\libc.a(lib_a-memset.o)
                              c:/xilinx/sdk/2018.3/gnu/aarch64/nt/aarch64-none/bin/../aarch64-none-elf/libc/usr/lib/crt0.o (memset)
c:/xilinx/sdk/2018.3/gnu/aarch64/nt/aarch64-none/bin/../aarch64-none-elf/libc/usr/lib\libc.a(lib_a-mlock.o)
                              c:/xilinx/sdk/2018.3/gnu/aarch64/nt/aarch64-none/bin/../aarch64-none-elf/libc/usr/lib\libc.a(lib_a-mallocr.o) (__malloc_lock)
c:/xilinx/sdk/2018.3/gnu/aarch64/nt/aarch64-none/bin/../aarch64-none-elf/libc/usr/lib\libc.a(lib_a-printf.o)
                              ./src/main.o (printf)
c:/xilinx/sdk/2018.3/gnu/aarch64/nt/aarch64-none/bin/../aarch64-none-elf/libc/usr/lib\libc.a(lib_a-putchar.o)
                              ./src/main.o (putchar)
c:/xilinx/sdk/2018.3/gnu/aarch64/nt/aarch64-none/bin/../aarch64-none-elf/libc/usr/lib\libc.a(lib_a-putc.o)
                              c:/xilinx/sdk/2018.3/gnu/aarch64/nt/aarch64-none/bin/../aarch64-none-elf/libc/usr/lib\libc.a(lib_a-putchar.o) (_putc_r)
c:/xilinx/sdk/2018.3/gnu/aarch64/nt/aarch64-none/bin/../aarch64-none-elf/libc/usr/lib\libc.a(lib_a-puts.o)
                              ./src/main.o (puts)
[...]
Memory Configuration

Name             Origin             Length             Attributes
psu_ddr_0_MEM_0  0x0000000000000000 0x000000007ff00000
psu_ocm_ram_0_MEM_0 0x00000000fffc0000 0x0000000000040000
psu_qspi_linear_0_MEM_0 0x00000000c0000000 0x0000000020000000
*default*        0x0000000000000000 0xffffffffffffffff

Linker script and memory map

LOAD c:/xilinx/sdk/2018.3/gnu/aarch64/nt/aarch64-none/bin/../lib/gcc/aarch64-none-elf/7.3.1/crti.o
LOAD c:/xilinx/sdk/2018.3/gnu/aarch64/nt/aarch64-none/bin/../lib/gcc/aarch64-none-elf/7.3.1/crtbegin.o
LOAD c:/xilinx/sdk/2018.3/gnu/aarch64/nt/aarch64-none/bin/../aarch64-none-elf/libc/usr/lib/crt0.o
                0x0000000000002000                _STACK_SIZE = DEFINED (_STACK_SIZE)?_STACK_SIZE:0x2000
                0x0000000000002000                _HEAP_SIZE = DEFINED (_HEAP_SIZE)?_HEAP_SIZE:0x2000
                0x0000000000000400                _EL0_STACK_SIZE = DEFINED (_EL0_STACK_SIZE)?_EL0_STACK_SIZE:0x400
                0x0000000000000800                _EL1_STACK_SIZE = DEFINED (_EL1_STACK_SIZE)?_EL1_STACK_SIZE:0x800
                0x0000000000000400                _EL2_STACK_SIZE = DEFINED (_EL2_STACK_SIZE)?_EL2_STACK_SIZE:0x400

.text           0x0000000000000000     0xfdd0
 *(.vectors)
 .vectors       0x0000000000000000      0x938 ../../standalone_bsp_0/psu_cortexa53_0/lib\libxil.a(asm_vectors.o)
                0x0000000000000000                _vector_table
                0x0000000000000918                FPUStatus
 *(.boot)
 .boot          0x0000000000000938      0x258 ../../standalone_bsp_0/psu_cortexa53_0/lib\libxil.a(boot.o)
                0x0000000000000938                _prestart
                0x0000000000000938                _boot
 *(.text)
 .text          0x0000000000000b90        0x0 c:/xilinx/sdk/2018.3/gnu/aarch64/nt/aarch64-none/bin/../lib/gcc/aarch64-none-elf/7.3.1/crti.o
 .text          0x0000000000000b90       0xe4 c:/xilinx/sdk/2018.3/gnu/aarch64/nt/aarch64-none/bin/../lib/gcc/aarch64-none-elf/7.3.1/crtbegin.o
 *fill*         0x0000000000000c74        0x4 
 .text          0x0000000000000c78      0x130 c:/xilinx/sdk/2018.3/gnu/aarch64/nt/aarch64-none/bin/../aarch64-none-elf/libc/usr/lib/crt0.o
                0x0000000000000c78                _start
                0x0000000000000c78                _mainCRTStartup
                0x0000000000000d6c                _cpu_init_hook
 .text          0x0000000000000da8       0x40 ./src/AXI_mem_access.o
                0x0000000000000da8                axi_read
                0x0000000000000dc0                axi_write
 .text          0x0000000000000de8     0x14d0 ./src/main.o
                0x0000000000000de8                pars_int_arg_val
                0x0000000000000e48                DAC_voltage_convert
                0x0000000000000eec                sqrt64
                0x0000000000000f90                main
 .text          0x00000000000022b8       0x4c ./src/platform.o
                0x00000000000022b8                enable_caches
                0x00000000000022c0                disable_caches
                0x00000000000022c8                init_uart
                0x00000000000022d0                init_platform
                0x00000000000022ec                cleanup_platform
 .text          0x0000000000002304      0x770 ./noh-firmware/AXI_simple_gpio_core/drivers/AXI_Simple_GPIO_Core.o
                0x0000000000002304                axi_simple_gpio_init
                0x0000000000002390                axi_simple_gpio_set
                0x0000000000002a5c                axi_simple_gpio_read
 .text          0x0000000000002a74       0x40 ./noh-firmware/AXI_simple_gpio_core/drivers/AXI_mem_access.o
                0x0000000000002a74                axi_read_GPIO
                0x0000000000002a8c                axi_write_GPIO
 .text          0x0000000000002ab4      0x330 ./noh-firmware/AXI_UART_core/drivers/AXI_UART_master_core.o
                0x0000000000002ab4                axi_uart_init
                0x0000000000002bc0                axi_uart_set_aux_gpos
                0x0000000000002bec                axi_uart_send
                0x0000000000002c78                axi_uart_read
                0x0000000000002d24                axi_uart_get_tx_buf_level
                0x0000000000002d44                axi_uart_get_rx_buf_level
                0x0000000000002d64                axi_uart_clear_rx_buf
                0x0000000000002dc4                axi_uart_test
 .text          0x0000000000002de4      0x378 ./noh-firmware/AXI_I2C_core/drivers/AXI_i2c.o
                0x0000000000002de4                axi_i2c_reset
                0x0000000000002e2c                axi_i2c_set_clk_rate
                0x0000000000002e6c                axi_i2c_read
                0x0000000000002fd0                axi_i2c_write
                0x0000000000003108                axi_i2c_clear_rx_queue
                0x000000000000311c                axi_i2c_set_AUX_bits
 .text          0x000000000000315c      0x300 ./noh-firmware/AXI_DAC_core/drivers/AXI_DAC_core_driver.o
                0x000000000000315c                axi_dac_reset
                0x0000000000003194                axi_dac_load_data
                0x000000000000324c                axi_dac_enable
                0x000000000000331c                axi_dac_load_core_timer
                0x0000000000003358                axi_dac_load_ch_timer
                0x00000000000033a8                axi_dac_load_ch_cal
 .text          0x000000000000345c      0x708 ./noh-firmware/AXI_CAN_core/drivers/AXI_CAN_core.o
                0x000000000000345c                CAN_init
                0x00000000000034bc                Monitor_mode
                0x0000000000003508                CAN_set_clk_div
                0x0000000000003540                CAN_reset
                0x000000000000358c                CAN_set_ctrl_flags
                0x00000000000035b8                CAN_queue_frame
                0x000000000000379c                CAN_retrive_frame
                0x00000000000039a4                CAN_tx_fifo_is_full
                0x00000000000039e0                CAN_rx_fifo_is_full
                0x0000000000003a20                CAN_tx_fifo_is_empty
                0x0000000000003a5c                CAN_rx_fifo_is_empty
                0x0000000000003a9c                CAN_tx_fifo_level
                0x0000000000003acc                CAN_rx_fifo_level
                0x0000000000003b00                CAN_clear_rx_queue
 .text          0x0000000000003b64      0xbb4 ./noh-firmware/AXI_ADC_core/drivers/AXI_ADC_core_driver.o
                0x0000000000003b64                ATC_ADC_Calibration_Dat_new
                0x0000000000003d00                ADC_Ch_Setup_Dat_new
                0x0000000000003d98                axi_adc_disable
                0x0000000000003dc0                axi_adc_enable
                0x0000000000003de8                axi_adc_reset
                0x0000000000003e30                axi_adc_get_status
                0x0000000000003e70                axi_adc_set_channel_switch
                0x0000000000003f2c                axi_adc_channel_enable
                0x0000000000003f6c                axi_adc_setup_channel
                0x0000000000004178                axi_adc_set_trigger_enable
                0x00000000000041cc                axi_adc_get_frequency
                0x0000000000004214                mV_to_adc_2s_comp
                0x00000000000042f4                lookup_cal_values
 .text          0x0000000000004718        0x0 ../../standalone_bsp_0/psu_cortexa53_0/lib\libxil.a(asm_vectors.o)
 .text          0x0000000000004718        0x0 ../../standalone_bsp_0/psu_cortexa53_0/lib\libxil.a(boot.o)
 .text          0x0000000000004718        0x4 ../../standalone_bsp_0/psu_cortexa53_0/lib\libxil.a(initialise_monitor_handles.o)
                0x0000000000004718                initialise_monitor_handles
 .text          0x000000000000471c        0x0 ../../standalone_bsp_0/psu_cortexa53_0/lib\libxil.a(translation_table.o)
 *fill*         0x000000000000471c        0x4 
 .text          0x0000000000004720       0x40 ../../standalone_bsp_0/psu_cortexa53_0/lib\libxil.a(vectors.o)
                0x0000000000004720                FIQInterrupt
                0x0000000000004730                IRQInterrupt
                0x0000000000004740                SynchronousInterrupt
                0x0000000000004750                SErrorInterrupt
 .text          0x0000000000004760       0x98 ../../standalone_bsp_0/psu_cortexa53_0/lib\libxil.a(xil-crt0.o)
                0x0000000000004780                _startup
 .text          0x00000000000047f8      0x644 ../../standalone_bsp_0/psu_cortexa53_0/lib\libxil.a(xil_cache.o)
                0x00000000000047f8                Xil_DCacheDisable
                0x0000000000004928                Xil_DCacheInvalidate
                0x0000000000004a48                Xil_DCacheEnable
                0x0000000000004a70                Xil_DCacheInvalidateLine
                0x0000000000004aa8                Xil_DCacheInvalidateRange
                0x0000000000004ae8                Xil_DCacheFlush
                0x0000000000004c08                Xil_DCacheFlushLine
                0x0000000000004c40                Xil_DCacheFlushRange
                0x0000000000004d10                Xil_ICacheEnable
                0x0000000000004d48                Xil_ICacheDisable
                0x0000000000004d80                Xil_ICacheInvalidate
                0x0000000000004da8                Xil_ICacheInvalidateLine
                0x0000000000004dd0                Xil_ICacheInvalidateRange
                0x0000000000004e20                Xil_ConfigureL1Prefetch
 *fill*         0x0000000000004e3c        0x4 
 .text          0x0000000000004e40       0x8c ../../standalone_bsp_0/psu_cortexa53_0/lib\libxil.a(xil_exception.o)
                0x0000000000004e48                Xil_SyncAbortHandler
                0x0000000000004e50                Xil_SErrorAbortHandler
                0x0000000000004e58                Xil_ExceptionInit
                0x0000000000004e60                Xil_ExceptionRegisterHandler
                0x0000000000004e80                Xil_GetExceptionRegisterHandler
                0x0000000000004ea8                Xil_ExceptionRemoveHandler
 *fill*         0x0000000000004ecc        0x4 
 .text          0x0000000000004ed0        0xc ../../standalone_bsp_0/psu_cortexa53_0/lib\libxil.a(xil_sleepcommon.o)
                0x0000000000004ed0                sleep
                0x0000000000004ed8                usleep
 *fill*         0x0000000000004edc        0x4 
 .text          0x0000000000004ee0       0x8c ../../standalone_bsp_0/psu_cortexa53_0/lib\libxil.a(sleep.o)
                0x0000000000004ee0                usleep_A53
                0x0000000000004f28                sleep_A53
 *fill*         0x0000000000004f6c        0x4 
 .text          0x0000000000004f70       0x6c ../../standalone_bsp_0/psu_cortexa53_0/lib\libxil.a(xtime_l.o)
                0x0000000000004f70                XTime_StartTimer
                0x0000000000004fa0                XTime_SetTime
                0x0000000000004fa8                XTime_GetTime
 *fill*         0x0000000000004fdc        0x4 
 .text          0x0000000000004fe0       0x14 c:/xilinx/sdk/2018.3/gnu/aarch64/nt/aarch64-none/bin/../aarch64-none-elf/libc/usr/lib\libc.a(lib_a-atexit.o)
                0x0000000000004fe0                atexit
 *fill*         0x0000000000004ff4        0x4 
 .text          0x0000000000004ff8       0x34 c:/xilinx/sdk/2018.3/gnu/aarch64/nt/aarch64-none/bin/../aarch64-none-elf/libc/usr/lib\libc.a(lib_a-exit.o)
                0x0000000000004ff8                exit
 *fill*         0x000000000000502c        0x4 
 .text          0x0000000000005030       0x44 c:/xilinx/sdk/2018.3/gnu/aarch64/nt/aarch64-none/bin/../aarch64-none-elf/libc/usr/lib\libc.a(lib_a-fini.o)
                0x0000000000005030                __libc_fini_array
 .text          0x0000000000005074        0x0 c:/xilinx/sdk/2018.3/gnu/aarch64/nt/aarch64-none/bin/../aarch64-none-elf/libc/usr/lib\libc.a(lib_a-impure.o)
 *fill*         0x0000000000005074        0x4 
 .text          0x0000000000005078       0x8c c:/xilinx/sdk/2018.3/gnu/aarch64/nt/aarch64-none/bin/../aarch64-none-elf/libc/usr/lib\libc.a(lib_a-init.o)
                0x0000000000005078                __libc_init_array
 *fill*         0x0000000000005104        0x4 
 .text          0x0000000000005108       0x20 c:/xilinx/sdk/2018.3/gnu/aarch64/nt/aarch64-none/bin/../aarch64-none-elf/libc/usr/lib\libc.a(lib_a-malloc.o)
                0x0000000000005108                malloc
                0x0000000000005118                free
 .text          0x0000000000005128      0x840 c:/xilinx/sdk/2018.3/gnu/aarch64/nt/aarch64-none/bin/../aarch64-none-elf/libc/usr/lib\libc.a(lib_a-mallocr.o)
                0x0000000000005128                _malloc_r
 *fill*         0x0000000000005968       0x18 
 .text          0x0000000000005980      0x16c c:/xilinx/sdk/2018.3/gnu/aarch64/nt/aarch64-none/bin/../aarch64-none-elf/libc/usr/lib\libc.a(lib_a-memcpy.o)
                0x0000000000005980                memcpy
 *fill*         0x0000000000005aec       0x14 
 .text          0x0000000000005b00      0x1d8 c:/xilinx/sdk/2018.3/gnu/aarch64/nt/aarch64-none/bin/../aarch64-none-elf/libc/usr/lib\libc.a(lib_a-memset.o)
                0x0000000000005b00                memset
 .text          0x0000000000005cd8        0xc c:/xilinx/sdk/2018.3/gnu/aarch64/nt/aarch64-none/bin/../aarch64-none-elf/libc/usr/lib\libc.a(lib_a-mlock.o)
                0x0000000000005cd8                __malloc_lock
                0x0000000000005ce0                __malloc_unlock
 *fill*         0x0000000000005ce4        0x4 
 .text          0x0000000000005ce8      0x10c c:/xilinx/sdk/2018.3/gnu/aarch64/nt/aarch64-none/bin/../aarch64-none-elf/libc/usr/lib\libc.a(lib_a-printf.o)
                0x0000000000005ce8                _printf_r
                0x0000000000005d68                printf
 *fill*         0x0000000000005df4        0x4 
 .text          0x0000000000005df8       0x20 c:/xilinx/sdk/2018.3/gnu/aarch64/nt/aarch64-none/bin/../aarch64-none-elf/libc/usr/lib\libc.a(lib_a-putchar.o)
                0x0000000000005df8                _putchar_r
                0x0000000000005e00                putchar
 .text          0x0000000000005e18      0x144 c:/xilinx/sdk/2018.3/gnu/aarch64/nt/aarch64-none/bin/../aarch64-none-elf/libc/usr/lib\libc.a(lib_a-putc.o)
                0x0000000000005e18                _putc_r
                0x0000000000005eb0                putc
 *fill*         0x0000000000005f5c        0x4 
 .text          0x0000000000005f60       0xb8 c:/xilinx/sdk/2018.3/gnu/aarch64/nt/aarch64-none/bin/../aarch64-none-elf/libc/usr/lib\libc.a(lib_a-puts.o)
                0x0000000000005f60                _puts_r
                0x0000000000006008                puts
 .text          0x0000000000006018       0x78 c:/xilinx/sdk/2018.3/gnu/aarch64/nt/aarch64-none/bin/../aarch64-none-elf/libc/usr/lib\libc.a(lib_a-rget.o)
                0x0000000000006018                __srget_r
                0x0000000000006080                __srget
 .text          0x0000000000006090       0x4c c:/xilinx/sdk/2018.3/gnu/aarch64/nt/aarch64-none/bin/../aarch64-none-elf/libc/usr/lib\libc.a(lib_a-sbrkr.o)
                0x0000000000006090                _sbrk_r
 .text          0x00000000000060dc       0xdc c:/xilinx/sdk/2018.3/gnu/aarch64/nt/aarch64-none/bin/../aarch64-none-elf/libc/usr/lib\libc.a(lib_a-strchr.o)
                0x00000000000060dc                strchr
 *fill*         0x00000000000061b8        0x8 
 .text          0x00000000000061c0      0x140 c:/xilinx/sdk/2018.3/gnu/aarch64/nt/aarch64-none/bin/../aarch64-none-elf/libc/usr/lib\libc.a(lib_a-strlen.o)
                0x00000000000061c0                strlen
 .text          0x0000000000006300      0x198 c:/xilinx/sdk/2018.3/gnu/aarch64/nt/aarch64-none/bin/../aarch64-none-elf/libc/usr/lib\libc.a(lib_a-strtol.o)
                0x0000000000006300                _strtol_r
                0x0000000000006480                strtol
 .text          0x0000000000006498     0x29a8 c:/xilinx/sdk/2018.3/gnu/aarch64/nt/aarch64-none/bin/../aarch64-none-elf/libc/usr/lib\libc.a(lib_a-vfprintf.o)
                0x0000000000006498                _vfprintf_r
                0x0000000000008d38                vfprintf
 .text          0x0000000000008e40      0x164 c:/xilinx/sdk/2018.3/gnu/aarch64/nt/aarch64-none/bin/../aarch64-none-elf/libc/usr/lib\libc.a(lib_a-wbuf.o)
                0x0000000000008e40                __swbuf_r
                0x0000000000008f90                __swbuf
 *fill*         0x0000000000008fa4        0x4 
 .text          0x0000000000008fa8      0x13c c:/xilinx/sdk/2018.3/gnu/aarch64/nt/aarch64-none/bin/../aarch64-none-elf/libc/usr/lib\libc.a(lib_a-wsetup.o)
                0x0000000000008fa8                __swsetup_r
 *fill*         0x00000000000090e4        0x4 
 .text          0x00000000000090e8       0xf4 c:/xilinx/sdk/2018.3/gnu/aarch64/nt/aarch64-none/bin/../aarch64-none-elf/libc/usr/lib\libc.a(lib_a-__atexit.o)
                0x00000000000090e8                __register_exitproc
 *fill*         0x00000000000091dc        0x4 
 .text          0x00000000000091e0      0x154 c:/xilinx/sdk/2018.3/gnu/aarch64/nt/aarch64-none/bin/../aarch64-none-elf/libc/usr/lib\libc.a(lib_a-__call_atexit.o)
                0x00000000000091e0                __call_exitprocs
 .text          0x0000000000009334        0x0 c:/xilinx/sdk/2018.3/gnu/aarch64/nt/aarch64-none/bin/../aarch64-none-elf/libc/usr/lib\libc.a(lib_a-ctype_.o)
 *fill*         0x0000000000009334        0x4 
 .text          0x0000000000009338     0x1364 c:/xilinx/sdk/2018.3/gnu/aarch64/nt/aarch64-none/bin/../aarch64-none-elf/libc/usr/lib\libc.a(lib_a-dtoa.o)
                0x00000000000094e8                _dtoa_r
 *fill*         0x000000000000a69c        0x4 
 .text          0x000000000000a6a0      0x2e8 c:/xilinx/sdk/2018.3/gnu/aarch64/nt/aarch64-none/bin/../aarch64-none-elf/libc/usr/lib\libc.a(lib_a-fflush.o)
                0x000000000000a6a0                __sflush_r
                0x000000000000a908                _fflush_r
                0x000000000000a960                fflush
 .text          0x000000000000a988      0x32c c:/xilinx/sdk/2018.3/gnu/aarch64/nt/aarch64-none/bin/../aarch64-none-elf/libc/usr/lib\libc.a(lib_a-findfp.o)
                0x000000000000a990                _cleanup_r
                0x000000000000aae0                __sfmoreglue
                0x000000000000ab40                __sfp
                0x000000000000ac40                _cleanup
                0x000000000000ac58                __sinit
                0x000000000000ac68                __sfp_lock_acquire
                0x000000000000ac70                __sfp_lock_release
                0x000000000000ac78                __sinit_lock_acquire
                0x000000000000ac80                __sinit_lock_release
                0x000000000000ac88                __fp_lock_all
                0x000000000000aca0                __fp_unlock_all
 *fill*         0x000000000000acb4        0x4 
 .text          0x000000000000acb8      0x410 c:/xilinx/sdk/2018.3/gnu/aarch64/nt/aarch64-none/bin/../aarch64-none-elf/libc/usr/lib\libc.a(lib_a-freer.o)
                0x000000000000acb8                _malloc_trim_r
                0x000000000000adc8                _free_r
 .text          0x000000000000b0c8      0x4f8 c:/xilinx/sdk/2018.3/gnu/aarch64/nt/aarch64-none/bin/../aarch64-none-elf/libc/usr/lib\libc.a(lib_a-fvwrite.o)
                0x000000000000b0c8                __sfvwrite_r
 .text          0x000000000000b5c0      0x18c c:/xilinx/sdk/2018.3/gnu/aarch64/nt/aarch64-none/bin/../aarch64-none-elf/libc/usr/lib\libc.a(lib_a-fwalk.o)
                0x000000000000b5c0                _fwalk
                0x000000000000b680                _fwalk_reent
 *fill*         0x000000000000b74c        0x4 
 .text          0x000000000000b750       0xe8 c:/xilinx/sdk/2018.3/gnu/aarch64/nt/aarch64-none/bin/../aarch64-none-elf/libc/usr/lib\libc.a(lib_a-locale.o)
                0x000000000000b750                _setlocale_r
                0x000000000000b7c8                __locale_charset
                0x000000000000b7d8                __locale_mb_cur_max
                0x000000000000b7e8                __locale_msgcharset
                0x000000000000b7f8                __locale_cjk_lang
                0x000000000000b800                _localeconv_r
                0x000000000000b810                setlocale
                0x000000000000b828                localeconv
 .text          0x000000000000b838      0x1a0 c:/xilinx/sdk/2018.3/gnu/aarch64/nt/aarch64-none/bin/../aarch64-none-elf/libc/usr/lib\libc.a(lib_a-makebuf.o)
                0x000000000000b838                __swhatbuf_r
                0x000000000000b8e0                __smakebuf_r
 .text          0x000000000000b9d8       0xd8 c:/xilinx/sdk/2018.3/gnu/aarch64/nt/aarch64-none/bin/../aarch64-none-elf/libc/usr/lib\libc.a(lib_a-memchr.o)
                0x000000000000b9d8                memchr
 *fill*         0x000000000000bab0       0x10 
 .text          0x000000000000bac0       0xac c:/xilinx/sdk/2018.3/gnu/aarch64/nt/aarch64-none/bin/../aarch64-none-elf/libc/usr/lib\libc.a(lib_a-memmove.o)
                0x000000000000bac0                memmove
 *fill*         0x000000000000bb6c        0x4 
 .text          0x000000000000bb70      0xe74 c:/xilinx/sdk/2018.3/gnu/aarch64/nt/aarch64-none/bin/../aarch64-none-elf/libc/usr/lib\libc.a(lib_a-mprec.o)
                0x000000000000bb70                _Balloc
                0x000000000000bc18                _Bfree
                0x000000000000bc38                __multadd
                0x000000000000bd20                __s2b
                0x000000000000be40                __hi0bits
                0x000000000000bea0                __lo0bits
                0x000000000000bf40                __i2b
                0x000000000000bf70                __multiply
                0x000000000000c140                __pow5mult
                0x000000000000c268                __lshift
                0x000000000000c3a8                __mcmp
                0x000000000000c3f8                __mdiff
                0x000000000000c588                __ulp
                0x000000000000c5f8                __b2d
                0x000000000000c718                __d2b
                0x000000000000c838                __ratio
                0x000000000000c8c0                _mprec_log10
                0x000000000000c8f8                __copybits
                0x000000000000c960                __any_on
 *fill*         0x000000000000c9e4        0x4 
 .text          0x000000000000c9e8      0x54c c:/xilinx/sdk/2018.3/gnu/aarch64/nt/aarch64-none/bin/../aarch64-none-elf/libc/usr/lib\libc.a(lib_a-reallocr.o)
                0x000000000000c9e8                _realloc_r
 *fill*         0x000000000000cf34        0x4 
 .text          0x000000000000cf38      0x144 c:/xilinx/sdk/2018.3/gnu/aarch64/nt/aarch64-none/bin/../aarch64-none-elf/libc/usr/lib\libc.a(lib_a-reent.o)
                0x000000000000cf38                cleanup_glue
                0x000000000000cf80                _reclaim_reent
 *fill*         0x000000000000d07c        0x4 
 .text          0x000000000000d080      0x21c c:/xilinx/sdk/2018.3/gnu/aarch64/nt/aarch64-none/bin/../aarch64-none-elf/libc/usr/lib\libc.a(lib_a-refill.o)
                0x000000000000d0a0                __srefill_r
 *fill*         0x000000000000d29c        0x4 
 .text          0x000000000000d2a0       0x7c c:/xilinx/sdk/2018.3/gnu/aarch64/nt/aarch64-none/bin/../aarch64-none-elf/libc/usr/lib\libc.a(lib_a-s_frexp.o)
                0x000000000000d2a0                frexp
 *fill*         0x000000000000d31c        0x4 
 .text          0x000000000000d320      0x118 c:/xilinx/sdk/2018.3/gnu/aarch64/nt/aarch64-none/bin/../aarch64-none-elf/libc/usr/lib\libc.a(lib_a-stdio.o)
                0x000000000000d320                __sread
                0x000000000000d370                __seofread
                0x000000000000d378                __swrite
                0x000000000000d3e0                __sseek
                0x000000000000d430                __sclose
 *fill*         0x000000000000d438        0x8 
 .text          0x000000000000d440       0xa4 c:/xilinx/sdk/2018.3/gnu/aarch64/nt/aarch64-none/bin/../aarch64-none-elf/libc/usr/lib\libc.a(lib_a-strcmp.o)
                0x000000000000d440                strcmp
 *fill*         0x000000000000d4e4        0x4 
 .text          0x000000000000d4e8       0xb0 c:/xilinx/sdk/2018.3/gnu/aarch64/nt/aarch64-none/bin/../aarch64-none-elf/libc/usr/lib\libc.a(lib_a-strncpy.o)
                0x000000000000d4e8                strncpy
 .text          0x000000000000d598     0x1a48 c:/xilinx/sdk/2018.3/gnu/aarch64/nt/aarch64-none/bin/../aarch64-none-elf/libc/usr/lib\libc.a(lib_a-vfiprintf.o)
                0x000000000000d680                __sprint_r
                0x000000000000d698                _vfiprintf_r
                0x000000000000eed8                vfiprintf
 .text          0x000000000000efe0       0x5c c:/xilinx/sdk/2018.3/gnu/aarch64/nt/aarch64-none/bin/../aarch64-none-elf/libc/usr/lib\libc.a(lib_a-writer.o)
                0x000000000000efe0                _write_r
 *fill*         0x000000000000f03c        0x4 
 .text          0x000000000000f040       0x90 c:/xilinx/sdk/2018.3/gnu/aarch64/nt/aarch64-none/bin/../aarch64-none-elf/libc/usr/lib\libc.a(lib_a-callocr.o)
                0x000000000000f040                _calloc_r
 .text          0x000000000000f0d0       0x4c c:/xilinx/sdk/2018.3/gnu/aarch64/nt/aarch64-none/bin/../aarch64-none-elf/libc/usr/lib\libc.a(lib_a-closer.o)
                0x000000000000f0d0                _close_r
 *fill*         0x000000000000f11c        0x4 
 .text          0x000000000000f120      0x100 c:/xilinx/sdk/2018.3/gnu/aarch64/nt/aarch64-none/bin/../aarch64-none-elf/libc/usr/lib\libc.a(lib_a-fclose.o)
                0x000000000000f120                _fclose_r
                0x000000000000f210                fclose
 .text          0x000000000000f220      0x1cc c:/xilinx/sdk/2018.3/gnu/aarch64/nt/aarch64-none/bin/../aarch64-none-elf/libc/usr/lib\libc.a(lib_a-fputwc.o)
                0x000000000000f220                __fputwc
                0x000000000000f360                _fputwc_r
                0x000000000000f380                fputwc
 *fill*         0x000000000000f3ec        0x4 
 .text          0x000000000000f3f0       0x54 c:/xilinx/sdk/2018.3/gnu/aarch64/nt/aarch64-none/bin/../aarch64-none-elf/libc/usr/lib\libc.a(lib_a-fstatr.o)
                0x000000000000f3f0                _fstat_r
 *fill*         0x000000000000f444        0x4 
 .text          0x000000000000f448       0x4c c:/xilinx/sdk/2018.3/gnu/aarch64/nt/aarch64-none/bin/../aarch64-none-elf/libc/usr/lib\libc.a(lib_a-isattyr.o)
                0x000000000000f448                _isatty_r
 *fill*         0x000000000000f494        0x4 
 .text          0x000000000000f498       0x5c c:/xilinx/sdk/2018.3/gnu/aarch64/nt/aarch64-none/bin/../aarch64-none-elf/libc/usr/lib\libc.a(lib_a-lseekr.o)
                0x000000000000f498                _lseek_r
 *fill*         0x000000000000f4f4        0x4 
 .text          0x000000000000f4f8       0x5c c:/xilinx/sdk/2018.3/gnu/aarch64/nt/aarch64-none/bin/../aarch64-none-elf/libc/usr/lib\libc.a(lib_a-readr.o)
                0x000000000000f4f8                _read_r
 *fill*         0x000000000000f554        0x4 
 .text          0x000000000000f558      0x190 c:/xilinx/sdk/2018.3/gnu/aarch64/nt/aarch64-none/bin/../aarch64-none-elf/libc/usr/lib\libc.a(lib_a-wcrtomb.o)
                0x000000000000f558                _wcrtomb_r
                0x000000000000f620                wcrtomb
 .text          0x000000000000f6e8       0x8c c:/xilinx/sdk/2018.3/gnu/aarch64/nt/aarch64-none/bin/../aarch64-none-elf/libc/usr/lib\libc.a(lib_a-wctomb_r.o)
                0x000000000000f6e8                __ascii_wctomb
                0x000000000000f718                _wctomb_r
 *fill*         0x000000000000f774        0x4 
 .text          0x000000000000f778        0x4 ../../standalone_bsp_0/psu_cortexa53_0/lib\libxil.a(_exit.o)
                0x000000000000f778                _exit
 *fill*         0x000000000000f77c        0x4 
 .text          0x000000000000f780       0x4c ../../standalone_bsp_0/psu_cortexa53_0/lib\libxil.a(_sbrk.o)
                0x000000000000f780                _sbrk
 *fill*         0x000000000000f7cc        0x4 
 .text          0x000000000000f7d0        0x8 ../../standalone_bsp_0/psu_cortexa53_0/lib\libxil.a(close.o)
                0x000000000000f7d0                _close
 .text          0x000000000000f7d8       0x10 ../../standalone_bsp_0/psu_cortexa53_0/lib\libxil.a(fstat.o)
                0x000000000000f7d8                _fstat
 .text          0x000000000000f7e8       0x10 ../../standalone_bsp_0/psu_cortexa53_0/lib\libxil.a(isatty.o)
                0x000000000000f7e8                isatty
                0x000000000000f7f0                _isatty
 .text          0x000000000000f7f8       0x40 ../../standalone_bsp_0/psu_cortexa53_0/lib\libxil.a(lseek.o)
                0x000000000000f7f8                lseek
                0x000000000000f818                _lseek
 .text          0x000000000000f838       0x74 ../../standalone_bsp_0/psu_cortexa53_0/lib\libxil.a(read.o)
                0x000000000000f838                read
                0x000000000000f8a8                _read
 *fill*         0x000000000000f8ac        0x4 
 .text          0x000000000000f8b0       0x94 ../../standalone_bsp_0/psu_cortexa53_0/lib\libxil.a(write.o)
                0x000000000000f8b0                write
                0x000000000000f940                _write
 *fill*         0x000000000000f944        0x4 
 .text          0x000000000000f948        0xc ../../standalone_bsp_0/psu_cortexa53_0/lib\libxil.a(errno.o)
                0x000000000000f948                __errno
 *fill*         0x000000000000f954        0x4 
 .text          0x000000000000f958        0x8 ../../standalone_bsp_0/psu_cortexa53_0/lib\libxil.a(inbyte.o)
                0x000000000000f958                inbyte
 .text          0x000000000000f960        0xc ../../standalone_bsp_0/psu_cortexa53_0/lib\libxil.a(outbyte.o)
                0x000000000000f960                outbyte
 *fill*         0x000000000000f96c        0x4 
 .text          0x000000000000f970       0xb0 ../../standalone_bsp_0/psu_cortexa53_0/lib\libxil.a(xuartps_hw.o)
                0x000000000000f970                XUartPs_SendByte
                0x000000000000f990                XUartPs_RecvByte
                0x000000000000f9b0                XUartPs_ResetHw
 .text          0x000000000000fa20      0x33c c:/xilinx/sdk/2018.3/gnu/aarch64/nt/aarch64-none/bin/../lib/gcc/aarch64-none-elf/7.3.1\libgcc.a(trunctfdf2.o)
                0x000000000000fa20                __trunctfdf2
 *fill*         0x000000000000fd5c        0x4 
 .text          0x000000000000fd60       0x70 c:/xilinx/sdk/2018.3/gnu/aarch64/nt/aarch64-none/bin/../lib/gcc/aarch64-none-elf/7.3.1\libgcc.a(sfp-exceptions.o)
                0x000000000000fd60                __sfp_handle_exceptions
 .text          0x000000000000fdd0        0x0 c:/xilinx/sdk/2018.3/gnu/aarch64/nt/aarch64-none/bin/../lib/gcc/aarch64-none-elf/7.3.1/crtend.o
 .text          0x000000000000fdd0        0x0 c:/xilinx/sdk/2018.3/gnu/aarch64/nt/aarch64-none/bin/../lib/gcc/aarch64-none-elf/7.3.1/crtn.o
 *(.text.*)
 *(.gnu.linkonce.t.*)
 *(.plt)
 *(.gnu_warning)
 *(.gcc_execpt_table)
 *(.glue_7)
 *(.glue_7t)
 *(.ARM.extab)
 *(.gnu.linkonce.armextab.*)

.iplt           0x000000000000fdd0        0x0
 .iplt          0x000000000000fdd0        0x0 c:/xilinx/sdk/2018.3/gnu/aarch64/nt/aarch64-none/bin/../lib/gcc/aarch64-none-elf/7.3.1/crtbegin.o

.init           0x000000000000fe00       0x34
 *(.init)
 .init          0x000000000000fe00       0x18 c:/xilinx/sdk/2018.3/gnu/aarch64/nt/aarch64-none/bin/../lib/gcc/aarch64-none-elf/7.3.1/crti.o
                0x000000000000fe00                _init
 .init          0x000000000000fe18       0x1c c:/xilinx/sdk/2018.3/gnu/aarch64/nt/aarch64-none/bin/../lib/gcc/aarch64-none-elf/7.3.1/crtn.o

.fini           0x000000000000fe40       0x34
 *(.fini)
 .fini          0x000000000000fe40       0x18 c:/xilinx/sdk/2018.3/gnu/aarch64/nt/aarch64-none/bin/../lib/gcc/aarch64-none-elf/7.3.1/crti.o
                0x000000000000fe40                _fini
 .fini          0x000000000000fe58       0x1c c:/xilinx/sdk/2018.3/gnu/aarch64/nt/aarch64-none/bin/../lib/gcc/aarch64-none-elf/7.3.1/crtn.o

.interp
 *(.interp)

.note.gnu.build-id
                0x000000000000fe74       0x24
 .note.gnu.build-id
                0x000000000000fe74       0x24 c:/xilinx/sdk/2018.3/gnu/aarch64/nt/aarch64-none/bin/../lib/gcc/aarch64-none-elf/7.3.1/crti.o

.note-ABI-tag
 *(.note-ABI-tag)

.rodata         0x000000000000fe98      0x768
                0x000000000000fec0                . = ALIGN (0x40)
 *fill*         0x000000000000fe98       0x28 
                0x000000000000fec0                __rodata_start = .
 *(.rodata)
 .rodata        0x000000000000fec0      0x248 ./src/main.o
                0x000000000000fec0                sawtooth_wave_mV
                0x000000000000ff18                square_wave_mV
                0x000000000000ff20                sine_wave_mV
 .rodata        0x0000000000010108        0x8 c:/xilinx/sdk/2018.3/gnu/aarch64/nt/aarch64-none/bin/../aarch64-none-elf/libc/usr/lib\libc.a(lib_a-impure.o)
                0x0000000000010108                _global_impure_ptr
 .rodata        0x0000000000010110       0xd8 c:/xilinx/sdk/2018.3/gnu/aarch64/nt/aarch64-none/bin/../aarch64-none-elf/libc/usr/lib\libc.a(lib_a-vfprintf.o)
 .rodata        0x00000000000101e8      0x101 c:/xilinx/sdk/2018.3/gnu/aarch64/nt/aarch64-none/bin/../aarch64-none-elf/libc/usr/lib\libc.a(lib_a-ctype_.o)
                0x00000000000101e8                _ctype_
 *fill*         0x00000000000102e9        0x7 
 .rodata        0x00000000000102f0      0x128 c:/xilinx/sdk/2018.3/gnu/aarch64/nt/aarch64-none/bin/../aarch64-none-elf/libc/usr/lib\libc.a(lib_a-mprec.o)
                0x0000000000010300                __mprec_tens
                0x00000000000103c8                __mprec_tinytens
                0x00000000000103f0                __mprec_bigtens
 .rodata        0x0000000000010418       0xd8 c:/xilinx/sdk/2018.3/gnu/aarch64/nt/aarch64-none/bin/../aarch64-none-elf/libc/usr/lib\libc.a(lib_a-vfiprintf.o)
 *(.rodata.*)
 .rodata.cst8   0x00000000000104f0       0x20 c:/xilinx/sdk/2018.3/gnu/aarch64/nt/aarch64-none/bin/../lib/gcc/aarch64-none-elf/7.3.1/crtbegin.o
 .rodata.cst8   0x0000000000010510       0x10 c:/xilinx/sdk/2018.3/gnu/aarch64/nt/aarch64-none/bin/../aarch64-none-elf/libc/usr/lib\libc.a(lib_a-fini.o)
 .rodata.str1.8
                0x0000000000010520        0x2 c:/xilinx/sdk/2018.3/gnu/aarch64/nt/aarch64-none/bin/../aarch64-none-elf/libc/usr/lib\libc.a(lib_a-impure.o)
 *fill*         0x0000000000010522        0x6 
 .rodata.cst8   0x0000000000010528       0x20 c:/xilinx/sdk/2018.3/gnu/aarch64/nt/aarch64-none/bin/../aarch64-none-elf/libc/usr/lib\libc.a(lib_a-init.o)
 .rodata.str1.8
                0x0000000000010548        0x2 c:/xilinx/sdk/2018.3/gnu/aarch64/nt/aarch64-none/bin/../aarch64-none-elf/libc/usr/lib\libc.a(lib_a-puts.o)
 *fill*         0x000000000001054a        0x6 
 .rodata.str1.8
                0x0000000000010550       0x5a c:/xilinx/sdk/2018.3/gnu/aarch64/nt/aarch64-none/bin/../aarch64-none-elf/libc/usr/lib\libc.a(lib_a-vfprintf.o)
 *fill*         0x00000000000105aa        0x6 
 .rodata.cst8   0x00000000000105b0        0x8 c:/xilinx/sdk/2018.3/gnu/aarch64/nt/aarch64-none/bin/../aarch64-none-elf/libc/usr/lib\libc.a(lib_a-__atexit.o)
 .rodata.cst8   0x00000000000105b8        0x8 c:/xilinx/sdk/2018.3/gnu/aarch64/nt/aarch64-none/bin/../aarch64-none-elf/libc/usr/lib\libc.a(lib_a-__call_atexit.o)
 .rodata.cst8   0x00000000000105c0       0x18 c:/xilinx/sdk/2018.3/gnu/aarch64/nt/aarch64-none/bin/../aarch64-none-elf/libc/usr/lib\libc.a(lib_a-dtoa.o)
 .rodata.str1.8
                0x00000000000105d8       0x14 c:/xilinx/sdk/2018.3/gnu/aarch64/nt/aarch64-none/bin/../aarch64-none-elf/libc/usr/lib\libc.a(lib_a-dtoa.o)
                                         0x1a (size before relaxing)
 *fill*         0x00000000000105ec        0x4 
 .rodata.str1.8
                0x00000000000105f0       0x10 c:/xilinx/sdk/2018.3/gnu/aarch64/nt/aarch64-none/bin/../aarch64-none-elf/libc/usr/lib\libc.a(lib_a-locale.o)
                                         0x1a (size before relaxing)
 .rodata.str1.8
                0x0000000000010600       0x37 c:/xilinx/sdk/2018.3/gnu/aarch64/nt/aarch64-none/bin/../aarch64-none-elf/libc/usr/lib\libc.a(lib_a-vfiprintf.o)
 *(.gnu.linkonce.r.*)
                0x0000000000010637                __rodata_end = .

.rodata1        0x0000000000010600        0x0
                0x0000000000010600                . = ALIGN (0x40)
                0x0000000000010600                __rodata1_start = .
 *(.rodata1)
 *(.rodata1.*)
                0x0000000000010600                __rodata1_end = .

.sdata2         0x0000000000010600        0x0
                0x0000000000010600                . = ALIGN (0x40)
                0x0000000000010600                __sdata2_start = .
 *(.sdata2)
 *(.sdata2.*)
 *(.gnu.linkonce.s2.*)
                0x0000000000010600                __sdata2_end = .

.sbss2          0x0000000000010600        0x0
                0x0000000000010600                . = ALIGN (0x40)
                0x0000000000010600                __sbss2_start = .
 *(.sbss2)
 *(.sbss2.*)
 *(.gnu.linkonce.sb2.*)
                0x0000000000010600                __sbss2_end = .

.data           0x0000000000010600     0x11b8
                0x0000000000010600                . = ALIGN (0x40)
                0x0000000000010600                __data_start = .
 *(.data)
 .data          0x0000000000010600        0x0 c:/xilinx/sdk/2018.3/gnu/aarch64/nt/aarch64-none/bin/../lib/gcc/aarch64-none-elf/7.3.1/crti.o
 .data          0x0000000000010600        0x8 c:/xilinx/sdk/2018.3/gnu/aarch64/nt/aarch64-none/bin/../lib/gcc/aarch64-none-elf/7.3.1/crtbegin.o
                0x0000000000010600                __dso_handle
 .data          0x0000000000010608      0x128 c:/xilinx/sdk/2018.3/gnu/aarch64/nt/aarch64-none/bin/../aarch64-none-elf/libc/usr/lib/crt0.o
                0x0000000000010618                __stack_base__
 .data          0x0000000000010730        0x0 ./src/AXI_mem_access.o
 .data          0x0000000000010730        0x0 ./src/main.o
 .data          0x0000000000010730        0x0 ./src/platform.o
 .data          0x0000000000010730        0x0 ./noh-firmware/AXI_simple_gpio_core/drivers/AXI_Simple_GPIO_Core.o
 .data          0x0000000000010730        0x0 ./noh-firmware/AXI_simple_gpio_core/drivers/AXI_mem_access.o
 .data          0x0000000000010730        0x0 ./noh-firmware/AXI_UART_core/drivers/AXI_UART_master_core.o
 .data          0x0000000000010730        0x0 ./noh-firmware/AXI_I2C_core/drivers/AXI_i2c.o
 .data          0x0000000000010730        0x0 ./noh-firmware/AXI_DAC_core/drivers/AXI_DAC_core_driver.o
 .data          0x0000000000010730        0x0 ./noh-firmware/AXI_CAN_core/drivers/AXI_CAN_core.o
 .data          0x0000000000010730        0x0 ./noh-firmware/AXI_ADC_core/drivers/AXI_ADC_core_driver.o
 .data          0x0000000000010730        0x0 ../../standalone_bsp_0/psu_cortexa53_0/lib\libxil.a(asm_vectors.o)
 .data          0x0000000000010730        0x0 ../../standalone_bsp_0/psu_cortexa53_0/lib\libxil.a(boot.o)
 .data          0x0000000000010730        0x0 ../../standalone_bsp_0/psu_cortexa53_0/lib\libxil.a(initialise_monitor_handles.o)
 .data          0x0000000000010730        0x0 ../../standalone_bsp_0/psu_cortexa53_0/lib\libxil.a(translation_table.o)
 .data          0x0000000000010730        0x0 ../../standalone_bsp_0/psu_cortexa53_0/lib\libxil.a(vectors.o)
 .data          0x0000000000010730        0x0 ../../standalone_bsp_0/psu_cortexa53_0/lib\libxil.a(xil-crt0.o)
 .data          0x0000000000010730        0x0 ../../standalone_bsp_0/psu_cortexa53_0/lib\libxil.a(xil_cache.o)
 .data          0x0000000000010730       0x60 ../../standalone_bsp_0/psu_cortexa53_0/lib\libxil.a(xil_exception.o)
                0x0000000000010730                XExc_VectorTable
 .data          0x0000000000010790        0x0 ../../standalone_bsp_0/psu_cortexa53_0/lib\libxil.a(xil_sleepcommon.o)
 .data          0x0000000000010790        0x0 ../../standalone_bsp_0/psu_cortexa53_0/lib\libxil.a(sleep.o)
 .data          0x0000000000010790        0x0 ../../standalone_bsp_0/psu_cortexa53_0/lib\libxil.a(xtime_l.o)
 .data          0x0000000000010790        0x0 c:/xilinx/sdk/2018.3/gnu/aarch64/nt/aarch64-none/bin/../aarch64-none-elf/libc/usr/lib\libc.a(lib_a-atexit.o)
 .data          0x0000000000010790        0x0 c:/xilinx/sdk/2018.3/gnu/aarch64/nt/aarch64-none/bin/../aarch64-none-elf/libc/usr/lib\libc.a(lib_a-exit.o)
 .data          0x0000000000010790        0x0 c:/xilinx/sdk/2018.3/gnu/aarch64/nt/aarch64-none/bin/../aarch64-none-elf/libc/usr/lib\libc.a(lib_a-fini.o)
 .data          0x0000000000010790      0x750 c:/xilinx/sdk/2018.3/gnu/aarch64/nt/aarch64-none/bin/../aarch64-none-elf/libc/usr/lib\libc.a(lib_a-impure.o)
                0x0000000000010790                _impure_ptr
 .data          0x0000000000010ee0        0x0 c:/xilinx/sdk/2018.3/gnu/aarch64/nt/aarch64-none/bin/../aarch64-none-elf/libc/usr/lib\libc.a(lib_a-init.o)
 .data          0x0000000000010ee0        0x0 c:/xilinx/sdk/2018.3/gnu/aarch64/nt/aarch64-none/bin/../aarch64-none-elf/libc/usr/lib\libc.a(lib_a-malloc.o)
 .data          0x0000000000010ee0      0x820 c:/xilinx/sdk/2018.3/gnu/aarch64/nt/aarch64-none/bin/../aarch64-none-elf/libc/usr/lib\libc.a(lib_a-mallocr.o)
                0x0000000000010ee0                __malloc_av_
                0x00000000000116f0                __malloc_sbrk_base
                0x00000000000116f8                __malloc_trim_threshold
 .data          0x0000000000011700        0x0 c:/xilinx/sdk/2018.3/gnu/aarch64/nt/aarch64-none/bin/../aarch64-none-elf/libc/usr/lib\libc.a(lib_a-memcpy.o)
 .data          0x0000000000011700        0x0 c:/xilinx/sdk/2018.3/gnu/aarch64/nt/aarch64-none/bin/../aarch64-none-elf/libc/usr/lib\libc.a(lib_a-memset.o)
 .data          0x0000000000011700        0x0 c:/xilinx/sdk/2018.3/gnu/aarch64/nt/aarch64-none/bin/../aarch64-none-elf/libc/usr/lib\libc.a(lib_a-mlock.o)
 .data          0x0000000000011700        0x0 c:/xilinx/sdk/2018.3/gnu/aarch64/nt/aarch64-none/bin/../aarch64-none-elf/libc/usr/lib\libc.a(lib_a-printf.o)
 .data          0x0000000000011700        0x0 c:/xilinx/sdk/2018.3/gnu/aarch64/nt/aarch64-none/bin/../aarch64-none-elf/libc/usr/lib\libc.a(lib_a-putchar.o)
 .data          0x0000000000011700        0x0 c:/xilinx/sdk/2018.3/gnu/aarch64/nt/aarch64-none/bin/../aarch64-none-elf/libc/usr/lib\libc.a(lib_a-putc.o)
 .data          0x0000000000011700        0x0 c:/xilinx/sdk/2018.3/gnu/aarch64/nt/aarch64-none/bin/../aarch64-none-elf/libc/usr/lib\libc.a(lib_a-puts.o)
 .data          0x0000000000011700        0x0 c:/xilinx/sdk/2018.3/gnu/aarch64/nt/aarch64-none/bin/../aarch64-none-elf/libc/usr/lib\libc.a(lib_a-rget.o)
 .data          0x0000000000011700        0x0 c:/xilinx/sdk/2018.3/gnu/aarch64/nt/aarch64-none/bin/../aarch64-none-elf/libc/usr/lib\libc.a(lib_a-sbrkr.o)
 .data          0x0000000000011700        0x0 c:/xilinx/sdk/2018.3/gnu/aarch64/nt/aarch64-none/bin/../aarch64-none-elf/libc/usr/lib\libc.a(lib_a-strchr.o)
 .data          0x0000000000011700        0x0 c:/xilinx/sdk/2018.3/gnu/aarch64/nt/aarch64-none/bin/../aarch64-none-elf/libc/usr/lib\libc.a(lib_a-strlen.o)
 .data          0x0000000000011700        0x0 c:/xilinx/sdk/2018.3/gnu/aarch64/nt/aarch64-none/bin/../aarch64-none-elf/libc/usr/lib\libc.a(lib_a-strtol.o)
 .data          0x0000000000011700        0x0 c:/xilinx/sdk/2018.3/gnu/aarch64/nt/aarch64-none/bin/../aarch64-none-elf/libc/usr/lib\libc.a(lib_a-vfprintf.o)
 .data          0x0000000000011700        0x0 c:/xilinx/sdk/2018.3/gnu/aarch64/nt/aarch64-none/bin/../aarch64-none-elf/libc/usr/lib\libc.a(lib_a-wbuf.o)
 .data          0x0000000000011700        0x0 c:/xilinx/sdk/2018.3/gnu/aarch64/nt/aarch64-none/bin/../aarch64-none-elf/libc/usr/lib\libc.a(lib_a-wsetup.o)
 .data          0x0000000000011700        0x0 c:/xilinx/sdk/2018.3/gnu/aarch64/nt/aarch64-none/bin/../aarch64-none-elf/libc/usr/lib\libc.a(lib_a-__atexit.o)
 .data          0x0000000000011700        0x0 c:/xilinx/sdk/2018.3/gnu/aarch64/nt/aarch64-none/bin/../aarch64-none-elf/libc/usr/lib\libc.a(lib_a-__call_atexit.o)
 .data          0x0000000000011700        0x8 c:/xilinx/sdk/2018.3/gnu/aarch64/nt/aarch64-none/bin/../aarch64-none-elf/libc/usr/lib\libc.a(lib_a-ctype_.o)
                0x0000000000011700                __ctype_ptr__
 .data          0x0000000000011708        0x0 c:/xilinx/sdk/2018.3/gnu/aarch64/nt/aarch64-none/bin/../aarch64-none-elf/libc/usr/lib\libc.a(lib_a-dtoa.o)
 .data          0x0000000000011708        0x0 c:/xilinx/sdk/2018.3/gnu/aarch64/nt/aarch64-none/bin/../aarch64-none-elf/libc/usr/lib\libc.a(lib_a-fflush.o)
 .data          0x0000000000011708        0x0 c:/xilinx/sdk/2018.3/gnu/aarch64/nt/aarch64-none/bin/../aarch64-none-elf/libc/usr/lib\libc.a(lib_a-findfp.o)
 .data          0x0000000000011708        0x0 c:/xilinx/sdk/2018.3/gnu/aarch64/nt/aarch64-none/bin/../aarch64-none-elf/libc/usr/lib\libc.a(lib_a-freer.o)
 .data          0x0000000000011708        0x0 c:/xilinx/sdk/2018.3/gnu/aarch64/nt/aarch64-none/bin/../aarch64-none-elf/libc/usr/lib\libc.a(lib_a-fvwrite.o)
 .data          0x0000000000011708        0x0 c:/xilinx/sdk/2018.3/gnu/aarch64/nt/aarch64-none/bin/../aarch64-none-elf/libc/usr/lib\libc.a(lib_a-fwalk.o)
 .data          0x0000000000011708       0xa8 c:/xilinx/sdk/2018.3/gnu/aarch64/nt/aarch64-none/bin/../aarch64-none-elf/libc/usr/lib\libc.a(lib_a-locale.o)
                0x0000000000011728                __mb_cur_max
 .data          0x00000000000117b0        0x0 c:/xilinx/sdk/2018.3/gnu/aarch64/nt/aarch64-none/bin/../aarch64-none-elf/libc/usr/lib\libc.a(lib_a-makebuf.o)
 .data          0x00000000000117b0        0x0 c:/xilinx/sdk/2018.3/gnu/aarch64/nt/aarch64-none/bin/../aarch64-none-elf/libc/usr/lib\libc.a(lib_a-memchr.o)
 .data          0x00000000000117b0        0x0 c:/xilinx/sdk/2018.3/gnu/aarch64/nt/aarch64-none/bin/../aarch64-none-elf/libc/usr/lib\libc.a(lib_a-memmove.o)
 .data          0x00000000000117b0        0x0 c:/xilinx/sdk/2018.3/gnu/aarch64/nt/aarch64-none/bin/../aarch64-none-elf/libc/usr/lib\libc.a(lib_a-mprec.o)
 .data          0x00000000000117b0        0x0 c:/xilinx/sdk/2018.3/gnu/aarch64/nt/aarch64-none/bin/../aarch64-none-elf/libc/usr/lib\libc.a(lib_a-reallocr.o)
 .data          0x00000000000117b0        0x0 c:/xilinx/sdk/2018.3/gnu/aarch64/nt/aarch64-none/bin/../aarch64-none-elf/libc/usr/lib\libc.a(lib_a-reent.o)
 .data          0x00000000000117b0        0x0 c:/xilinx/sdk/2018.3/gnu/aarch64/nt/aarch64-none/bin/../aarch64-none-elf/libc/usr/lib\libc.a(lib_a-refill.o)
 .data          0x00000000000117b0        0x0 c:/xilinx/sdk/2018.3/gnu/aarch64/nt/aarch64-none/bin/../aarch64-none-elf/libc/usr/lib\libc.a(lib_a-s_frexp.o)
 .data          0x00000000000117b0        0x0 c:/xilinx/sdk/2018.3/gnu/aarch64/nt/aarch64-none/bin/../aarch64-none-elf/libc/usr/lib\libc.a(lib_a-stdio.o)
 .data          0x00000000000117b0        0x0 c:/xilinx/sdk/2018.3/gnu/aarch64/nt/aarch64-none/bin/../aarch64-none-elf/libc/usr/lib\libc.a(lib_a-strcmp.o)
 .data          0x00000000000117b0        0x0 c:/xilinx/sdk/2018.3/gnu/aarch64/nt/aarch64-none/bin/../aarch64-none-elf/libc/usr/lib\libc.a(lib_a-strncpy.o)
 .data          0x00000000000117b0        0x0 c:/xilinx/sdk/2018.3/gnu/aarch64/nt/aarch64-none/bin/../aarch64-none-elf/libc/usr/lib\libc.a(lib_a-vfiprintf.o)
 .data          0x00000000000117b0        0x0 c:/xilinx/sdk/2018.3/gnu/aarch64/nt/aarch64-none/bin/../aarch64-none-elf/libc/usr/lib\libc.a(lib_a-writer.o)
 .data          0x00000000000117b0        0x0 c:/xilinx/sdk/2018.3/gnu/aarch64/nt/aarch64-none/bin/../aarch64-none-elf/libc/usr/lib\libc.a(lib_a-callocr.o)
 .data          0x00000000000117b0        0x0 c:/xilinx/sdk/2018.3/gnu/aarch64/nt/aarch64-none/bin/../aarch64-none-elf/libc/usr/lib\libc.a(lib_a-closer.o)
 .data          0x00000000000117b0        0x0 c:/xilinx/sdk/2018.3/gnu/aarch64/nt/aarch64-none/bin/../aarch64-none-elf/libc/usr/lib\libc.a(lib_a-fclose.o)
 .data          0x00000000000117b0        0x0 c:/xilinx/sdk/2018.3/gnu/aarch64/nt/aarch64-none/bin/../aarch64-none-elf/libc/usr/lib\libc.a(lib_a-fputwc.o)
 .data          0x00000000000117b0        0x0 c:/xilinx/sdk/2018.3/gnu/aarch64/nt/aarch64-none/bin/../aarch64-none-elf/libc/usr/lib\libc.a(lib_a-fstatr.o)
 .data          0x00000000000117b0        0x0 c:/xilinx/sdk/2018.3/gnu/aarch64/nt/aarch64-none/bin/../aarch64-none-elf/libc/usr/lib\libc.a(lib_a-isattyr.o)
 .data          0x00000000000117b0        0x0 c:/xilinx/sdk/2018.3/gnu/aarch64/nt/aarch64-none/bin/../aarch64-none-elf/libc/usr/lib\libc.a(lib_a-lseekr.o)
 .data          0x00000000000117b0        0x0 c:/xilinx/sdk/2018.3/gnu/aarch64/nt/aarch64-none/bin/../aarch64-none-elf/libc/usr/lib\libc.a(lib_a-readr.o)
 .data          0x00000000000117b0        0x0 c:/xilinx/sdk/2018.3/gnu/aarch64/nt/aarch64-none/bin/../aarch64-none-elf/libc/usr/lib\libc.a(lib_a-wcrtomb.o)
 .data          0x00000000000117b0        0x8 c:/xilinx/sdk/2018.3/gnu/aarch64/nt/aarch64-none/bin/../aarch64-none-elf/libc/usr/lib\libc.a(lib_a-wctomb_r.o)
                0x00000000000117b0                __wctomb
 .data          0x00000000000117b8        0x0 ../../standalone_bsp_0/psu_cortexa53_0/lib\libxil.a(_exit.o)
 .data          0x00000000000117b8        0x0 ../../standalone_bsp_0/psu_cortexa53_0/lib\libxil.a(_sbrk.o)
 .data          0x00000000000117b8        0x0 ../../standalone_bsp_0/psu_cortexa53_0/lib\libxil.a(close.o)
 .data          0x00000000000117b8        0x0 ../../standalone_bsp_0/psu_cortexa53_0/lib\libxil.a(fstat.o)
 .data          0x00000000000117b8        0x0 ../../standalone_bsp_0/psu_cortexa53_0/lib\libxil.a(isatty.o)
 .data          0x00000000000117b8        0x0 ../../standalone_bsp_0/psu_cortexa53_0/lib\libxil.a(lseek.o)
 .data          0x00000000000117b8        0x0 ../../standalone_bsp_0/psu_cortexa53_0/lib\libxil.a(read.o)
 .data          0x00000000000117b8        0x0 ../../standalone_bsp_0/psu_cortexa53_0/lib\libxil.a(write.o)
 .data          0x00000000000117b8        0x0 ../../standalone_bsp_0/psu_cortexa53_0/lib\libxil.a(errno.o)
 .data          0x00000000000117b8        0x0 ../../standalone_bsp_0/psu_cortexa53_0/lib\libxil.a(inbyte.o)
 .data          0x00000000000117b8        0x0 ../../standalone_bsp_0/psu_cortexa53_0/lib\libxil.a(outbyte.o)
 .data          0x00000000000117b8        0x0 ../../standalone_bsp_0/psu_cortexa53_0/lib\libxil.a(xuartps_hw.o)
 .data          0x00000000000117b8        0x0 c:/xilinx/sdk/2018.3/gnu/aarch64/nt/aarch64-none/bin/../lib/gcc/aarch64-none-elf/7.3.1\libgcc.a(trunctfdf2.o)
 .data          0x00000000000117b8        0x0 c:/xilinx/sdk/2018.3/gnu/aarch64/nt/aarch64-none/bin/../lib/gcc/aarch64-none-elf/7.3.1\libgcc.a(sfp-exceptions.o)
 .data          0x00000000000117b8        0x0 c:/xilinx/sdk/2018.3/gnu/aarch64/nt/aarch64-none/bin/../lib/gcc/aarch64-none-elf/7.3.1/crtend.o
 .data          0x00000000000117b8        0x0 c:/xilinx/sdk/2018.3/gnu/aarch64/nt/aarch64-none/bin/../lib/gcc/aarch64-none-elf/7.3.1/crtn.o
 *(.data.*)
 *(.gnu.linkonce.d.*)
 *(.jcr)
 *(.got)
 *(.got.plt)
                0x00000000000117b8                __data_end = .

.tm_clone_table
                0x00000000000117b8        0x0
 .tm_clone_table
                0x00000000000117b8        0x0 c:/xilinx/sdk/2018.3/gnu/aarch64/nt/aarch64-none/bin/../lib/gcc/aarch64-none-elf/7.3.1/crtbegin.o
 .tm_clone_table
                0x00000000000117b8        0x0 c:/xilinx/sdk/2018.3/gnu/aarch64/nt/aarch64-none/bin/../lib/gcc/aarch64-none-elf/7.3.1/crtend.o

.igot.plt       0x00000000000117b8        0x0
 .igot.plt      0x00000000000117b8        0x0 c:/xilinx/sdk/2018.3/gnu/aarch64/nt/aarch64-none/bin/../lib/gcc/aarch64-none-elf/7.3.1/crtbegin.o

.data1          0x00000000000117b8        0x8
                0x00000000000117c0                . = ALIGN (0x40)
 *fill*         0x00000000000117b8        0x8 
                0x00000000000117c0                __data1_start = .
 *(.data1)
 *(.data1.*)
                0x00000000000117c0                __data1_end = .

.got
 *(.got)

.got1
 *(.got1)

.got2           0x00000000000117c0        0x0
 *(.got2)
 .got2          0x00000000000117c0        0x0 ../../standalone_bsp_0/psu_cortexa53_0/lib\libxil.a(xil-crt0.o)

.ctors          0x00000000000117c0        0x0
                0x00000000000117c0                . = ALIGN (0x40)
                0x00000000000117c0                __CTOR_LIST__ = .
                0x00000000000117c0                ___CTORS_LIST___ = .
 *crtbegin.o(.ctors)
 *(EXCLUDE_FILE(*crtend.o) .ctors)
 *(SORT(.ctors.*))
 *(.ctors)
                0x00000000000117c0                __CTOR_END__ = .
                0x00000000000117c0                ___CTORS_END___ = .

.dtors          0x00000000000117c0        0x0
                0x00000000000117c0                . = ALIGN (0x40)
                0x00000000000117c0                __DTOR_LIST__ = .
                0x00000000000117c0                ___DTORS_LIST___ = .
 *crtbegin.o(.dtors)
 *(EXCLUDE_FILE(*crtend.o) .dtors)
 *(SORT(.dtors.*))
 *(.dtors)
                0x00000000000117c0                __DTOR_END__ = .
                0x00000000000117c0                ___DTORS_END___ = .

.fixup          0x00000000000117c0        0x0
                0x00000000000117c0                __fixup_start = .
 *(.fixup)
                0x00000000000117c0                __fixup_end = .

.eh_frame       0x00000000000117c0        0x4
 *(.eh_frame)
 .eh_frame      0x00000000000117c0        0x0 c:/xilinx/sdk/2018.3/gnu/aarch64/nt/aarch64-none/bin/../lib/gcc/aarch64-none-elf/7.3.1/crtbegin.o
 .eh_frame      0x00000000000117c0        0x4 c:/xilinx/sdk/2018.3/gnu/aarch64/nt/aarch64-none/bin/../lib/gcc/aarch64-none-elf/7.3.1/crtend.o

.eh_framehdr    0x00000000000117c4        0x0
                0x00000000000117c4                __eh_framehdr_start = .
 *(.eh_framehdr)
                0x00000000000117c4                __eh_framehdr_end = .

.gcc_except_table
 *(.gcc_except_table)

.mmu_tbl0       0x0000000000012000       0x10
                0x0000000000012000                __mmu_tbl0_start = .
 *(.mmu_tbl0)
 .mmu_tbl0      0x0000000000012000       0x10 ../../standalone_bsp_0/psu_cortexa53_0/lib\libxil.a(translation_table.o)
                0x0000000000012000                MMUTableL0
                0x0000000000012010                __mmu_tbl0_end = .

.mmu_tbl1       0x0000000000013000     0x2000
                0x0000000000013000                __mmu_tbl1_start = .
 *(.mmu_tbl1)
 .mmu_tbl1      0x0000000000013000     0x2000 ../../standalone_bsp_0/psu_cortexa53_0/lib\libxil.a(translation_table.o)
                0x0000000000013000                MMUTableL1
                0x0000000000015000                __mmu_tbl1_end = .

.mmu_tbl2       0x0000000000015000     0x4000
                0x0000000000015000                __mmu_tbl2_start = .
 *(.mmu_tbl2)
 .mmu_tbl2      0x0000000000015000     0x4000 ../../standalone_bsp_0/psu_cortexa53_0/lib\libxil.a(translation_table.o)
                0x0000000000015000                MMUTableL2
                0x0000000000019000                __mmu_tbl2_end = .

.rela.dyn       0x0000000000019000        0x0
 .rela.iplt     0x0000000000019000        0x0 c:/xilinx/sdk/2018.3/gnu/aarch64/nt/aarch64-none/bin/../lib/gcc/aarch64-none-elf/7.3.1/crtbegin.o
 .rela.text     0x0000000000019000        0x0 c:/xilinx/sdk/2018.3/gnu/aarch64/nt/aarch64-none/bin/../lib/gcc/aarch64-none-elf/7.3.1/crtbegin.o
 .rela.rodata.cst8
                0x0000000000019000        0x0 c:/xilinx/sdk/2018.3/gnu/aarch64/nt/aarch64-none/bin/../lib/gcc/aarch64-none-elf/7.3.1/crtbegin.o
 .rela.boot     0x0000000000019000        0x0 c:/xilinx/sdk/2018.3/gnu/aarch64/nt/aarch64-none/bin/../lib/gcc/aarch64-none-elf/7.3.1/crtbegin.o

.ARM.exidx      0x0000000000019000        0x0
                0x0000000000019000                __exidx_start = .
 *(.ARM.exidx*)
 *(.gnu.linkonce.armexidix.*.*)
                0x0000000000019000                __exidx_end = .

.preinit_array  0x0000000000019000        0x0
                0x0000000000019000                . = ALIGN (0x40)
                0x0000000000019000                __preinit_array_start = .
 *(SORT(.preinit_array.*))
 *(.preinit_array)
                0x0000000000019000                __preinit_array_end = .

.init_array     0x0000000000019000        0x8
                0x0000000000019000                . = ALIGN (0x40)
                0x0000000000019000                __init_array_start = .
 *(SORT(.init_array.*))
 *(.init_array)
 .init_array    0x0000000000019000        0x8 c:/xilinx/sdk/2018.3/gnu/aarch64/nt/aarch64-none/bin/../lib/gcc/aarch64-none-elf/7.3.1/crtbegin.o
                0x0000000000019008                __init_array_end = .

.fini_array     0x0000000000019008       0x40
                0x0000000000019040                . = ALIGN (0x40)
 *fill*         0x0000000000019008       0x38 
                0x0000000000019040                __fini_array_start = .
 *(SORT(.fini_array.*))
 *(.fini_array)
 .fini_array    0x0000000000019040        0x8 c:/xilinx/sdk/2018.3/gnu/aarch64/nt/aarch64-none/bin/../lib/gcc/aarch64-none-elf/7.3.1/crtbegin.o
                0x0000000000019048                __fini_array_end = .

.ARM.attributes
                0x0000000000019048        0x0
                0x0000000000019048                __ARM.attributes_start = .
 *(.ARM.attributes)
                0x0000000000019048                __ARM.attributes_end = .

.sdata          0x0000000000019048       0x38
                0x0000000000019080                . = ALIGN (0x40)
 *fill*         0x0000000000019048       0x38 
                0x0000000000019080                __sdata_start = .
 *(.sdata)
 *(.sdata.*)
 *(.gnu.linkonce.s.*)
                0x0000000000019080                __sdata_end = .

.sbss           0x0000000000019080        0x0
                0x0000000000019080                . = ALIGN (0x40)
                0x0000000000019080                __sbss_start = .
 *(.sbss)
 *(.sbss.*)
 *(.gnu.linkonce.sb.*)
                0x0000000000019080                . = ALIGN (0x40)
                0x0000000000019080                __sbss_end = .

.tdata          0x0000000000019080        0x0
                0x0000000000019080                . = ALIGN (0x40)
                0x0000000000019080                __tdata_start = .
 *(.tdata)
 *(.tdata.*)
 *(.gnu.linkonce.td.*)
                0x0000000000019080                __tdata_end = .

.tbss           0x0000000000019080        0x0
                0x0000000000019080                . = ALIGN (0x40)
                0x0000000000019080                __tbss_start = .
 *(.tbss)
 *(.tbss.*)
 *(.gnu.linkonce.tb.*)
                0x0000000000019080                __tbss_end = .

.bss            0x0000000000019080       0xc0
                0x0000000000019080                . = ALIGN (0x40)
                0x0000000000019080                __bss_start__ = .
 *(.bss)
 .bss           0x0000000000019080        0x0 c:/xilinx/sdk/2018.3/gnu/aarch64/nt/aarch64-none/bin/../lib/gcc/aarch64-none-elf/7.3.1/crti.o
 .bss           0x0000000000019080       0x38 c:/xilinx/sdk/2018.3/gnu/aarch64/nt/aarch64-none/bin/../lib/gcc/aarch64-none-elf/7.3.1/crtbegin.o
 .bss           0x00000000000190b8        0x0 c:/xilinx/sdk/2018.3/gnu/aarch64/nt/aarch64-none/bin/../aarch64-none-elf/libc/usr/lib/crt0.o
 .bss           0x00000000000190b8        0x0 ./src/AXI_mem_access.o
 .bss           0x00000000000190b8        0x0 ./src/main.o
 .bss           0x00000000000190b8        0x0 ./src/platform.o
 .bss           0x00000000000190b8        0x0 ./noh-firmware/AXI_simple_gpio_core/drivers/AXI_Simple_GPIO_Core.o
 .bss           0x00000000000190b8        0x0 ./noh-firmware/AXI_simple_gpio_core/drivers/AXI_mem_access.o
 .bss           0x00000000000190b8        0x0 ./noh-firmware/AXI_UART_core/drivers/AXI_UART_master_core.o
 .bss           0x00000000000190b8        0x0 ./noh-firmware/AXI_I2C_core/drivers/AXI_i2c.o
 .bss           0x00000000000190b8        0x0 ./noh-firmware/AXI_DAC_core/drivers/AXI_DAC_core_driver.o
 .bss           0x00000000000190b8        0x0 ./noh-firmware/AXI_CAN_core/drivers/AXI_CAN_core.o
 .bss           0x00000000000190b8        0x0 ./noh-firmware/AXI_ADC_core/drivers/AXI_ADC_core_driver.o
 .bss           0x00000000000190b8        0x0 ../../standalone_bsp_0/psu_cortexa53_0/lib\libxil.a(asm_vectors.o)
 .bss           0x00000000000190b8        0x0 ../../standalone_bsp_0/psu_cortexa53_0/lib\libxil.a(boot.o)
 .bss           0x00000000000190b8        0x0 ../../standalone_bsp_0/psu_cortexa53_0/lib\libxil.a(initialise_monitor_handles.o)
 .bss           0x00000000000190b8        0x0 ../../standalone_bsp_0/psu_cortexa53_0/lib\libxil.a(translation_table.o)
 .bss           0x00000000000190b8        0x0 ../../standalone_bsp_0/psu_cortexa53_0/lib\libxil.a(vectors.o)
 .bss           0x00000000000190b8        0x0 ../../standalone_bsp_0/psu_cortexa53_0/lib\libxil.a(xil-crt0.o)
 .bss           0x00000000000190b8        0x0 ../../standalone_bsp_0/psu_cortexa53_0/lib\libxil.a(xil_cache.o)
 .bss           0x00000000000190b8        0x0 ../../standalone_bsp_0/psu_cortexa53_0/lib\libxil.a(xil_exception.o)
 .bss           0x00000000000190b8        0x0 ../../standalone_bsp_0/psu_cortexa53_0/lib\libxil.a(xil_sleepcommon.o)
 .bss           0x00000000000190b8        0x0 ../../standalone_bsp_0/psu_cortexa53_0/lib\libxil.a(sleep.o)
 .bss           0x00000000000190b8        0x0 ../../standalone_bsp_0/psu_cortexa53_0/lib\libxil.a(xtime_l.o)
 .bss           0x00000000000190b8        0x0 c:/xilinx/sdk/2018.3/gnu/aarch64/nt/aarch64-none/bin/../aarch64-none-elf/libc/usr/lib\libc.a(lib_a-atexit.o)
 .bss           0x00000000000190b8        0x0 c:/xilinx/sdk/2018.3/gnu/aarch64/nt/aarch64-none/bin/../aarch64-none-elf/libc/usr/lib\libc.a(lib_a-exit.o)
 .bss           0x00000000000190b8        0x0 c:/xilinx/sdk/2018.3/gnu/aarch64/nt/aarch64-none/bin/../aarch64-none-elf/libc/usr/lib\libc.a(lib_a-fini.o)
 .bss           0x00000000000190b8        0x0 c:/xilinx/sdk/2018.3/gnu/aarch64/nt/aarch64-none/bin/../aarch64-none-elf/libc/usr/lib\libc.a(lib_a-impure.o)
 .bss           0x00000000000190b8        0x0 c:/xilinx/sdk/2018.3/gnu/aarch64/nt/aarch64-none/bin/../aarch64-none-elf/libc/usr/lib\libc.a(lib_a-init.o)
 .bss           0x00000000000190b8        0x0 c:/xilinx/sdk/2018.3/gnu/aarch64/nt/aarch64-none/bin/../aarch64-none-elf/libc/usr/lib\libc.a(lib_a-malloc.o)
 .bss           0x00000000000190b8       0x40 c:/xilinx/sdk/2018.3/gnu/aarch64/nt/aarch64-none/bin/../aarch64-none-elf/libc/usr/lib\libc.a(lib_a-mallocr.o)
                0x00000000000190b8                __malloc_top_pad
                0x00000000000190c0                __malloc_current_mallinfo
                0x00000000000190e8                __malloc_max_sbrked_mem
                0x00000000000190f0                __malloc_max_total_mem
 .bss           0x00000000000190f8        0x0 c:/xilinx/sdk/2018.3/gnu/aarch64/nt/aarch64-none/bin/../aarch64-none-elf/libc/usr/lib\libc.a(lib_a-memcpy.o)
 .bss           0x00000000000190f8        0x0 c:/xilinx/sdk/2018.3/gnu/aarch64/nt/aarch64-none/bin/../aarch64-none-elf/libc/usr/lib\libc.a(lib_a-memset.o)
 .bss           0x00000000000190f8        0x0 c:/xilinx/sdk/2018.3/gnu/aarch64/nt/aarch64-none/bin/../aarch64-none-elf/libc/usr/lib\libc.a(lib_a-mlock.o)
 .bss           0x00000000000190f8        0x0 c:/xilinx/sdk/2018.3/gnu/aarch64/nt/aarch64-none/bin/../aarch64-none-elf/libc/usr/lib\libc.a(lib_a-printf.o)
 .bss           0x00000000000190f8        0x0 c:/xilinx/sdk/2018.3/gnu/aarch64/nt/aarch64-none/bin/../aarch64-none-elf/libc/usr/lib\libc.a(lib_a-putchar.o)
 .bss           0x00000000000190f8        0x0 c:/xilinx/sdk/2018.3/gnu/aarch64/nt/aarch64-none/bin/../aarch64-none-elf/libc/usr/lib\libc.a(lib_a-putc.o)
 .bss           0x00000000000190f8        0x0 c:/xilinx/sdk/2018.3/gnu/aarch64/nt/aarch64-none/bin/../aarch64-none-elf/libc/usr/lib\libc.a(lib_a-puts.o)
 .bss           0x00000000000190f8        0x0 c:/xilinx/sdk/2018.3/gnu/aarch64/nt/aarch64-none/bin/../aarch64-none-elf/libc/usr/lib\libc.a(lib_a-rget.o)
 .bss           0x00000000000190f8        0x0 c:/xilinx/sdk/2018.3/gnu/aarch64/nt/aarch64-none/bin/../aarch64-none-elf/libc/usr/lib\libc.a(lib_a-sbrkr.o)
 .bss           0x00000000000190f8        0x0 c:/xilinx/sdk/2018.3/gnu/aarch64/nt/aarch64-none/bin/../aarch64-none-elf/libc/usr/lib\libc.a(lib_a-strchr.o)
 .bss           0x00000000000190f8        0x0 c:/xilinx/sdk/2018.3/gnu/aarch64/nt/aarch64-none/bin/../aarch64-none-elf/libc/usr/lib\libc.a(lib_a-strlen.o)
 .bss           0x00000000000190f8        0x0 c:/xilinx/sdk/2018.3/gnu/aarch64/nt/aarch64-none/bin/../aarch64-none-elf/libc/usr/lib\libc.a(lib_a-strtol.o)
 .bss           0x00000000000190f8        0x0 c:/xilinx/sdk/2018.3/gnu/aarch64/nt/aarch64-none/bin/../aarch64-none-elf/libc/usr/lib\libc.a(lib_a-vfprintf.o)
 .bss           0x00000000000190f8        0x0 c:/xilinx/sdk/2018.3/gnu/aarch64/nt/aarch64-none/bin/../aarch64-none-elf/libc/usr/lib\libc.a(lib_a-wbuf.o)
 .bss           0x00000000000190f8        0x0 c:/xilinx/sdk/2018.3/gnu/aarch64/nt/aarch64-none/bin/../aarch64-none-elf/libc/usr/lib\libc.a(lib_a-wsetup.o)
 .bss           0x00000000000190f8        0x0 c:/xilinx/sdk/2018.3/gnu/aarch64/nt/aarch64-none/bin/../aarch64-none-elf/libc/usr/lib\libc.a(lib_a-__atexit.o)
 .bss           0x00000000000190f8        0x0 c:/xilinx/sdk/2018.3/gnu/aarch64/nt/aarch64-none/bin/../aarch64-none-elf/libc/usr/lib\libc.a(lib_a-__call_atexit.o)
 .bss           0x00000000000190f8        0x0 c:/xilinx/sdk/2018.3/gnu/aarch64/nt/aarch64-none/bin/../aarch64-none-elf/libc/usr/lib\libc.a(lib_a-ctype_.o)
 .bss           0x00000000000190f8        0x0 c:/xilinx/sdk/2018.3/gnu/aarch64/nt/aarch64-none/bin/../aarch64-none-elf/libc/usr/lib\libc.a(lib_a-dtoa.o)
 .bss           0x00000000000190f8        0x0 c:/xilinx/sdk/2018.3/gnu/aarch64/nt/aarch64-none/bin/../aarch64-none-elf/libc/usr/lib\libc.a(lib_a-fflush.o)
 .bss           0x00000000000190f8        0x0 c:/xilinx/sdk/2018.3/gnu/aarch64/nt/aarch64-none/bin/../aarch64-none-elf/libc/usr/lib\libc.a(lib_a-findfp.o)
 .bss           0x00000000000190f8        0x0 c:/xilinx/sdk/2018.3/gnu/aarch64/nt/aarch64-none/bin/../aarch64-none-elf/libc/usr/lib\libc.a(lib_a-freer.o)
 .bss           0x00000000000190f8        0x0 c:/xilinx/sdk/2018.3/gnu/aarch64/nt/aarch64-none/bin/../aarch64-none-elf/libc/usr/lib\libc.a(lib_a-fvwrite.o)
 .bss           0x00000000000190f8        0x0 c:/xilinx/sdk/2018.3/gnu/aarch64/nt/aarch64-none/bin/../aarch64-none-elf/libc/usr/lib\libc.a(lib_a-fwalk.o)
 .bss           0x00000000000190f8       0x10 c:/xilinx/sdk/2018.3/gnu/aarch64/nt/aarch64-none/bin/../aarch64-none-elf/libc/usr/lib\libc.a(lib_a-locale.o)
                0x00000000000190f8                _PathLocale
                0x0000000000019100                __mlocale_changed
                0x0000000000019104                __nlocale_changed
 .bss           0x0000000000019108        0x0 c:/xilinx/sdk/2018.3/gnu/aarch64/nt/aarch64-none/bin/../aarch64-none-elf/libc/usr/lib\libc.a(lib_a-makebuf.o)
 .bss           0x0000000000019108        0x0 c:/xilinx/sdk/2018.3/gnu/aarch64/nt/aarch64-none/bin/../aarch64-none-elf/libc/usr/lib\libc.a(lib_a-memchr.o)
 .bss           0x0000000000019108        0x0 c:/xilinx/sdk/2018.3/gnu/aarch64/nt/aarch64-none/bin/../aarch64-none-elf/libc/usr/lib\libc.a(lib_a-memmove.o)
 .bss           0x0000000000019108        0x0 c:/xilinx/sdk/2018.3/gnu/aarch64/nt/aarch64-none/bin/../aarch64-none-elf/libc/usr/lib\libc.a(lib_a-mprec.o)
 .bss           0x0000000000019108        0x0 c:/xilinx/sdk/2018.3/gnu/aarch64/nt/aarch64-none/bin/../aarch64-none-elf/libc/usr/lib\libc.a(lib_a-reallocr.o)
 .bss           0x0000000000019108        0x0 c:/xilinx/sdk/2018.3/gnu/aarch64/nt/aarch64-none/bin/../aarch64-none-elf/libc/usr/lib\libc.a(lib_a-reent.o)
 .bss           0x0000000000019108        0x0 c:/xilinx/sdk/2018.3/gnu/aarch64/nt/aarch64-none/bin/../aarch64-none-elf/libc/usr/lib\libc.a(lib_a-refill.o)
 .bss           0x0000000000019108        0x0 c:/xilinx/sdk/2018.3/gnu/aarch64/nt/aarch64-none/bin/../aarch64-none-elf/libc/usr/lib\libc.a(lib_a-s_frexp.o)
 .bss           0x0000000000019108        0x0 c:/xilinx/sdk/2018.3/gnu/aarch64/nt/aarch64-none/bin/../aarch64-none-elf/libc/usr/lib\libc.a(lib_a-stdio.o)
 .bss           0x0000000000019108        0x0 c:/xilinx/sdk/2018.3/gnu/aarch64/nt/aarch64-none/bin/../aarch64-none-elf/libc/usr/lib\libc.a(lib_a-strcmp.o)
 .bss           0x0000000000019108        0x0 c:/xilinx/sdk/2018.3/gnu/aarch64/nt/aarch64-none/bin/../aarch64-none-elf/libc/usr/lib\libc.a(lib_a-strncpy.o)
 .bss           0x0000000000019108        0x0 c:/xilinx/sdk/2018.3/gnu/aarch64/nt/aarch64-none/bin/../aarch64-none-elf/libc/usr/lib\libc.a(lib_a-vfiprintf.o)
 .bss           0x0000000000019108        0x0 c:/xilinx/sdk/2018.3/gnu/aarch64/nt/aarch64-none/bin/../aarch64-none-elf/libc/usr/lib\libc.a(lib_a-writer.o)
 .bss           0x0000000000019108        0x0 c:/xilinx/sdk/2018.3/gnu/aarch64/nt/aarch64-none/bin/../aarch64-none-elf/libc/usr/lib\libc.a(lib_a-callocr.o)
 .bss           0x0000000000019108        0x0 c:/xilinx/sdk/2018.3/gnu/aarch64/nt/aarch64-none/bin/../aarch64-none-elf/libc/usr/lib\libc.a(lib_a-closer.o)
 .bss           0x0000000000019108        0x0 c:/xilinx/sdk/2018.3/gnu/aarch64/nt/aarch64-none/bin/../aarch64-none-elf/libc/usr/lib\libc.a(lib_a-fclose.o)
 .bss           0x0000000000019108        0x0 c:/xilinx/sdk/2018.3/gnu/aarch64/nt/aarch64-none/bin/../aarch64-none-elf/libc/usr/lib\libc.a(lib_a-fputwc.o)
 .bss           0x0000000000019108        0x0 c:/xilinx/sdk/2018.3/gnu/aarch64/nt/aarch64-none/bin/../aarch64-none-elf/libc/usr/lib\libc.a(lib_a-fstatr.o)
 .bss           0x0000000000019108        0x0 c:/xilinx/sdk/2018.3/gnu/aarch64/nt/aarch64-none/bin/../aarch64-none-elf/libc/usr/lib\libc.a(lib_a-isattyr.o)
 .bss           0x0000000000019108        0x0 c:/xilinx/sdk/2018.3/gnu/aarch64/nt/aarch64-none/bin/../aarch64-none-elf/libc/usr/lib\libc.a(lib_a-lseekr.o)
 .bss           0x0000000000019108        0x0 c:/xilinx/sdk/2018.3/gnu/aarch64/nt/aarch64-none/bin/../aarch64-none-elf/libc/usr/lib\libc.a(lib_a-readr.o)
 .bss           0x0000000000019108        0x0 c:/xilinx/sdk/2018.3/gnu/aarch64/nt/aarch64-none/bin/../aarch64-none-elf/libc/usr/lib\libc.a(lib_a-wcrtomb.o)
 .bss           0x0000000000019108        0x0 c:/xilinx/sdk/2018.3/gnu/aarch64/nt/aarch64-none/bin/../aarch64-none-elf/libc/usr/lib\libc.a(lib_a-wctomb_r.o)
 .bss           0x0000000000019108        0x0 ../../standalone_bsp_0/psu_cortexa53_0/lib\libxil.a(_exit.o)
 .bss           0x0000000000019108        0x8 ../../standalone_bsp_0/psu_cortexa53_0/lib\libxil.a(_sbrk.o)
 .bss           0x0000000000019110        0x0 ../../standalone_bsp_0/psu_cortexa53_0/lib\libxil.a(close.o)
 .bss           0x0000000000019110        0x0 ../../standalone_bsp_0/psu_cortexa53_0/lib\libxil.a(fstat.o)
 .bss           0x0000000000019110        0x0 ../../standalone_bsp_0/psu_cortexa53_0/lib\libxil.a(isatty.o)
 .bss           0x0000000000019110        0x0 ../../standalone_bsp_0/psu_cortexa53_0/lib\libxil.a(lseek.o)
 .bss           0x0000000000019110        0x0 ../../standalone_bsp_0/psu_cortexa53_0/lib\libxil.a(read.o)
 .bss           0x0000000000019110        0x0 ../../standalone_bsp_0/psu_cortexa53_0/lib\libxil.a(write.o)
 .bss           0x0000000000019110        0x0 ../../standalone_bsp_0/psu_cortexa53_0/lib\libxil.a(errno.o)
 .bss           0x0000000000019110        0x0 ../../standalone_bsp_0/psu_cortexa53_0/lib\libxil.a(inbyte.o)
 .bss           0x0000000000019110        0x0 ../../standalone_bsp_0/psu_cortexa53_0/lib\libxil.a(outbyte.o)
 .bss           0x0000000000019110        0x0 ../../standalone_bsp_0/psu_cortexa53_0/lib\libxil.a(xuartps_hw.o)
 .bss           0x0000000000019110        0x0 c:/xilinx/sdk/2018.3/gnu/aarch64/nt/aarch64-none/bin/../lib/gcc/aarch64-none-elf/7.3.1\libgcc.a(trunctfdf2.o)
 .bss           0x0000000000019110        0x0 c:/xilinx/sdk/2018.3/gnu/aarch64/nt/aarch64-none/bin/../lib/gcc/aarch64-none-elf/7.3.1\libgcc.a(sfp-exceptions.o)
 .bss           0x0000000000019110        0x0 c:/xilinx/sdk/2018.3/gnu/aarch64/nt/aarch64-none/bin/../lib/gcc/aarch64-none-elf/7.3.1/crtend.o
 .bss           0x0000000000019110        0x0 c:/xilinx/sdk/2018.3/gnu/aarch64/nt/aarch64-none/bin/../lib/gcc/aarch64-none-elf/7.3.1/crtn.o
 *(.bss.*)
 *(.gnu.linkonce.b.*)
 *(COMMON)
 COMMON         0x0000000000019110        0x8 ./src/main.o
                0x0000000000019110                ATC_ADC_cal_data
 COMMON         0x0000000000019118        0x8 ./noh-firmware/AXI_simple_gpio_core/drivers/AXI_Simple_GPIO_Core.o
                0x0000000000019118                AxiGPOData
                0x000000000001911c                AxiData
 COMMON         0x0000000000019120        0x4 c:/xilinx/sdk/2018.3/gnu/aarch64/nt/aarch64-none/bin/../aarch64-none-elf/libc/usr/lib\libc.a(lib_a-reent.o)
                0x0000000000019120                errno
                0x0000000000019140                . = ALIGN (0x40)
 *fill*         0x0000000000019124       0x1c 
                0x0000000000019140                __bss_end__ = .
                0x0000000000019080                _SDA_BASE_ = (__sdata_start + ((__sbss_end - __sdata_start) / 0x2))
                0x0000000000010600                _SDA2_BASE_ = (__sdata2_start + ((__sbss2_end - __sdata2_start) / 0x2))

.heap           0x0000000000019140     0x2000
                0x0000000000019140                . = ALIGN (0x40)
                0x0000000000019140                _heap = .
                0x0000000000019140                HeapBase = .
                0x0000000000019140                _heap_start = .
                0x000000000001b140                . = (. + _HEAP_SIZE)
 *fill*         0x0000000000019140     0x2000 
                0x000000000001b140                _heap_end = .
                0x000000000001b140                HeapLimit = .

.stack          0x000000000001b140     0x3000
                0x000000000001b140                . = ALIGN (0x40)
                0x000000000001b140                _el3_stack_end = .
                0x000000000001d140                . = (. + _STACK_SIZE)
 *fill*         0x000000000001b140     0x2000 
                0x000000000001d140                __el3_stack = .
                0x000000000001d140                _el2_stack_end = .
                0x000000000001d540                . = (. + _EL2_STACK_SIZE)
 *fill*         0x000000000001d140      0x400 
                0x000000000001d540                . = ALIGN (0x40)
                0x000000000001d540                __el2_stack = .
                0x000000000001d540                _el1_stack_end = .
                0x000000000001dd40                . = (. + _EL1_STACK_SIZE)
 *fill*         0x000000000001d540      0x800 
                0x000000000001dd40                . = ALIGN (0x40)
                0x000000000001dd40                __el1_stack = .
                0x000000000001dd40                _el0_stack_end = .
                0x000000000001e140                . = (. + _EL0_STACK_SIZE)
 *fill*         0x000000000001dd40      0x400 
                0x000000000001e140                . = ALIGN (0x40)
                0x000000000001e140                __el0_stack = .
                0x000000000001e140                _end = .
LOAD ./src/AXI_mem_access.o
LOAD ./src/main.o
LOAD ./src/platform.o
LOAD ./noh-firmware/AXI_simple_gpio_core/drivers/AXI_Simple_GPIO_Core.o
LOAD ./noh-firmware/AXI_simple_gpio_core/drivers/AXI_mem_access.o
LOAD ./noh-firmware/AXI_UART_core/drivers/AXI_UART_master_core.o
LOAD ./noh-firmware/AXI_I2C_core/drivers/AXI_i2c.o
LOAD ./noh-firmware/AXI_DAC_core/drivers/AXI_DAC_core_driver.o
LOAD ./noh-firmware/AXI_CAN_core/drivers/AXI_CAN_core.o
LOAD ./noh-firmware/AXI_ADC_core/drivers/AXI_ADC_core_driver.o
START GROUP
LOAD ../../standalone_bsp_0/psu_cortexa53_0/lib\libxil.a
LOAD c:/xilinx/sdk/2018.3/gnu/aarch64/nt/aarch64-none/bin/../lib/gcc/aarch64-none-elf/7.3.1\libgcc.a
LOAD c:/xilinx/sdk/2018.3/gnu/aarch64/nt/aarch64-none/bin/../aarch64-none-elf/libc/usr/lib\libc.a
END GROUP
START GROUP
LOAD ../../standalone_bsp_0/psu_cortexa53_0/lib\libxilpm.a
LOAD ../../standalone_bsp_0/psu_cortexa53_0/lib\libxil.a
LOAD c:/xilinx/sdk/2018.3/gnu/aarch64/nt/aarch64-none/bin/../lib/gcc/aarch64-none-elf/7.3.1\libgcc.a
LOAD c:/xilinx/sdk/2018.3/gnu/aarch64/nt/aarch64-none/bin/../aarch64-none-elf/libc/usr/lib\libc.a
END GROUP
LOAD c:/xilinx/sdk/2018.3/gnu/aarch64/nt/aarch64-none/bin/../lib/gcc/aarch64-none-elf/7.3.1\libgcc.a
LOAD c:/xilinx/sdk/2018.3/gnu/aarch64/nt/aarch64-none/bin/../aarch64-none-elf/libc/usr/lib\libc.a
LOAD c:/xilinx/sdk/2018.3/gnu/aarch64/nt/aarch64-none/bin/../lib/gcc/aarch64-none-elf/7.3.1\libgcc.a
LOAD c:/xilinx/sdk/2018.3/gnu/aarch64/nt/aarch64-none/bin/../lib/gcc/aarch64-none-elf/7.3.1/crtend.o
LOAD c:/xilinx/sdk/2018.3/gnu/aarch64/nt/aarch64-none/bin/../lib/gcc/aarch64-none-elf/7.3.1/crtn.o
OUTPUT(test_app.elf elf64-littleaarch64)

.comment        0x0000000000000000       0x31
 .comment       0x0000000000000000       0x31 c:/xilinx/sdk/2018.3/gnu/aarch64/nt/aarch64-none/bin/../lib/gcc/aarch64-none-elf/7.3.1/crtbegin.o
                                         0x32 (size before relaxing)
 .comment       0x0000000000000031       0x32 ./src/AXI_mem_access.o
 .comment       0x0000000000000031       0x32 ./src/main.o
 .comment       0x0000000000000031       0x32 ./src/platform.o
 .comment       0x0000000000000031       0x32 ./noh-firmware/AXI_simple_gpio_core/drivers/AXI_Simple_GPIO_Core.o
 .comment       0x0000000000000031       0x32 ./noh-firmware/AXI_simple_gpio_core/drivers/AXI_mem_access.o
 .comment       0x0000000000000031       0x32 ./noh-firmware/AXI_UART_core/drivers/AXI_UART_master_core.o
 .comment       0x0000000000000031       0x32 ./noh-firmware/AXI_I2C_core/drivers/AXI_i2c.o
 .comment       0x0000000000000031       0x32 ./noh-firmware/AXI_DAC_core/drivers/AXI_DAC_core_driver.o
 .comment       0x0000000000000031       0x32 ./noh-firmware/AXI_CAN_core/drivers/AXI_CAN_core.o
 .comment       0x0000000000000031       0x32 ./noh-firmware/AXI_ADC_core/drivers/AXI_ADC_core_driver.o
 .comment       0x0000000000000031       0x32 ../../standalone_bsp_0/psu_cortexa53_0/lib\libxil.a(initialise_monitor_handles.o)
 .comment       0x0000000000000031       0x32 ../../standalone_bsp_0/psu_cortexa53_0/lib\libxil.a(vectors.o)
 .comment       0x0000000000000031       0x32 ../../standalone_bsp_0/psu_cortexa53_0/lib\libxil.a(xil_cache.o)
 .comment       0x0000000000000031       0x32 ../../standalone_bsp_0/psu_cortexa53_0/lib\libxil.a(xil_exception.o)
 .comment       0x0000000000000031       0x32 ../../standalone_bsp_0/psu_cortexa53_0/lib\libxil.a(xil_sleepcommon.o)
 .comment       0x0000000000000031       0x32 ../../standalone_bsp_0/psu_cortexa53_0/lib\libxil.a(sleep.o)
 .comment       0x0000000000000031       0x32 ../../standalone_bsp_0/psu_cortexa53_0/lib\libxil.a(xtime_l.o)
 .comment       0x0000000000000031       0x32 c:/xilinx/sdk/2018.3/gnu/aarch64/nt/aarch64-none/bin/../aarch64-none-elf/libc/usr/lib\libc.a(lib_a-atexit.o)
 .comment       0x0000000000000031       0x32 c:/xilinx/sdk/2018.3/gnu/aarch64/nt/aarch64-none/bin/../aarch64-none-elf/libc/usr/lib\libc.a(lib_a-exit.o)
 .comment       0x0000000000000031       0x32 c:/xilinx/sdk/2018.3/gnu/aarch64/nt/aarch64-none/bin/../aarch64-none-elf/libc/usr/lib\libc.a(lib_a-fini.o)
 .comment       0x0000000000000031       0x32 c:/xilinx/sdk/2018.3/gnu/aarch64/nt/aarch64-none/bin/../aarch64-none-elf/libc/usr/lib\libc.a(lib_a-impure.o)
 .comment       0x0000000000000031       0x32 c:/xilinx/sdk/2018.3/gnu/aarch64/nt/aarch64-none/bin/../aarch64-none-elf/libc/usr/lib\libc.a(lib_a-init.o)
 .comment       0x0000000000000031       0x32 c:/xilinx/sdk/2018.3/gnu/aarch64/nt/aarch64-none/bin/../aarch64-none-elf/libc/usr/lib\libc.a(lib_a-malloc.o)
 .comment       0x0000000000000031       0x32 c:/xilinx/sdk/2018.3/gnu/aarch64/nt/aarch64-none/bin/../aarch64-none-elf/libc/usr/lib\libc.a(lib_a-mallocr.o)
 .comment       0x0000000000000031       0x32 c:/xilinx/sdk/2018.3/gnu/aarch64/nt/aarch64-none/bin/../aarch64-none-elf/libc/usr/lib\libc.a(lib_a-mlock.o)
 .comment       0x0000000000000031       0x32 c:/xilinx/sdk/2018.3/gnu/aarch64/nt/aarch64-none/bin/../aarch64-none-elf/libc/usr/lib\libc.a(lib_a-printf.o)
 .comment       0x0000000000000031       0x32 c:/xilinx/sdk/2018.3/gnu/aarch64/nt/aarch64-none/bin/../aarch64-none-elf/libc/usr/lib\libc.a(lib_a-putchar.o)
 .comment       0x0000000000000031       0x32 c:/xilinx/sdk/2018.3/gnu/aarch64/nt/aarch64-none/bin/../aarch64-none-elf/libc/usr/lib\libc.a(lib_a-putc.o)
 .comment       0x0000000000000031       0x32 c:/xilinx/sdk/2018.3/gnu/aarch64/nt/aarch64-none/bin/../aarch64-none-elf/libc/usr/lib\libc.a(lib_a-puts.o)
 .comment       0x0000000000000031       0x32 c:/xilinx/sdk/2018.3/gnu/aarch64/nt/aarch64-none/bin/../aarch64-none-elf/libc/usr/lib\libc.a(lib_a-rget.o)
 .comment       0x0000000000000031       0x32 c:/xilinx/sdk/2018.3/gnu/aarch64/nt/aarch64-none/bin/../aarch64-none-elf/libc/usr/lib\libc.a(lib_a-sbrkr.o)
 .comment       0x0000000000000031       0x32 c:/xilinx/sdk/2018.3/gnu/aarch64/nt/aarch64-none/bin/../aarch64-none-elf/libc/usr/lib\libc.a(lib_a-strtol.o)
 .comment       0x0000000000000031       0x32 c:/xilinx/sdk/2018.3/gnu/aarch64/nt/aarch64-none/bin/../aarch64-none-elf/libc/usr/lib\libc.a(lib_a-vfprintf.o)
 .comment       0x0000000000000031       0x32 c:/xilinx/sdk/2018.3/gnu/aarch64/nt/aarch64-none/bin/../aarch64-none-elf/libc/usr/lib\libc.a(lib_a-wbuf.o)
 .comment       0x0000000000000031       0x32 c:/xilinx/sdk/2018.3/gnu/aarch64/nt/aarch64-none/bin/../aarch64-none-elf/libc/usr/lib\libc.a(lib_a-wsetup.o)
 .comment       0x0000000000000031       0x32 c:/xilinx/sdk/2018.3/gnu/aarch64/nt/aarch64-none/bin/../aarch64-none-elf/libc/usr/lib\libc.a(lib_a-__atexit.o)
 .comment       0x0000000000000031       0x32 c:/xilinx/sdk/2018.3/gnu/aarch64/nt/aarch64-none/bin/../aarch64-none-elf/libc/usr/lib\libc.a(lib_a-__call_atexit.o)
 .comment       0x0000000000000031       0x32 c:/xilinx/sdk/2018.3/gnu/aarch64/nt/aarch64-none/bin/../aarch64-none-elf/libc/usr/lib\libc.a(lib_a-ctype_.o)
 .comment       0x0000000000000031       0x32 c:/xilinx/sdk/2018.3/gnu/aarch64/nt/aarch64-none/bin/../aarch64-none-elf/libc/usr/lib\libc.a(lib_a-dtoa.o)
 .comment       0x0000000000000031       0x32 c:/xilinx/sdk/2018.3/gnu/aarch64/nt/aarch64-none/bin/../aarch64-none-elf/libc/usr/lib\libc.a(lib_a-fflush.o)
 .comment       0x0000000000000031       0x32 c:/xilinx/sdk/2018.3/gnu/aarch64/nt/aarch64-none/bin/../aarch64-none-elf/libc/usr/lib\libc.a(lib_a-findfp.o)
 .comment       0x0000000000000031       0x32 c:/xilinx/sdk/2018.3/gnu/aarch64/nt/aarch64-none/bin/../aarch64-none-elf/libc/usr/lib\libc.a(lib_a-freer.o)
 .comment       0x0000000000000031       0x32 c:/xilinx/sdk/2018.3/gnu/aarch64/nt/aarch64-none/bin/../aarch64-none-elf/libc/usr/lib\libc.a(lib_a-fvwrite.o)
 .comment       0x0000000000000031       0x32 c:/xilinx/sdk/2018.3/gnu/aarch64/nt/aarch64-none/bin/../aarch64-none-elf/libc/usr/lib\libc.a(lib_a-fwalk.o)
 .comment       0x0000000000000031       0x32 c:/xilinx/sdk/2018.3/gnu/aarch64/nt/aarch64-none/bin/../aarch64-none-elf/libc/usr/lib\libc.a(lib_a-locale.o)
 .comment       0x0000000000000031       0x32 c:/xilinx/sdk/2018.3/gnu/aarch64/nt/aarch64-none/bin/../aarch64-none-elf/libc/usr/lib\libc.a(lib_a-makebuf.o)
 .comment       0x0000000000000031       0x32 c:/xilinx/sdk/2018.3/gnu/aarch64/nt/aarch64-none/bin/../aarch64-none-elf/libc/usr/lib\libc.a(lib_a-mprec.o)
 .comment       0x0000000000000031       0x32 c:/xilinx/sdk/2018.3/gnu/aarch64/nt/aarch64-none/bin/../aarch64-none-elf/libc/usr/lib\libc.a(lib_a-reallocr.o)
 .comment       0x0000000000000031       0x32 c:/xilinx/sdk/2018.3/gnu/aarch64/nt/aarch64-none/bin/../aarch64-none-elf/libc/usr/lib\libc.a(lib_a-reent.o)
 .comment       0x0000000000000031       0x32 c:/xilinx/sdk/2018.3/gnu/aarch64/nt/aarch64-none/bin/../aarch64-none-elf/libc/usr/lib\libc.a(lib_a-refill.o)
 .comment       0x0000000000000031       0x32 c:/xilinx/sdk/2018.3/gnu/aarch64/nt/aarch64-none/bin/../aarch64-none-elf/libc/usr/lib\libc.a(lib_a-s_frexp.o)
 .comment       0x0000000000000031       0x32 c:/xilinx/sdk/2018.3/gnu/aarch64/nt/aarch64-none/bin/../aarch64-none-elf/libc/usr/lib\libc.a(lib_a-stdio.o)
 .comment       0x0000000000000031       0x32 c:/xilinx/sdk/2018.3/gnu/aarch64/nt/aarch64-none/bin/../aarch64-none-elf/libc/usr/lib\libc.a(lib_a-strncpy.o)
 .comment       0x0000000000000031       0x32 c:/xilinx/sdk/2018.3/gnu/aarch64/nt/aarch64-none/bin/../aarch64-none-elf/libc/usr/lib\libc.a(lib_a-vfiprintf.o)
 .comment       0x0000000000000031       0x32 c:/xilinx/sdk/2018.3/gnu/aarch64/nt/aarch64-none/bin/../aarch64-none-elf/libc/usr/lib\libc.a(lib_a-writer.o)
 .comment       0x0000000000000031       0x32 c:/xilinx/sdk/2018.3/gnu/aarch64/nt/aarch64-none/bin/../aarch64-none-elf/libc/usr/lib\libc.a(lib_a-callocr.o)
 .comment       0x0000000000000031       0x32 c:/xilinx/sdk/2018.3/gnu/aarch64/nt/aarch64-none/bin/../aarch64-none-elf/libc/usr/lib\libc.a(lib_a-closer.o)
 .comment       0x0000000000000031       0x32 c:/xilinx/sdk/2018.3/gnu/aarch64/nt/aarch64-none/bin/../aarch64-none-elf/libc/usr/lib\libc.a(lib_a-fclose.o)
 .comment       0x0000000000000031       0x32 c:/xilinx/sdk/2018.3/gnu/aarch64/nt/aarch64-none/bin/../aarch64-none-elf/libc/usr/lib\libc.a(lib_a-fputwc.o)
 .comment       0x0000000000000031       0x32 c:/xilinx/sdk/2018.3/gnu/aarch64/nt/aarch64-none/bin/../aarch64-none-elf/libc/usr/lib\libc.a(lib_a-fstatr.o)
 .comment       0x0000000000000031       0x32 c:/xilinx/sdk/2018.3/gnu/aarch64/nt/aarch64-none/bin/../aarch64-none-elf/libc/usr/lib\libc.a(lib_a-isattyr.o)
 .comment       0x0000000000000031       0x32 c:/xilinx/sdk/2018.3/gnu/aarch64/nt/aarch64-none/bin/../aarch64-none-elf/libc/usr/lib\libc.a(lib_a-lseekr.o)
 .comment       0x0000000000000031       0x32 c:/xilinx/sdk/2018.3/gnu/aarch64/nt/aarch64-none/bin/../aarch64-none-elf/libc/usr/lib\libc.a(lib_a-readr.o)
 .comment       0x0000000000000031       0x32 c:/xilinx/sdk/2018.3/gnu/aarch64/nt/aarch64-none/bin/../aarch64-none-elf/libc/usr/lib\libc.a(lib_a-wcrtomb.o)
 .comment       0x0000000000000031       0x32 c:/xilinx/sdk/2018.3/gnu/aarch64/nt/aarch64-none/bin/../aarch64-none-elf/libc/usr/lib\libc.a(lib_a-wctomb_r.o)
 .comment       0x0000000000000031       0x32 ../../standalone_bsp_0/psu_cortexa53_0/lib\libxil.a(_exit.o)
 .comment       0x0000000000000031       0x32 ../../standalone_bsp_0/psu_cortexa53_0/lib\libxil.a(_sbrk.o)
 .comment       0x0000000000000031       0x32 ../../standalone_bsp_0/psu_cortexa53_0/lib\libxil.a(close.o)
 .comment       0x0000000000000031       0x32 ../../standalone_bsp_0/psu_cortexa53_0/lib\libxil.a(fstat.o)
 .comment       0x0000000000000031       0x32 ../../standalone_bsp_0/psu_cortexa53_0/lib\libxil.a(isatty.o)
 .comment       0x0000000000000031       0x32 ../../standalone_bsp_0/psu_cortexa53_0/lib\libxil.a(lseek.o)
 .comment       0x0000000000000031       0x32 ../../standalone_bsp_0/psu_cortexa53_0/lib\libxil.a(read.o)
 .comment       0x0000000000000031       0x32 ../../standalone_bsp_0/psu_cortexa53_0/lib\libxil.a(write.o)
 .comment       0x0000000000000031       0x32 ../../standalone_bsp_0/psu_cortexa53_0/lib\libxil.a(errno.o)
 .comment       0x0000000000000031       0x32 ../../standalone_bsp_0/psu_cortexa53_0/lib\libxil.a(inbyte.o)
 .comment       0x0000000000000031       0x32 ../../standalone_bsp_0/psu_cortexa53_0/lib\libxil.a(outbyte.o)
 .comment       0x0000000000000031       0x32 ../../standalone_bsp_0/psu_cortexa53_0/lib\libxil.a(xuartps_hw.o)
 .comment       0x0000000000000031       0x32 c:/xilinx/sdk/2018.3/gnu/aarch64/nt/aarch64-none/bin/../lib/gcc/aarch64-none-elf/7.3.1\libgcc.a(trunctfdf2.o)
 .comment       0x0000000000000031       0x32 c:/xilinx/sdk/2018.3/gnu/aarch64/nt/aarch64-none/bin/../lib/gcc/aarch64-none-elf/7.3.1\libgcc.a(sfp-exceptions.o)
 .comment       0x0000000000000031       0x32 c:/xilinx/sdk/2018.3/gnu/aarch64/nt/aarch64-none/bin/../lib/gcc/aarch64-none-elf/7.3.1/crtend.o

.debug_line     0x0000000000000000     0x43c5
 .debug_line    0x0000000000000000       0xdf c:/xilinx/sdk/2018.3/gnu/aarch64/nt/aarch64-none/bin/../aarch64-none-elf/libc/usr/lib/crt0.o
 .debug_line    0x00000000000000df       0x64 ./src/AXI_mem_access.o
 .debug_line    0x0000000000000143      0x7ca ./src/main.o
 .debug_line    0x000000000000090d      0x2b0 ./src/platform.o
 .debug_line    0x0000000000000bbd      0x165 ./noh-firmware/AXI_simple_gpio_core/drivers/AXI_Simple_GPIO_Core.o
 .debug_line    0x0000000000000d22       0x8e ./noh-firmware/AXI_simple_gpio_core/drivers/AXI_mem_access.o
 .debug_line    0x0000000000000db0      0x46b ./noh-firmware/AXI_UART_core/drivers/AXI_UART_master_core.o
 .debug_line    0x000000000000121b      0x2f3 ./noh-firmware/AXI_I2C_core/drivers/AXI_i2c.o
 .debug_line    0x000000000000150e      0x356 ./noh-firmware/AXI_DAC_core/drivers/AXI_DAC_core_driver.o
 .debug_line    0x0000000000001864      0x337 ./noh-firmware/AXI_CAN_core/drivers/AXI_CAN_core.o
 .debug_line    0x0000000000001b9b      0x48e ./noh-firmware/AXI_ADC_core/drivers/AXI_ADC_core_driver.o
 .debug_line    0x0000000000002029       0x85 ../../standalone_bsp_0/psu_cortexa53_0/lib\libxil.a(asm_vectors.o)
 .debug_line    0x00000000000020ae       0xc7 ../../standalone_bsp_0/psu_cortexa53_0/lib\libxil.a(boot.o)
 .debug_line    0x0000000000002175       0x51 ../../standalone_bsp_0/psu_cortexa53_0/lib\libxil.a(initialise_monitor_handles.o)
 .debug_line    0x00000000000021c6      0x151 ../../standalone_bsp_0/psu_cortexa53_0/lib\libxil.a(vectors.o)
 .debug_line    0x0000000000002317       0x5c ../../standalone_bsp_0/psu_cortexa53_0/lib\libxil.a(xil-crt0.o)
 .debug_line    0x0000000000002373      0x49b ../../standalone_bsp_0/psu_cortexa53_0/lib\libxil.a(xil_cache.o)
 .debug_line    0x000000000000280e      0x16b ../../standalone_bsp_0/psu_cortexa53_0/lib\libxil.a(xil_exception.o)
 .debug_line    0x0000000000002979      0x190 ../../standalone_bsp_0/psu_cortexa53_0/lib\libxil.a(xil_sleepcommon.o)
 .debug_line    0x0000000000002b09      0x227 ../../standalone_bsp_0/psu_cortexa53_0/lib\libxil.a(sleep.o)
 .debug_line    0x0000000000002d30      0x261 ../../standalone_bsp_0/psu_cortexa53_0/lib\libxil.a(xtime_l.o)
 .debug_line    0x0000000000002f91       0xad ../../standalone_bsp_0/psu_cortexa53_0/lib\libxil.a(_exit.o)
 .debug_line    0x000000000000303e      0x133 ../../standalone_bsp_0/psu_cortexa53_0/lib\libxil.a(_sbrk.o)
 .debug_line    0x0000000000003171      0x11e ../../standalone_bsp_0/psu_cortexa53_0/lib\libxil.a(close.o)
 .debug_line    0x000000000000328f      0x226 ../../standalone_bsp_0/psu_cortexa53_0/lib\libxil.a(fstat.o)
 .debug_line    0x00000000000034b5       0xaf ../../standalone_bsp_0/psu_cortexa53_0/lib\libxil.a(isatty.o)
 .debug_line    0x0000000000003564      0x1ba ../../standalone_bsp_0/psu_cortexa53_0/lib\libxil.a(lseek.o)
 .debug_line    0x000000000000371e      0x21e ../../standalone_bsp_0/psu_cortexa53_0/lib\libxil.a(read.o)
 .debug_line    0x000000000000393c      0x225 ../../standalone_bsp_0/psu_cortexa53_0/lib\libxil.a(write.o)
 .debug_line    0x0000000000003b61      0x133 ../../standalone_bsp_0/psu_cortexa53_0/lib\libxil.a(errno.o)
 .debug_line    0x0000000000003c94      0x233 ../../standalone_bsp_0/psu_cortexa53_0/lib\libxil.a(inbyte.o)
 .debug_line    0x0000000000003ec7      0x234 ../../standalone_bsp_0/psu_cortexa53_0/lib\libxil.a(outbyte.o)
 .debug_line    0x00000000000040fb      0x2ca ../../standalone_bsp_0/psu_cortexa53_0/lib\libxil.a(xuartps_hw.o)

.debug_info     0x0000000000000000     0xced4
 .debug_info    0x0000000000000000       0x2e c:/xilinx/sdk/2018.3/gnu/aarch64/nt/aarch64-none/bin/../aarch64-none-elf/libc/usr/lib/crt0.o
 .debug_info    0x000000000000002e       0xa4 ./src/AXI_mem_access.o
 .debug_info    0x00000000000000d2      0xefe ./src/main.o
 .debug_info    0x0000000000000fd0       0xfc ./src/platform.o
 .debug_info    0x00000000000010cc      0x110 ./noh-firmware/AXI_simple_gpio_core/drivers/AXI_Simple_GPIO_Core.o
 .debug_info    0x00000000000011dc       0xa4 ./noh-firmware/AXI_simple_gpio_core/drivers/AXI_mem_access.o
 .debug_info    0x0000000000001280      0xba9 ./noh-firmware/AXI_UART_core/drivers/AXI_UART_master_core.o
 .debug_info    0x0000000000001e29      0x2af ./noh-firmware/AXI_I2C_core/drivers/AXI_i2c.o
 .debug_info    0x00000000000020d8      0xb02 ./noh-firmware/AXI_DAC_core/drivers/AXI_DAC_core_driver.o
 .debug_info    0x0000000000002bda      0x5b9 ./noh-firmware/AXI_CAN_core/drivers/AXI_CAN_core.o
 .debug_info    0x0000000000003193      0xe8e ./noh-firmware/AXI_ADC_core/drivers/AXI_ADC_core_driver.o
 .debug_info    0x0000000000004021       0x2e ../../standalone_bsp_0/psu_cortexa53_0/lib\libxil.a(asm_vectors.o)
 .debug_info    0x000000000000404f       0x2e ../../standalone_bsp_0/psu_cortexa53_0/lib\libxil.a(boot.o)
 .debug_info    0x000000000000407d       0x47 ../../standalone_bsp_0/psu_cortexa53_0/lib\libxil.a(initialise_monitor_handles.o)
 .debug_info    0x00000000000040c4      0x197 ../../standalone_bsp_0/psu_cortexa53_0/lib\libxil.a(vectors.o)
 .debug_info    0x000000000000425b       0x2e ../../standalone_bsp_0/psu_cortexa53_0/lib\libxil.a(xil-crt0.o)
 .debug_info    0x0000000000004289     0x142f ../../standalone_bsp_0/psu_cortexa53_0/lib\libxil.a(xil_cache.o)
 .debug_info    0x00000000000056b8      0x2fd ../../standalone_bsp_0/psu_cortexa53_0/lib\libxil.a(xil_exception.o)
 .debug_info    0x00000000000059b5      0x94b ../../standalone_bsp_0/psu_cortexa53_0/lib\libxil.a(xil_sleepcommon.o)
 .debug_info    0x0000000000006300      0xb00 ../../standalone_bsp_0/psu_cortexa53_0/lib\libxil.a(sleep.o)
 .debug_info    0x0000000000006e00      0xb8a ../../standalone_bsp_0/psu_cortexa53_0/lib\libxil.a(xtime_l.o)