Archive member included to satisfy reference by file (symbol)

../../standalone_bsp_0/psu_cortexa53_0/lib\libxil.a(asm_vectors.o)
                              (_vector_table)
../../standalone_bsp_0/psu_cortexa53_0/lib\libxil.a(boot.o)
                              ../../standalone_bsp_0/psu_cortexa53_0/lib\libxil.a(asm_vectors.o) (_boot)
../../standalone_bsp_0/psu_cortexa53_0/lib\libxil.a(initialise_monitor_handles.o)
                              c:/xilinx/sdk/2018.3/gnu/aarch64/nt/aarch64-none/bin/../aarch64-none-elf/libc/usr/lib/crt0.o (initialise_monitor_handles)
../../standalone_bsp_0/psu_cortexa53_0/lib\libxil.a(translation_table.o)
                              ../../standalone_bsp_0/psu_cortexa53_0/lib\libxil.a(boot.o) (MMUTableL0)
../../standalone_bsp_0/psu_cortexa53_0/lib\libxil.a(vectors.o)
                              ../../standalone_bsp_0/psu_cortexa53_0/lib\libxil.a(asm_vectors.o) (FIQInterrupt)
../../standalone_bsp_0/psu_cortexa53_0/lib\libxil.a(xil-crt0.o)
                              ../../standalone_bsp_0/psu_cortexa53_0/lib\libxil.a(boot.o) (_startup)
../../standalone_bsp_0/psu_cortexa53_0/lib\libxil.a(xil_cache.o)
                              ./src/main.o (Xil_DCacheDisable)
../../standalone_bsp_0/psu_cortexa53_0/lib\libxil.a(xil_exception.o)
                              ../../standalone_bsp_0/psu_cortexa53_0/lib\libxil.a(vectors.o) (XExc_VectorTable)
../../standalone_bsp_0/psu_cortexa53_0/lib\libxil.a(xil_sleepcommon.o)
                              ./src/main.o (usleep)
../../standalone_bsp_0/psu_cortexa53_0/lib\libxil.a(sleep.o)
                              ../../standalone_bsp_0/psu_cortexa53_0/lib\libxil.a(xil_sleepcommon.o) (usleep_A53)
../../standalone_bsp_0/psu_cortexa53_0/lib\libxil.a(xtime_l.o)
                              ../../standalone_bsp_0/psu_cortexa53_0/lib\libxil.a(sleep.o) (XTime_StartTimer)
c:/xilinx/sdk/2018.3/gnu/aarch64/nt/aarch64-none/bin/../aarch64-none-elf/libc/usr/lib\libc.a(lib_a-atexit.o)
                              c:/xilinx/sdk/2018.3/gnu/aarch64/nt/aarch64-none/bin/../aarch64-none-elf/libc/usr/lib/crt0.o (atexit)
c:/xilinx/sdk/2018.3/gnu/aarch64/nt/aarch64-none/bin/../aarch64-none-elf/libc/usr/lib\libc.a(lib_a-exit.o)
                              c:/xilinx/sdk/2018.3/gnu/aarch64/nt/aarch64-none/bin/../aarch64-none-elf/libc/usr/lib/crt0.o (exit)
c:/xilinx/sdk/2018.3/gnu/aarch64/nt/aarch64-none/bin/../aarch64-none-elf/libc/usr/lib\libc.a(lib_a-fini.o)
                              c:/xilinx/sdk/2018.3/gnu/aarch64/nt/aarch64-none/bin/../aarch64-none-elf/libc/usr/lib/crt0.o (__libc_fini_array)
c:/xilinx/sdk/2018.3/gnu/aarch64/nt/aarch64-none/bin/../aarch64-none-elf/libc/usr/lib\libc.a(lib_a-impure.o)
                              c:/xilinx/sdk/2018.3/gnu/aarch64/nt/aarch64-none/bin/../aarch64-none-elf/libc/usr/lib\libc.a(lib_a-exit.o) (_global_impure_ptr)
c:/xilinx/sdk/2018.3/gnu/aarch64/nt/aarch64-none/bin/../aarch64-none-elf/libc/usr/lib\libc.a(lib_a-init.o)
                              c:/xilinx/sdk/2018.3/gnu/aarch64/nt/aarch64-none/bin/../aarch64-none-elf/libc/usr/lib/crt0.o (__libc_init_array)
c:/xilinx/sdk/2018.3/gnu/aarch64/nt/aarch64-none/bin/../aarch64-none-elf/libc/usr/lib\libc.a(lib_a-malloc.o)
                              ./noh-firmware/AXI_ADC_core/drivers/AXI_ADC_core_driver.o (malloc)
c:/xilinx/sdk/2018.3/gnu/aarch64/nt/aarch64-none/bin/../aarch64-none-elf/libc/usr/lib\libc.a(lib_a-mallocr.o)
                              c:/xilinx/sdk/2018.3/gnu/aarch64/nt/aarch64-none/bin/../aarch64-none-elf/libc/usr/lib\libc.a(lib_a-malloc.o) (_malloc_r)
c:/xilinx/sdk/2018.3/gnu/aarch64/nt/aarch64-none/bin/../aarch64-none-elf/libc/usr/lib\libc.a(lib_a-memcpy.o)
                              ./src/main.o (memcpy)
c:/xilinx/sdk/2018.3/gnu/aarch64/nt/aarch64-none/bin/../aarch64-none-elf/libc/usr/lib\libc.a(lib_a-memset.o)
                              c:/xilinx/sdk/2018.3/gnu/aarch64/nt/aarch64-none/bin/../aarch64-none-elf/libc/usr/lib/crt0.o (memset)
c:/xilinx/sdk/2018.3/gnu/aarch64/nt/aarch64-none/bin/../aarch64-none-elf/libc/usr/lib\libc.a(lib_a-mlock.o)
                              c:/xilinx/sdk/2018.3/gnu/aarch64/nt/aarch64-none/bin/../aarch64-none-elf/libc/usr/lib\libc.a(lib_a-mallocr.o) (__malloc_lock)
c:/xilinx/sdk/2018.3/gnu/aarch64/nt/aarch64-none/bin/../aarch64-none-elf/libc/usr/lib\libc.a(lib_a-printf.o)
                              ./src/main.o (printf)
c:/xilinx/sdk/2018.3/gnu/aarch64/nt/aarch64-none/bin/../aarch64-none-elf/libc/usr/lib\libc.a(lib_a-putchar.o)
                              ./src/main.o (putchar)
c:/xilinx/sdk/2018.3/gnu/aarch64/nt/aarch64-none/bin/../aarch64-none-elf/libc/usr/lib\libc.a(lib_a-putc.o)
                              c:/xilinx/sdk/2018.3/gnu/aarch64/nt/aarch64-none/bin/../aarch64-none-elf/libc/usr/lib\libc.a(lib_a-putchar.o) (_putc_r)
c:/xilinx/sdk/2018.3/gnu/aarch64/nt/aarch64-none/bin/../aarch64-none-elf/libc/usr/lib\libc.a(lib_a-puts.o)
                              ./src/main.o (puts)
[...]
Memory Configuration

Name             Origin             Length             Attributes
psu_ddr_0_MEM_0  0x0000000000000000 0x000000007ff00000
psu_ocm_ram_0_MEM_0 0x00000000fffc0000 0x0000000000040000
psu_qspi_linear_0_MEM_0 0x00000000c0000000 0x0000000020000000
*default*        0x0000000000000000 0xffffffffffffffff

Linker script and memory map

LOAD c:/xilinx/sdk/2018.3/gnu/aarch64/nt/aarch64-none/bin/../lib/gcc/aarch64-none-elf/7.3.1/crti.o
LOAD c:/xilinx/sdk/2018.3/gnu/aarch64/nt/aarch64-none/bin/../lib/gcc/aarch64-none-elf/7.3.1/crtbegin.o
LOAD c:/xilinx/sdk/2018.3/gnu/aarch64/nt/aarch64-none/bin/../aarch64-none-elf/libc/usr/lib/crt0.o
                0x0000000000002000                _STACK_SIZE = DEFINED (_STACK_SIZE)?_STACK_SIZE:0x2000
                0x0000000000002000                _HEAP_SIZE = DEFINED (_HEAP_SIZE)?_HEAP_SIZE:0x2000
                0x0000000000000400                _EL0_STACK_SIZE = DEFINED (_EL0_STACK_SIZE)?_EL0_STACK_SIZE:0x400
                0x0000000000000800                _EL1_STACK_SIZE = DEFINED (_EL1_STACK_SIZE)?_EL1_STACK_SIZE:0x800
                0x0000000000000400                _EL2_STACK_SIZE = DEFINED (_EL2_STACK_SIZE)?_EL2_STACK_SIZE:0x400

.text           0x0000000000000000    0x10010
 *(.vectors)
 .vectors       0x0000000000000000      0x938 ../../standalone_bsp_0/psu_cortexa53_0/lib\libxil.a(asm_vectors.o)
                0x0000000000000000                _vector_table
                0x0000000000000918                FPUStatus
 *(.boot)
 .boot          0x0000000000000938      0x258 ../../standalone_bsp_0/psu_cortexa53_0/lib\libxil.a(boot.o)
                0x0000000000000938                _prestart
                0x0000000000000938                _boot
 *(.text)
 .text          0x0000000000000b90        0x0 c:/xilinx/sdk/2018.3/gnu/aarch64/nt/aarch64-none/bin/../lib/gcc/aarch64-none-elf/7.3.1/crti.o
 .text          0x0000000000000b90       0xe4 c:/xilinx/sdk/2018.3/gnu/aarch64/nt/aarch64-none/bin/../lib/gcc/aarch64-none-elf/7.3.1/crtbegin.o
 *fill*         0x0000000000000c74        0x4 
 .text          0x0000000000000c78      0x130 c:/xilinx/sdk/2018.3/gnu/aarch64/nt/aarch64-none/bin/../aarch64-none-elf/libc/usr/lib/crt0.o
                0x0000000000000c78                _start
                0x0000000000000c78                _mainCRTStartup
                0x0000000000000d6c                _cpu_init_hook
 .text          0x0000000000000da8       0x40 ./src/AXI_mem_access.o
                0x0000000000000da8                axi_read
                0x0000000000000dc0                axi_write
 .text          0x0000000000000de8     0x15ec ./src/main.o
                0x0000000000000de8                pars_int_arg_val
                0x0000000000000e48                DAC_voltage_convert
                0x0000000000000eec                sqrt64
                0x0000000000000f90                main
 .text          0x00000000000023d4       0x4c ./src/platform.o
                0x00000000000023d4                enable_caches
                0x00000000000023dc                disable_caches
                0x00000000000023e4                init_uart
                0x00000000000023ec                init_platform
                0x0000000000002408                cleanup_platform
 .text          0x0000000000002420      0x770 ./noh-firmware/AXI_simple_gpio_core/drivers/AXI_Simple_GPIO_Core.o
                0x0000000000002420                axi_simple_gpio_init
                0x00000000000024ac                axi_simple_gpio_set
                0x0000000000002b78                axi_simple_gpio_read
 .text          0x0000000000002b90       0x40 ./noh-firmware/AXI_simple_gpio_core/drivers/AXI_mem_access.o
                0x0000000000002b90                axi_read_GPIO
                0x0000000000002ba8                axi_write_GPIO
 .text          0x0000000000002bd0      0x320 ./noh-firmware/AXI_UART_core/drivers/AXI_UART_master_core.o
                0x0000000000002bd0                axi_uart_init
                0x0000000000002ccc                axi_uart_set_aux_gpos
                0x0000000000002cf8                axi_uart_send
                0x0000000000002d84                axi_uart_read
                0x0000000000002e30                axi_uart_get_tx_buf_level
                0x0000000000002e50                axi_uart_get_rx_buf_level
                0x0000000000002e70                axi_uart_clear_rx_buf
                0x0000000000002ed0                axi_uart_test
 .text          0x0000000000002ef0      0x378 ./noh-firmware/AXI_I2C_core/drivers/AXI_i2c.o
                0x0000000000002ef0                axi_i2c_reset
                0x0000000000002f38                axi_i2c_set_clk_rate
                0x0000000000002f78                axi_i2c_read
                0x00000000000030dc                axi_i2c_write
                0x0000000000003214                axi_i2c_clear_rx_queue
                0x0000000000003228                axi_i2c_set_AUX_bits
 .text          0x0000000000003268      0x120 ./noh-firmware/AXI_DMM_core/drivers/AXI_DMM_core_driver.o
                0x0000000000003268                axi_dmm_enable
                0x0000000000003290                axi_dmm_disable
                0x00000000000032b8                axi_dmm_get_inst_freq
                0x00000000000032f8                axi_dmm_get_ave_freq
                0x0000000000003328                axi_dmm_get_inst_RMS
                0x0000000000003358                axi_dmm_get_ave_RMS
 .text          0x0000000000003388      0x300 ./noh-firmware/AXI_DAC_core/drivers/AXI_DAC_core_driver.o
                0x0000000000003388                axi_dac_reset
                0x00000000000033c0                axi_dac_load_data
                0x0000000000003478                axi_dac_enable
                0x0000000000003548                axi_dac_load_core_timer
                0x0000000000003584                axi_dac_load_ch_timer
                0x00000000000035d4                axi_dac_load_ch_cal
 .text          0x0000000000003688      0x708 ./noh-firmware/AXI_CAN_core/drivers/AXI_CAN_core.o
                0x0000000000003688                CAN_init
                0x00000000000036e8                Monitor_mode
                0x0000000000003734                CAN_set_clk_div
                0x000000000000376c                CAN_reset
                0x00000000000037b8                CAN_set_ctrl_flags
                0x00000000000037e4                CAN_queue_frame
                0x00000000000039c8                CAN_retrive_frame
                0x0000000000003bd0                CAN_tx_fifo_is_full
                0x0000000000003c0c                CAN_rx_fifo_is_full
                0x0000000000003c4c                CAN_tx_fifo_is_empty
                0x0000000000003c88                CAN_rx_fifo_is_empty
                0x0000000000003cc8                CAN_tx_fifo_level
                0x0000000000003cf8                CAN_rx_fifo_level
                0x0000000000003d2c                CAN_clear_rx_queue
 .text          0x0000000000003d90      0xbb4 ./noh-firmware/AXI_ADC_core/drivers/AXI_ADC_core_driver.o
                0x0000000000003d90                ATC_ADC_Calibration_Dat_new
                0x0000000000003f2c                ADC_Ch_Setup_Dat_new
                0x0000000000003fc4                axi_adc_disable
                0x0000000000003fec                axi_adc_enable
                0x0000000000004014                axi_adc_reset
                0x000000000000405c                axi_adc_get_status
                0x000000000000409c                axi_adc_set_channel_switch
                0x0000000000004158                axi_adc_channel_enable
                0x0000000000004198                axi_adc_setup_channel
                0x00000000000043a4                axi_adc_set_trigger_enable
                0x00000000000043f8                axi_adc_get_frequency
                0x0000000000004440                mV_to_adc_2s_comp
                0x0000000000004520                lookup_cal_values
 .text          0x0000000000004944        0x0 ../../standalone_bsp_0/psu_cortexa53_0/lib\libxil.a(asm_vectors.o)
 .text          0x0000000000004944        0x0 ../../standalone_bsp_0/psu_cortexa53_0/lib\libxil.a(boot.o)
 *fill*         0x0000000000004944        0x4 
 .text          0x0000000000004948        0x4 ../../standalone_bsp_0/psu_cortexa53_0/lib\libxil.a(initialise_monitor_handles.o)
                0x0000000000004948                initialise_monitor_handles
 .text          0x000000000000494c        0x0 ../../standalone_bsp_0/psu_cortexa53_0/lib\libxil.a(translation_table.o)
 *fill*         0x000000000000494c        0x4 
 .text          0x0000000000004950       0x40 ../../standalone_bsp_0/psu_cortexa53_0/lib\libxil.a(vectors.o)
                0x0000000000004950                FIQInterrupt
                0x0000000000004960                IRQInterrupt
                0x0000000000004970                SynchronousInterrupt
                0x0000000000004980                SErrorInterrupt
 .text          0x0000000000004990       0x98 ../../standalone_bsp_0/psu_cortexa53_0/lib\libxil.a(xil-crt0.o)
                0x00000000000049b0                _startup
 .text          0x0000000000004a28      0x644 ../../standalone_bsp_0/psu_cortexa53_0/lib\libxil.a(xil_cache.o)
                0x0000000000004a28                Xil_DCacheDisable
                0x0000000000004b58                Xil_DCacheInvalidate
                0x0000000000004c78                Xil_DCacheEnable
                0x0000000000004ca0                Xil_DCacheInvalidateLine
                0x0000000000004cd8                Xil_DCacheInvalidateRange
                0x0000000000004d18                Xil_DCacheFlush
                0x0000000000004e38                Xil_DCacheFlushLine
                0x0000000000004e70                Xil_DCacheFlushRange
                0x0000000000004f40                Xil_ICacheEnable
                0x0000000000004f78                Xil_ICacheDisable
                0x0000000000004fb0                Xil_ICacheInvalidate
                0x0000000000004fd8                Xil_ICacheInvalidateLine
                0x0000000000005000                Xil_ICacheInvalidateRange
                0x0000000000005050                Xil_ConfigureL1Prefetch
 *fill*         0x000000000000506c        0x4 
 .text          0x0000000000005070       0x8c ../../standalone_bsp_0/psu_cortexa53_0/lib\libxil.a(xil_exception.o)
                0x0000000000005078                Xil_SyncAbortHandler
                0x0000000000005080                Xil_SErrorAbortHandler
                0x0000000000005088                Xil_ExceptionInit
                0x0000000000005090                Xil_ExceptionRegisterHandler
                0x00000000000050b0                Xil_GetExceptionRegisterHandler
                0x00000000000050d8                Xil_ExceptionRemoveHandler
 *fill*         0x00000000000050fc        0x4 
 .text          0x0000000000005100        0xc ../../standalone_bsp_0/psu_cortexa53_0/lib\libxil.a(xil_sleepcommon.o)
                0x0000000000005100                sleep
                0x0000000000005108                usleep
 *fill*         0x000000000000510c        0x4 
 .text          0x0000000000005110       0x8c ../../standalone_bsp_0/psu_cortexa53_0/lib\libxil.a(sleep.o)
                0x0000000000005110                usleep_A53
                0x0000000000005158                sleep_A53
 *fill*         0x000000000000519c        0x4 
 .text          0x00000000000051a0       0x6c ../../standalone_bsp_0/psu_cortexa53_0/lib\libxil.a(xtime_l.o)
                0x00000000000051a0                XTime_StartTimer
                0x00000000000051d0                XTime_SetTime
                0x00000000000051d8                XTime_GetTime
 *fill*         0x000000000000520c        0x4 
 .text          0x0000000000005210       0x14 c:/xilinx/sdk/2018.3/gnu/aarch64/nt/aarch64-none/bin/../aarch64-none-elf/libc/usr/lib\libc.a(lib_a-atexit.o)
                0x0000000000005210                atexit
 *fill*         0x0000000000005224        0x4 
 .text          0x0000000000005228       0x34 c:/xilinx/sdk/2018.3/gnu/aarch64/nt/aarch64-none/bin/../aarch64-none-elf/libc/usr/lib\libc.a(lib_a-exit.o)
                0x0000000000005228                exit
 *fill*         0x000000000000525c        0x4 
 .text          0x0000000000005260       0x44 c:/xilinx/sdk/2018.3/gnu/aarch64/nt/aarch64-none/bin/../aarch64-none-elf/libc/usr/lib\libc.a(lib_a-fini.o)
                0x0000000000005260                __libc_fini_array
 .text          0x00000000000052a4        0x0 c:/xilinx/sdk/2018.3/gnu/aarch64/nt/aarch64-none/bin/../aarch64-none-elf/libc/usr/lib\libc.a(lib_a-impure.o)
 *fill*         0x00000000000052a4        0x4 
 .text          0x00000000000052a8       0x8c c:/xilinx/sdk/2018.3/gnu/aarch64/nt/aarch64-none/bin/../aarch64-none-elf/libc/usr/lib\libc.a(lib_a-init.o)
                0x00000000000052a8                __libc_init_array
 *fill*         0x0000000000005334        0x4 
 .text          0x0000000000005338       0x20 c:/xilinx/sdk/2018.3/gnu/aarch64/nt/aarch64-none/bin/../aarch64-none-elf/libc/usr/lib\libc.a(lib_a-malloc.o)
                0x0000000000005338                malloc
                0x0000000000005348                free
 .text          0x0000000000005358      0x840 c:/xilinx/sdk/2018.3/gnu/aarch64/nt/aarch64-none/bin/../aarch64-none-elf/libc/usr/lib\libc.a(lib_a-mallocr.o)
                0x0000000000005358                _malloc_r
 *fill*         0x0000000000005b98       0x28 
 .text          0x0000000000005bc0      0x16c c:/xilinx/sdk/2018.3/gnu/aarch64/nt/aarch64-none/bin/../aarch64-none-elf/libc/usr/lib\libc.a(lib_a-memcpy.o)
                0x0000000000005bc0                memcpy
 *fill*         0x0000000000005d2c       0x14 
 .text          0x0000000000005d40      0x1d8 c:/xilinx/sdk/2018.3/gnu/aarch64/nt/aarch64-none/bin/../aarch64-none-elf/libc/usr/lib\libc.a(lib_a-memset.o)
                0x0000000000005d40                memset
 .text          0x0000000000005f18        0xc c:/xilinx/sdk/2018.3/gnu/aarch64/nt/aarch64-none/bin/../aarch64-none-elf/libc/usr/lib\libc.a(lib_a-mlock.o)
                0x0000000000005f18                __malloc_lock
                0x0000000000005f20                __malloc_unlock
 *fill*         0x0000000000005f24        0x4 
 .text          0x0000000000005f28      0x10c c:/xilinx/sdk/2018.3/gnu/aarch64/nt/aarch64-none/bin/../aarch64-none-elf/libc/usr/lib\libc.a(lib_a-printf.o)
                0x0000000000005f28                _printf_r
                0x0000000000005fa8                printf
 *fill*         0x0000000000006034        0x4 
 .text          0x0000000000006038       0x20 c:/xilinx/sdk/2018.3/gnu/aarch64/nt/aarch64-none/bin/../aarch64-none-elf/libc/usr/lib\libc.a(lib_a-putchar.o)
                0x0000000000006038                _putchar_r
                0x0000000000006040                putchar
 .text          0x0000000000006058      0x144 c:/xilinx/sdk/2018.3/gnu/aarch64/nt/aarch64-none/bin/../aarch64-none-elf/libc/usr/lib\libc.a(lib_a-putc.o)
                0x0000000000006058                _putc_r
                0x00000000000060f0                putc
 *fill*         0x000000000000619c        0x4 
 .text          0x00000000000061a0       0xb8 c:/xilinx/sdk/2018.3/gnu/aarch64/nt/aarch64-none/bin/../aarch64-none-elf/libc/usr/lib\libc.a(lib_a-puts.o)
                0x00000000000061a0                _puts_r
                0x0000000000006248                puts
 .text          0x0000000000006258       0x78 c:/xilinx/sdk/2018.3/gnu/aarch64/nt/aarch64-none/bin/../aarch64-none-elf/libc/usr/lib\libc.a(lib_a-rget.o)
                0x0000000000006258                __srget_r
                0x00000000000062c0                __srget
 .text          0x00000000000062d0       0x4c c:/xilinx/sdk/2018.3/gnu/aarch64/nt/aarch64-none/bin/../aarch64-none-elf/libc/usr/lib\libc.a(lib_a-sbrkr.o)
                0x00000000000062d0                _sbrk_r
 .text          0x000000000000631c       0xdc c:/xilinx/sdk/2018.3/gnu/aarch64/nt/aarch64-none/bin/../aarch64-none-elf/libc/usr/lib\libc.a(lib_a-strchr.o)
                0x000000000000631c                strchr
 *fill*         0x00000000000063f8        0x8 
 .text          0x0000000000006400      0x140 c:/xilinx/sdk/2018.3/gnu/aarch64/nt/aarch64-none/bin/../aarch64-none-elf/libc/usr/lib\libc.a(lib_a-strlen.o)
                0x0000000000006400                strlen
 .text          0x0000000000006540      0x198 c:/xilinx/sdk/2018.3/gnu/aarch64/nt/aarch64-none/bin/../aarch64-none-elf/libc/usr/lib\libc.a(lib_a-strtol.o)
                0x0000000000006540                _strtol_r
                0x00000000000066c0                strtol
 .text          0x00000000000066d8     0x29a8 c:/xilinx/sdk/2018.3/gnu/aarch64/nt/aarch64-none/bin/../aarch64-none-elf/libc/usr/lib\libc.a(lib_a-vfprintf.o)
                0x00000000000066d8                _vfprintf_r
                0x0000000000008f78                vfprintf
 .text          0x0000000000009080      0x164 c:/xilinx/sdk/2018.3/gnu/aarch64/nt/aarch64-none/bin/../aarch64-none-elf/libc/usr/lib\libc.a(lib_a-wbuf.o)
                0x0000000000009080                __swbuf_r
                0x00000000000091d0                __swbuf
 *fill*         0x00000000000091e4        0x4 
 .text          0x00000000000091e8      0x13c c:/xilinx/sdk/2018.3/gnu/aarch64/nt/aarch64-none/bin/../aarch64-none-elf/libc/usr/lib\libc.a(lib_a-wsetup.o)
                0x00000000000091e8                __swsetup_r
 *fill*         0x0000000000009324        0x4 
 .text          0x0000000000009328       0xf4 c:/xilinx/sdk/2018.3/gnu/aarch64/nt/aarch64-none/bin/../aarch64-none-elf/libc/usr/lib\libc.a(lib_a-__atexit.o)
                0x0000000000009328                __register_exitproc
 *fill*         0x000000000000941c        0x4 
 .text          0x0000000000009420      0x154 c:/xilinx/sdk/2018.3/gnu/aarch64/nt/aarch64-none/bin/../aarch64-none-elf/libc/usr/lib\libc.a(lib_a-__call_atexit.o)
                0x0000000000009420                __call_exitprocs
 .text          0x0000000000009574        0x0 c:/xilinx/sdk/2018.3/gnu/aarch64/nt/aarch64-none/bin/../aarch64-none-elf/libc/usr/lib\libc.a(lib_a-ctype_.o)
 *fill*         0x0000000000009574        0x4 
 .text          0x0000000000009578     0x1364 c:/xilinx/sdk/2018.3/gnu/aarch64/nt/aarch64-none/bin/../aarch64-none-elf/libc/usr/lib\libc.a(lib_a-dtoa.o)
                0x0000000000009728                _dtoa_r
 *fill*         0x000000000000a8dc        0x4 
 .text          0x000000000000a8e0      0x2e8 c:/xilinx/sdk/2018.3/gnu/aarch64/nt/aarch64-none/bin/../aarch64-none-elf/libc/usr/lib\libc.a(lib_a-fflush.o)
                0x000000000000a8e0                __sflush_r
                0x000000000000ab48                _fflush_r
                0x000000000000aba0                fflush
 .text          0x000000000000abc8      0x32c c:/xilinx/sdk/2018.3/gnu/aarch64/nt/aarch64-none/bin/../aarch64-none-elf/libc/usr/lib\libc.a(lib_a-findfp.o)
                0x000000000000abd0                _cleanup_r
                0x000000000000ad20                __sfmoreglue
                0x000000000000ad80                __sfp
                0x000000000000ae80                _cleanup
                0x000000000000ae98                __sinit
                0x000000000000aea8                __sfp_lock_acquire
                0x000000000000aeb0                __sfp_lock_release
                0x000000000000aeb8                __sinit_lock_acquire
                0x000000000000aec0                __sinit_lock_release
                0x000000000000aec8                __fp_lock_all
                0x000000000000aee0                __fp_unlock_all
 *fill*         0x000000000000aef4        0x4 
 .text          0x000000000000aef8      0x410 c:/xilinx/sdk/2018.3/gnu/aarch64/nt/aarch64-none/bin/../aarch64-none-elf/libc/usr/lib\libc.a(lib_a-freer.o)
                0x000000000000aef8                _malloc_trim_r
                0x000000000000b008                _free_r
 .text          0x000000000000b308      0x4f8 c:/xilinx/sdk/2018.3/gnu/aarch64/nt/aarch64-none/bin/../aarch64-none-elf/libc/usr/lib\libc.a(lib_a-fvwrite.o)
                0x000000000000b308                __sfvwrite_r
 .text          0x000000000000b800      0x18c c:/xilinx/sdk/2018.3/gnu/aarch64/nt/aarch64-none/bin/../aarch64-none-elf/libc/usr/lib\libc.a(lib_a-fwalk.o)
                0x000000000000b800                _fwalk
                0x000000000000b8c0                _fwalk_reent
 *fill*         0x000000000000b98c        0x4 
 .text          0x000000000000b990       0xe8 c:/xilinx/sdk/2018.3/gnu/aarch64/nt/aarch64-none/bin/../aarch64-none-elf/libc/usr/lib\libc.a(lib_a-locale.o)
                0x000000000000b990                _setlocale_r
                0x000000000000ba08                __locale_charset
                0x000000000000ba18                __locale_mb_cur_max
                0x000000000000ba28                __locale_msgcharset
                0x000000000000ba38                __locale_cjk_lang
                0x000000000000ba40                _localeconv_r
                0x000000000000ba50                setlocale
                0x000000000000ba68                localeconv
 .text          0x000000000000ba78      0x1a0 c:/xilinx/sdk/2018.3/gnu/aarch64/nt/aarch64-none/bin/../aarch64-none-elf/libc/usr/lib\libc.a(lib_a-makebuf.o)
                0x000000000000ba78                __swhatbuf_r
                0x000000000000bb20                __smakebuf_r
 .text          0x000000000000bc18       0xd8 c:/xilinx/sdk/2018.3/gnu/aarch64/nt/aarch64-none/bin/../aarch64-none-elf/libc/usr/lib\libc.a(lib_a-memchr.o)
                0x000000000000bc18                memchr
 *fill*         0x000000000000bcf0       0x10 
 .text          0x000000000000bd00       0xac c:/xilinx/sdk/2018.3/gnu/aarch64/nt/aarch64-none/bin/../aarch64-none-elf/libc/usr/lib\libc.a(lib_a-memmove.o)
                0x000000000000bd00                memmove
 *fill*         0x000000000000bdac        0x4 
 .text          0x000000000000bdb0      0xe74 c:/xilinx/sdk/2018.3/gnu/aarch64/nt/aarch64-none/bin/../aarch64-none-elf/libc/usr/lib\libc.a(lib_a-mprec.o)
                0x000000000000bdb0                _Balloc
                0x000000000000be58                _Bfree
                0x000000000000be78                __multadd
                0x000000000000bf60                __s2b
                0x000000000000c080                __hi0bits
                0x000000000000c0e0                __lo0bits
                0x000000000000c180                __i2b
                0x000000000000c1b0                __multiply
                0x000000000000c380                __pow5mult
                0x000000000000c4a8                __lshift
                0x000000000000c5e8                __mcmp
                0x000000000000c638                __mdiff
                0x000000000000c7c8                __ulp
                0x000000000000c838                __b2d
                0x000000000000c958                __d2b
                0x000000000000ca78                __ratio
                0x000000000000cb00                _mprec_log10
                0x000000000000cb38                __copybits
                0x000000000000cba0                __any_on
 *fill*         0x000000000000cc24        0x4 
 .text          0x000000000000cc28      0x54c c:/xilinx/sdk/2018.3/gnu/aarch64/nt/aarch64-none/bin/../aarch64-none-elf/libc/usr/lib\libc.a(lib_a-reallocr.o)
                0x000000000000cc28                _realloc_r
 *fill*         0x000000000000d174        0x4 
 .text          0x000000000000d178      0x144 c:/xilinx/sdk/2018.3/gnu/aarch64/nt/aarch64-none/bin/../aarch64-none-elf/libc/usr/lib\libc.a(lib_a-reent.o)
                0x000000000000d178                cleanup_glue
                0x000000000000d1c0                _reclaim_reent
 *fill*         0x000000000000d2bc        0x4 
 .text          0x000000000000d2c0      0x21c c:/xilinx/sdk/2018.3/gnu/aarch64/nt/aarch64-none/bin/../aarch64-none-elf/libc/usr/lib\libc.a(lib_a-refill.o)
                0x000000000000d2e0                __srefill_r
 *fill*         0x000000000000d4dc        0x4 
 .text          0x000000000000d4e0       0x7c c:/xilinx/sdk/2018.3/gnu/aarch64/nt/aarch64-none/bin/../aarch64-none-elf/libc/usr/lib\libc.a(lib_a-s_frexp.o)
                0x000000000000d4e0                frexp
 *fill*         0x000000000000d55c        0x4 
 .text          0x000000000000d560      0x118 c:/xilinx/sdk/2018.3/gnu/aarch64/nt/aarch64-none/bin/../aarch64-none-elf/libc/usr/lib\libc.a(lib_a-stdio.o)
                0x000000000000d560                __sread
                0x000000000000d5b0                __seofread
                0x000000000000d5b8                __swrite
                0x000000000000d620                __sseek
                0x000000000000d670                __sclose
 *fill*         0x000000000000d678        0x8 
 .text          0x000000000000d680       0xa4 c:/xilinx/sdk/2018.3/gnu/aarch64/nt/aarch64-none/bin/../aarch64-none-elf/libc/usr/lib\libc.a(lib_a-strcmp.o)
                0x000000000000d680                strcmp
 *fill*         0x000000000000d724        0x4 
 .text          0x000000000000d728       0xb0 c:/xilinx/sdk/2018.3/gnu/aarch64/nt/aarch64-none/bin/../aarch64-none-elf/libc/usr/lib\libc.a(lib_a-strncpy.o)
                0x000000000000d728                strncpy
 .text          0x000000000000d7d8     0x1a48 c:/xilinx/sdk/2018.3/gnu/aarch64/nt/aarch64-none/bin/../aarch64-none-elf/libc/usr/lib\libc.a(lib_a-vfiprintf.o)
                0x000000000000d8c0                __sprint_r
                0x000000000000d8d8                _vfiprintf_r
                0x000000000000f118                vfiprintf
 .text          0x000000000000f220       0x5c c:/xilinx/sdk/2018.3/gnu/aarch64/nt/aarch64-none/bin/../aarch64-none-elf/libc/usr/lib\libc.a(lib_a-writer.o)
                0x000000000000f220                _write_r
 *fill*         0x000000000000f27c        0x4 
 .text          0x000000000000f280       0x90 c:/xilinx/sdk/2018.3/gnu/aarch64/nt/aarch64-none/bin/../aarch64-none-elf/libc/usr/lib\libc.a(lib_a-callocr.o)
                0x000000000000f280                _calloc_r
 .text          0x000000000000f310       0x4c c:/xilinx/sdk/2018.3/gnu/aarch64/nt/aarch64-none/bin/../aarch64-none-elf/libc/usr/lib\libc.a(lib_a-closer.o)
                0x000000000000f310                _close_r
 *fill*         0x000000000000f35c        0x4 
 .text          0x000000000000f360      0x100 c:/xilinx/sdk/2018.3/gnu/aarch64/nt/aarch64-none/bin/../aarch64-none-elf/libc/usr/lib\libc.a(lib_a-fclose.o)
                0x000000000000f360                _fclose_r
                0x000000000000f450                fclose
 .text          0x000000000000f460      0x1cc c:/xilinx/sdk/2018.3/gnu/aarch64/nt/aarch64-none/bin/../aarch64-none-elf/libc/usr/lib\libc.a(lib_a-fputwc.o)
                0x000000000000f460                __fputwc
                0x000000000000f5a0                _fputwc_r
                0x000000000000f5c0                fputwc
 *fill*         0x000000000000f62c        0x4 
 .text          0x000000000000f630       0x54 c:/xilinx/sdk/2018.3/gnu/aarch64/nt/aarch64-none/bin/../aarch64-none-elf/libc/usr/lib\libc.a(lib_a-fstatr.o)
                0x000000000000f630                _fstat_r
 *fill*         0x000000000000f684        0x4 
 .text          0x000000000000f688       0x4c c:/xilinx/sdk/2018.3/gnu/aarch64/nt/aarch64-none/bin/../aarch64-none-elf/libc/usr/lib\libc.a(lib_a-isattyr.o)
                0x000000000000f688                _isatty_r
 *fill*         0x000000000000f6d4        0x4 
 .text          0x000000000000f6d8       0x5c c:/xilinx/sdk/2018.3/gnu/aarch64/nt/aarch64-none/bin/../aarch64-none-elf/libc/usr/lib\libc.a(lib_a-lseekr.o)
                0x000000000000f6d8                _lseek_r
 *fill*         0x000000000000f734        0x4 
 .text          0x000000000000f738       0x5c c:/xilinx/sdk/2018.3/gnu/aarch64/nt/aarch64-none/bin/../aarch64-none-elf/libc/usr/lib\libc.a(lib_a-readr.o)
                0x000000000000f738                _read_r
 *fill*         0x000000000000f794        0x4 
 .text          0x000000000000f798      0x190 c:/xilinx/sdk/2018.3/gnu/aarch64/nt/aarch64-none/bin/../aarch64-none-elf/libc/usr/lib\libc.a(lib_a-wcrtomb.o)
                0x000000000000f798                _wcrtomb_r
                0x000000000000f860                wcrtomb
 .text          0x000000000000f928       0x8c c:/xilinx/sdk/2018.3/gnu/aarch64/nt/aarch64-none/bin/../aarch64-none-elf/libc/usr/lib\libc.a(lib_a-wctomb_r.o)
                0x000000000000f928                __ascii_wctomb
                0x000000000000f958                _wctomb_r
 *fill*         0x000000000000f9b4        0x4 
 .text          0x000000000000f9b8        0x4 ../../standalone_bsp_0/psu_cortexa53_0/lib\libxil.a(_exit.o)
                0x000000000000f9b8                _exit
 *fill*         0x000000000000f9bc        0x4 
 .text          0x000000000000f9c0       0x4c ../../standalone_bsp_0/psu_cortexa53_0/lib\libxil.a(_sbrk.o)
                0x000000000000f9c0                _sbrk
 *fill*         0x000000000000fa0c        0x4 
 .text          0x000000000000fa10        0x8 ../../standalone_bsp_0/psu_cortexa53_0/lib\libxil.a(close.o)
                0x000000000000fa10                _close
 .text          0x000000000000fa18       0x10 ../../standalone_bsp_0/psu_cortexa53_0/lib\libxil.a(fstat.o)
                0x000000000000fa18                _fstat
 .text          0x000000000000fa28       0x10 ../../standalone_bsp_0/psu_cortexa53_0/lib\libxil.a(isatty.o)
                0x000000000000fa28                isatty
                0x000000000000fa30                _isatty
 .text          0x000000000000fa38       0x40 ../../standalone_bsp_0/psu_cortexa53_0/lib\libxil.a(lseek.o)
                0x000000000000fa38                lseek
                0x000000000000fa58                _lseek
 .text          0x000000000000fa78       0x74 ../../standalone_bsp_0/psu_cortexa53_0/lib\libxil.a(read.o)
                0x000000000000fa78                read
                0x000000000000fae8                _read
 *fill*         0x000000000000faec        0x4 
 .text          0x000000000000faf0       0x94 ../../standalone_bsp_0/psu_cortexa53_0/lib\libxil.a(write.o)
                0x000000000000faf0                write
                0x000000000000fb80                _write
 *fill*         0x000000000000fb84        0x4 
 .text          0x000000000000fb88        0xc ../../standalone_bsp_0/psu_cortexa53_0/lib\libxil.a(errno.o)
                0x000000000000fb88                __errno
 *fill*         0x000000000000fb94        0x4 
 .text          0x000000000000fb98        0x8 ../../standalone_bsp_0/psu_cortexa53_0/lib\libxil.a(inbyte.o)
                0x000000000000fb98                inbyte
 .text          0x000000000000fba0        0xc ../../standalone_bsp_0/psu_cortexa53_0/lib\libxil.a(outbyte.o)
                0x000000000000fba0                outbyte
 *fill*         0x000000000000fbac        0x4 
 .text          0x000000000000fbb0       0xb0 ../../standalone_bsp_0/psu_cortexa53_0/lib\libxil.a(xuartps_hw.o)
                0x000000000000fbb0                XUartPs_SendByte
                0x000000000000fbd0                XUartPs_RecvByte
                0x000000000000fbf0                XUartPs_ResetHw
 .text          0x000000000000fc60      0x33c c:/xilinx/sdk/2018.3/gnu/aarch64/nt/aarch64-none/bin/../lib/gcc/aarch64-none-elf/7.3.1\libgcc.a(trunctfdf2.o)
                0x000000000000fc60                __trunctfdf2
 *fill*         0x000000000000ff9c        0x4 
 .text          0x000000000000ffa0       0x70 c:/xilinx/sdk/2018.3/gnu/aarch64/nt/aarch64-none/bin/../lib/gcc/aarch64-none-elf/7.3.1\libgcc.a(sfp-exceptions.o)
                0x000000000000ffa0                __sfp_handle_exceptions
 .text          0x0000000000010010        0x0 c:/xilinx/sdk/2018.3/gnu/aarch64/nt/aarch64-none/bin/../lib/gcc/aarch64-none-elf/7.3.1/crtend.o
 .text          0x0000000000010010        0x0 c:/xilinx/sdk/2018.3/gnu/aarch64/nt/aarch64-none/bin/../lib/gcc/aarch64-none-elf/7.3.1/crtn.o
 *(.text.*)
 *(.gnu.linkonce.t.*)
 *(.plt)
 *(.gnu_warning)
 *(.gcc_execpt_table)
 *(.glue_7)
 *(.glue_7t)
 *(.ARM.extab)
 *(.gnu.linkonce.armextab.*)

.iplt           0x0000000000010010        0x0
 .iplt          0x0000000000010010        0x0 c:/xilinx/sdk/2018.3/gnu/aarch64/nt/aarch64-none/bin/../lib/gcc/aarch64-none-elf/7.3.1/crtbegin.o

.init           0x0000000000010040       0x34
 *(.init)
 .init          0x0000000000010040       0x18 c:/xilinx/sdk/2018.3/gnu/aarch64/nt/aarch64-none/bin/../lib/gcc/aarch64-none-elf/7.3.1/crti.o
                0x0000000000010040                _init
 .init          0x0000000000010058       0x1c c:/xilinx/sdk/2018.3/gnu/aarch64/nt/aarch64-none/bin/../lib/gcc/aarch64-none-elf/7.3.1/crtn.o

.fini           0x0000000000010080       0x34
 *(.fini)
 .fini          0x0000000000010080       0x18 c:/xilinx/sdk/2018.3/gnu/aarch64/nt/aarch64-none/bin/../lib/gcc/aarch64-none-elf/7.3.1/crti.o
                0x0000000000010080                _fini
 .fini          0x0000000000010098       0x1c c:/xilinx/sdk/2018.3/gnu/aarch64/nt/aarch64-none/bin/../lib/gcc/aarch64-none-elf/7.3.1/crtn.o

.interp
 *(.interp)

.note.gnu.build-id
                0x00000000000100b4       0x24
 .note.gnu.build-id
                0x00000000000100b4       0x24 c:/xilinx/sdk/2018.3/gnu/aarch64/nt/aarch64-none/bin/../lib/gcc/aarch64-none-elf/7.3.1/crti.o

.note-ABI-tag
 *(.note-ABI-tag)

.rodata         0x00000000000100d8      0x7d0
                0x0000000000010100                . = ALIGN (0x40)
 *fill*         0x00000000000100d8       0x28 
                0x0000000000010100                __rodata_start = .
 *(.rodata)
 .rodata        0x0000000000010100      0x2b0 ./src/main.o
                0x0000000000010100                sawtooth_wave_mV
                0x0000000000010158                square_wave_mV
                0x0000000000010160                sine_wave_mV
 .rodata        0x00000000000103b0        0x8 c:/xilinx/sdk/2018.3/gnu/aarch64/nt/aarch64-none/bin/../aarch64-none-elf/libc/usr/lib\libc.a(lib_a-impure.o)
                0x00000000000103b0                _global_impure_ptr
 .rodata        0x00000000000103b8       0xd8 c:/xilinx/sdk/2018.3/gnu/aarch64/nt/aarch64-none/bin/../aarch64-none-elf/libc/usr/lib\libc.a(lib_a-vfprintf.o)
 .rodata        0x0000000000010490      0x101 c:/xilinx/sdk/2018.3/gnu/aarch64/nt/aarch64-none/bin/../aarch64-none-elf/libc/usr/lib\libc.a(lib_a-ctype_.o)
                0x0000000000010490                _ctype_
 *fill*         0x0000000000010591        0x7 
 .rodata        0x0000000000010598      0x128 c:/xilinx/sdk/2018.3/gnu/aarch64/nt/aarch64-none/bin/../aarch64-none-elf/libc/usr/lib\libc.a(lib_a-mprec.o)
                0x00000000000105a8                __mprec_tens
                0x0000000000010670                __mprec_tinytens
                0x0000000000010698                __mprec_bigtens
 .rodata        0x00000000000106c0       0xd8 c:/xilinx/sdk/2018.3/gnu/aarch64/nt/aarch64-none/bin/../aarch64-none-elf/libc/usr/lib\libc.a(lib_a-vfiprintf.o)
 *(.rodata.*)
 .rodata.cst8   0x0000000000010798       0x20 c:/xilinx/sdk/2018.3/gnu/aarch64/nt/aarch64-none/bin/../lib/gcc/aarch64-none-elf/7.3.1/crtbegin.o
 .rodata.cst8   0x00000000000107b8       0x10 c:/xilinx/sdk/2018.3/gnu/aarch64/nt/aarch64-none/bin/../aarch64-none-elf/libc/usr/lib\libc.a(lib_a-fini.o)
 .rodata.str1.8
                0x00000000000107c8        0x2 c:/xilinx/sdk/2018.3/gnu/aarch64/nt/aarch64-none/bin/../aarch64-none-elf/libc/usr/lib\libc.a(lib_a-impure.o)
 *fill*         0x00000000000107ca        0x6 
 .rodata.cst8   0x00000000000107d0       0x20 c:/xilinx/sdk/2018.3/gnu/aarch64/nt/aarch64-none/bin/../aarch64-none-elf/libc/usr/lib\libc.a(lib_a-init.o)
 .rodata.str1.8
                0x00000000000107f0        0x2 c:/xilinx/sdk/2018.3/gnu/aarch64/nt/aarch64-none/bin/../aarch64-none-elf/libc/usr/lib\libc.a(lib_a-puts.o)
 *fill*         0x00000000000107f2        0x6 
 .rodata.str1.8
                0x00000000000107f8       0x5a c:/xilinx/sdk/2018.3/gnu/aarch64/nt/aarch64-none/bin/../aarch64-none-elf/libc/usr/lib\libc.a(lib_a-vfprintf.o)
 *fill*         0x0000000000010852        0x6 
 .rodata.cst8   0x0000000000010858        0x8 c:/xilinx/sdk/2018.3/gnu/aarch64/nt/aarch64-none/bin/../aarch64-none-elf/libc/usr/lib\libc.a(lib_a-__atexit.o)
 .rodata.cst8   0x0000000000010860        0x8 c:/xilinx/sdk/2018.3/gnu/aarch64/nt/aarch64-none/bin/../aarch64-none-elf/libc/usr/lib\libc.a(lib_a-__call_atexit.o)
 .rodata.cst8   0x0000000000010868       0x18 c:/xilinx/sdk/2018.3/gnu/aarch64/nt/aarch64-none/bin/../aarch64-none-elf/libc/usr/lib\libc.a(lib_a-dtoa.o)
 .rodata.str1.8
                0x0000000000010880       0x14 c:/xilinx/sdk/2018.3/gnu/aarch64/nt/aarch64-none/bin/../aarch64-none-elf/libc/usr/lib\libc.a(lib_a-dtoa.o)
                                         0x1a (size before relaxing)
 *fill*         0x0000000000010894        0x4 
 .rodata.str1.8
                0x0000000000010898       0x10 c:/xilinx/sdk/2018.3/gnu/aarch64/nt/aarch64-none/bin/../aarch64-none-elf/libc/usr/lib\libc.a(lib_a-locale.o)
                                         0x1a (size before relaxing)
 .rodata.str1.8
                0x00000000000108a8       0x37 c:/xilinx/sdk/2018.3/gnu/aarch64/nt/aarch64-none/bin/../aarch64-none-elf/libc/usr/lib\libc.a(lib_a-vfiprintf.o)
 *(.gnu.linkonce.r.*)
                0x00000000000108df                __rodata_end = .

.rodata1        0x00000000000108a8       0x18
                0x00000000000108c0                . = ALIGN (0x40)
 *fill*         0x00000000000108a8       0x18 
                0x00000000000108c0                __rodata1_start = .
 *(.rodata1)
 *(.rodata1.*)
                0x00000000000108c0                __rodata1_end = .

.sdata2         0x00000000000108c0        0x0
                0x00000000000108c0                . = ALIGN (0x40)
                0x00000000000108c0                __sdata2_start = .
 *(.sdata2)
 *(.sdata2.*)
 *(.gnu.linkonce.s2.*)
                0x00000000000108c0                __sdata2_end = .

.sbss2          0x00000000000108c0        0x0
                0x00000000000108c0                . = ALIGN (0x40)
                0x00000000000108c0                __sbss2_start = .
 *(.sbss2)
 *(.sbss2.*)
 *(.gnu.linkonce.sb2.*)
                0x00000000000108c0                __sbss2_end = .

.data           0x00000000000108c0     0x11b8
                0x00000000000108c0                . = ALIGN (0x40)
                0x00000000000108c0                __data_start = .
 *(.data)
 .data          0x00000000000108c0        0x0 c:/xilinx/sdk/2018.3/gnu/aarch64/nt/aarch64-none/bin/../lib/gcc/aarch64-none-elf/7.3.1/crti.o
 .data          0x00000000000108c0        0x8 c:/xilinx/sdk/2018.3/gnu/aarch64/nt/aarch64-none/bin/../lib/gcc/aarch64-none-elf/7.3.1/crtbegin.o
                0x00000000000108c0                __dso_handle
 .data          0x00000000000108c8      0x128 c:/xilinx/sdk/2018.3/gnu/aarch64/nt/aarch64-none/bin/../aarch64-none-elf/libc/usr/lib/crt0.o
                0x00000000000108d8                __stack_base__
 .data          0x00000000000109f0        0x0 ./src/AXI_mem_access.o
 .data          0x00000000000109f0        0x0 ./src/main.o
 .data          0x00000000000109f0        0x0 ./src/platform.o
 .data          0x00000000000109f0        0x0 ./noh-firmware/AXI_simple_gpio_core/drivers/AXI_Simple_GPIO_Core.o
 .data          0x00000000000109f0        0x0 ./noh-firmware/AXI_simple_gpio_core/drivers/AXI_mem_access.o
 .data          0x00000000000109f0        0x0 ./noh-firmware/AXI_UART_core/drivers/AXI_UART_master_core.o
 .data          0x00000000000109f0        0x0 ./noh-firmware/AXI_I2C_core/drivers/AXI_i2c.o
 .data          0x00000000000109f0        0x0 ./noh-firmware/AXI_DMM_core/drivers/AXI_DMM_core_driver.o
 .data          0x00000000000109f0        0x0 ./noh-firmware/AXI_DAC_core/drivers/AXI_DAC_core_driver.o
 .data          0x00000000000109f0        0x0 ./noh-firmware/AXI_CAN_core/drivers/AXI_CAN_core.o
 .data          0x00000000000109f0        0x0 ./noh-firmware/AXI_ADC_core/drivers/AXI_ADC_core_driver.o
 .data          0x00000000000109f0        0x0 ../../standalone_bsp_0/psu_cortexa53_0/lib\libxil.a(asm_vectors.o)
 .data          0x00000000000109f0        0x0 ../../standalone_bsp_0/psu_cortexa53_0/lib\libxil.a(boot.o)
 .data          0x00000000000109f0        0x0 ../../standalone_bsp_0/psu_cortexa53_0/lib\libxil.a(initialise_monitor_handles.o)
 .data          0x00000000000109f0        0x0 ../../standalone_bsp_0/psu_cortexa53_0/lib\libxil.a(translation_table.o)
 .data          0x00000000000109f0        0x0 ../../standalone_bsp_0/psu_cortexa53_0/lib\libxil.a(vectors.o)
 .data          0x00000000000109f0        0x0 ../../standalone_bsp_0/psu_cortexa53_0/lib\libxil.a(xil-crt0.o)
 .data          0x00000000000109f0        0x0 ../../standalone_bsp_0/psu_cortexa53_0/lib\libxil.a(xil_cache.o)
 .data          0x00000000000109f0       0x60 ../../standalone_bsp_0/psu_cortexa53_0/lib\libxil.a(xil_exception.o)
                0x00000000000109f0                XExc_VectorTable
 .data          0x0000000000010a50        0x0 ../../standalone_bsp_0/psu_cortexa53_0/lib\libxil.a(xil_sleepcommon.o)
 .data          0x0000000000010a50        0x0 ../../standalone_bsp_0/psu_cortexa53_0/lib\libxil.a(sleep.o)
 .data          0x0000000000010a50        0x0 ../../standalone_bsp_0/psu_cortexa53_0/lib\libxil.a(xtime_l.o)
 .data          0x0000000000010a50        0x0 c:/xilinx/sdk/2018.3/gnu/aarch64/nt/aarch64-none/bin/../aarch64-none-elf/libc/usr/lib\libc.a(lib_a-atexit.o)
 .data          0x0000000000010a50        0x0 c:/xilinx/sdk/2018.3/gnu/aarch64/nt/aarch64-none/bin/../aarch64-none-elf/libc/usr/lib\libc.a(lib_a-exit.o)
 .data          0x0000000000010a50        0x0 c:/xilinx/sdk/2018.3/gnu/aarch64/nt/aarch64-none/bin/../aarch64-none-elf/libc/usr/lib\libc.a(lib_a-fini.o)
 .data          0x0000000000010a50      0x750 c:/xilinx/sdk/2018.3/gnu/aarch64/nt/aarch64-none/bin/../aarch64-none-elf/libc/usr/lib\libc.a(lib_a-impure.o)
                0x0000000000010a50                _impure_ptr
 .data          0x00000000000111a0        0x0 c:/xilinx/sdk/2018.3/gnu/aarch64/nt/aarch64-none/bin/../aarch64-none-elf/libc/usr/lib\libc.a(lib_a-init.o)
 .data          0x00000000000111a0        0x0 c:/xilinx/sdk/2018.3/gnu/aarch64/nt/aarch64-none/bin/../aarch64-none-elf/libc/usr/lib\libc.a(lib_a-malloc.o)
 .data          0x00000000000111a0      0x820 c:/xilinx/sdk/2018.3/gnu/aarch64/nt/aarch64-none/bin/../aarch64-none-elf/libc/usr/lib\libc.a(lib_a-mallocr.o)
                0x00000000000111a0                __malloc_av_
                0x00000000000119b0                __malloc_sbrk_base
                0x00000000000119b8                __malloc_trim_threshold
 .data          0x00000000000119c0        0x0 c:/xilinx/sdk/2018.3/gnu/aarch64/nt/aarch64-none/bin/../aarch64-none-elf/libc/usr/lib\libc.a(lib_a-memcpy.o)
 .data          0x00000000000119c0        0x0 c:/xilinx/sdk/2018.3/gnu/aarch64/nt/aarch64-none/bin/../aarch64-none-elf/libc/usr/lib\libc.a(lib_a-memset.o)
 .data          0x00000000000119c0        0x0 c:/xilinx/sdk/2018.3/gnu/aarch64/nt/aarch64-none/bin/../aarch64-none-elf/libc/usr/lib\libc.a(lib_a-mlock.o)
 .data          0x00000000000119c0        0x0 c:/xilinx/sdk/2018.3/gnu/aarch64/nt/aarch64-none/bin/../aarch64-none-elf/libc/usr/lib\libc.a(lib_a-printf.o)
 .data          0x00000000000119c0        0x0 c:/xilinx/sdk/2018.3/gnu/aarch64/nt/aarch64-none/bin/../aarch64-none-elf/libc/usr/lib\libc.a(lib_a-putchar.o)
 .data          0x00000000000119c0        0x0 c:/xilinx/sdk/2018.3/gnu/aarch64/nt/aarch64-none/bin/../aarch64-none-elf/libc/usr/lib\libc.a(lib_a-putc.o)
 .data          0x00000000000119c0        0x0 c:/xilinx/sdk/2018.3/gnu/aarch64/nt/aarch64-none/bin/../aarch64-none-elf/libc/usr/lib\libc.a(lib_a-puts.o)
 .data          0x00000000000119c0        0x0 c:/xilinx/sdk/2018.3/gnu/aarch64/nt/aarch64-none/bin/../aarch64-none-elf/libc/usr/lib\libc.a(lib_a-rget.o)
 .data          0x00000000000119c0        0x0 c:/xilinx/sdk/2018.3/gnu/aarch64/nt/aarch64-none/bin/../aarch64-none-elf/libc/usr/lib\libc.a(lib_a-sbrkr.o)
 .data          0x00000000000119c0        0x0 c:/xilinx/sdk/2018.3/gnu/aarch64/nt/aarch64-none/bin/../aarch64-none-elf/libc/usr/lib\libc.a(lib_a-strchr.o)
 .data          0x00000000000119c0        0x0 c:/xilinx/sdk/2018.3/gnu/aarch64/nt/aarch64-none/bin/../aarch64-none-elf/libc/usr/lib\libc.a(lib_a-strlen.o)
 .data          0x00000000000119c0        0x0 c:/xilinx/sdk/2018.3/gnu/aarch64/nt/aarch64-none/bin/../aarch64-none-elf/libc/usr/lib\libc.a(lib_a-strtol.o)
 .data          0x00000000000119c0        0x0 c:/xilinx/sdk/2018.3/gnu/aarch64/nt/aarch64-none/bin/../aarch64-none-elf/libc/usr/lib\libc.a(lib_a-vfprintf.o)
 .data          0x00000000000119c0        0x0 c:/xilinx/sdk/2018.3/gnu/aarch64/nt/aarch64-none/bin/../aarch64-none-elf/libc/usr/lib\libc.a(lib_a-wbuf.o)
 .data          0x00000000000119c0        0x0 c:/xilinx/sdk/2018.3/gnu/aarch64/nt/aarch64-none/bin/../aarch64-none-elf/libc/usr/lib\libc.a(lib_a-wsetup.o)
 .data          0x00000000000119c0        0x0 c:/xilinx/sdk/2018.3/gnu/aarch64/nt/aarch64-none/bin/../aarch64-none-elf/libc/usr/lib\libc.a(lib_a-__atexit.o)
 .data          0x00000000000119c0        0x0 c:/xilinx/sdk/2018.3/gnu/aarch64/nt/aarch64-none/bin/../aarch64-none-elf/libc/usr/lib\libc.a(lib_a-__call_atexit.o)
 .data          0x00000000000119c0        0x8 c:/xilinx/sdk/2018.3/gnu/aarch64/nt/aarch64-none/bin/../aarch64-none-elf/libc/usr/lib\libc.a(lib_a-ctype_.o)
                0x00000000000119c0                __ctype_ptr__
 .data          0x00000000000119c8        0x0 c:/xilinx/sdk/2018.3/gnu/aarch64/nt/aarch64-none/bin/../aarch64-none-elf/libc/usr/lib\libc.a(lib_a-dtoa.o)
 .data          0x00000000000119c8        0x0 c:/xilinx/sdk/2018.3/gnu/aarch64/nt/aarch64-none/bin/../aarch64-none-elf/libc/usr/lib\libc.a(lib_a-fflush.o)
 .data          0x00000000000119c8        0x0 c:/xilinx/sdk/2018.3/gnu/aarch64/nt/aarch64-none/bin/../aarch64-none-elf/libc/usr/lib\libc.a(lib_a-findfp.o)
 .data          0x00000000000119c8        0x0 c:/xilinx/sdk/2018.3/gnu/aarch64/nt/aarch64-none/bin/../aarch64-none-elf/libc/usr/lib\libc.a(lib_a-freer.o)
 .data          0x00000000000119c8        0x0 c:/xilinx/sdk/2018.3/gnu/aarch64/nt/aarch64-none/bin/../aarch64-none-elf/libc/usr/lib\libc.a(lib_a-fvwrite.o)
 .data          0x00000000000119c8        0x0 c:/xilinx/sdk/2018.3/gnu/aarch64/nt/aarch64-none/bin/../aarch64-none-elf/libc/usr/lib\libc.a(lib_a-fwalk.o)
 .data          0x00000000000119c8       0xa8 c:/xilinx/sdk/2018.3/gnu/aarch64/nt/aarch64-none/bin/../aarch64-none-elf/libc/usr/lib\libc.a(lib_a-locale.o)
                0x00000000000119e8                __mb_cur_max
 .data          0x0000000000011a70        0x0 c:/xilinx/sdk/2018.3/gnu/aarch64/nt/aarch64-none/bin/../aarch64-none-elf/libc/usr/lib\libc.a(lib_a-makebuf.o)
 .data          0x0000000000011a70        0x0 c:/xilinx/sdk/2018.3/gnu/aarch64/nt/aarch64-none/bin/../aarch64-none-elf/libc/usr/lib\libc.a(lib_a-memchr.o)
 .data          0x0000000000011a70        0x0 c:/xilinx/sdk/2018.3/gnu/aarch64/nt/aarch64-none/bin/../aarch64-none-elf/libc/usr/lib\libc.a(lib_a-memmove.o)
 .data          0x0000000000011a70        0x0 c:/xilinx/sdk/2018.3/gnu/aarch64/nt/aarch64-none/bin/../aarch64-none-elf/libc/usr/lib\libc.a(lib_a-mprec.o)
 .data          0x0000000000011a70        0x0 c:/xilinx/sdk/2018.3/gnu/aarch64/nt/aarch64-none/bin/../aarch64-none-elf/libc/usr/lib\libc.a(lib_a-reallocr.o)
 .data          0x0000000000011a70        0x0 c:/xilinx/sdk/2018.3/gnu/aarch64/nt/aarch64-none/bin/../aarch64-none-elf/libc/usr/lib\libc.a(lib_a-reent.o)
 .data          0x0000000000011a70        0x0 c:/xilinx/sdk/2018.3/gnu/aarch64/nt/aarch64-none/bin/../aarch64-none-elf/libc/usr/lib\libc.a(lib_a-refill.o)
 .data          0x0000000000011a70        0x0 c:/xilinx/sdk/2018.3/gnu/aarch64/nt/aarch64-none/bin/../aarch64-none-elf/libc/usr/lib\libc.a(lib_a-s_frexp.o)
 .data          0x0000000000011a70        0x0 c:/xilinx/sdk/2018.3/gnu/aarch64/nt/aarch64-none/bin/../aarch64-none-elf/libc/usr/lib\libc.a(lib_a-stdio.o)
 .data          0x0000000000011a70        0x0 c:/xilinx/sdk/2018.3/gnu/aarch64/nt/aarch64-none/bin/../aarch64-none-elf/libc/usr/lib\libc.a(lib_a-strcmp.o)
 .data          0x0000000000011a70        0x0 c:/xilinx/sdk/2018.3/gnu/aarch64/nt/aarch64-none/bin/../aarch64-none-elf/libc/usr/lib\libc.a(lib_a-strncpy.o)
 .data          0x0000000000011a70        0x0 c:/xilinx/sdk/2018.3/gnu/aarch64/nt/aarch64-none/bin/../aarch64-none-elf/libc/usr/lib\libc.a(lib_a-vfiprintf.o)
 .data          0x0000000000011a70        0x0 c:/xilinx/sdk/2018.3/gnu/aarch64/nt/aarch64-none/bin/../aarch64-none-elf/libc/usr/lib\libc.a(lib_a-writer.o)
 .data          0x0000000000011a70        0x0 c:/xilinx/sdk/2018.3/gnu/aarch64/nt/aarch64-none/bin/../aarch64-none-elf/libc/usr/lib\libc.a(lib_a-callocr.o)
 .data          0x0000000000011a70        0x0 c:/xilinx/sdk/2018.3/gnu/aarch64/nt/aarch64-none/bin/../aarch64-none-elf/libc/usr/lib\libc.a(lib_a-closer.o)
 .data          0x0000000000011a70        0x0 c:/xilinx/sdk/2018.3/gnu/aarch64/nt/aarch64-none/bin/../aarch64-none-elf/libc/usr/lib\libc.a(lib_a-fclose.o)
 .data          0x0000000000011a70        0x0 c:/xilinx/sdk/2018.3/gnu/aarch64/nt/aarch64-none/bin/../aarch64-none-elf/libc/usr/lib\libc.a(lib_a-fputwc.o)
 .data          0x0000000000011a70        0x0 c:/xilinx/sdk/2018.3/gnu/aarch64/nt/aarch64-none/bin/../aarch64-none-elf/libc/usr/lib\libc.a(lib_a-fstatr.o)
 .data          0x0000000000011a70        0x0 c:/xilinx/sdk/2018.3/gnu/aarch64/nt/aarch64-none/bin/../aarch64-none-elf/libc/usr/lib\libc.a(lib_a-isattyr.o)
 .data          0x0000000000011a70        0x0 c:/xilinx/sdk/2018.3/gnu/aarch64/nt/aarch64-none/bin/../aarch64-none-elf/libc/usr/lib\libc.a(lib_a-lseekr.o)
 .data          0x0000000000011a70        0x0 c:/xilinx/sdk/2018.3/gnu/aarch64/nt/aarch64-none/bin/../aarch64-none-elf/libc/usr/lib\libc.a(lib_a-readr.o)
 .data          0x0000000000011a70        0x0 c:/xilinx/sdk/2018.3/gnu/aarch64/nt/aarch64-none/bin/../aarch64-none-elf/libc/usr/lib\libc.a(lib_a-wcrtomb.o)
 .data          0x0000000000011a70        0x8 c:/xilinx/sdk/2018.3/gnu/aarch64/nt/aarch64-none/bin/../aarch64-none-elf/libc/usr/lib\libc.a(lib_a-wctomb_r.o)
                0x0000000000011a70                __wctomb
 .data          0x0000000000011a78        0x0 ../../standalone_bsp_0/psu_cortexa53_0/lib\libxil.a(_exit.o)
 .data          0x0000000000011a78        0x0 ../../standalone_bsp_0/psu_cortexa53_0/lib\libxil.a(_sbrk.o)
 .data          0x0000000000011a78        0x0 ../../standalone_bsp_0/psu_cortexa53_0/lib\libxil.a(close.o)
 .data          0x0000000000011a78        0x0 ../../standalone_bsp_0/psu_cortexa53_0/lib\libxil.a(fstat.o)
 .data          0x0000000000011a78        0x0 ../../standalone_bsp_0/psu_cortexa53_0/lib\libxil.a(isatty.o)
 .data          0x0000000000011a78        0x0 ../../standalone_bsp_0/psu_cortexa53_0/lib\libxil.a(lseek.o)
 .data          0x0000000000011a78        0x0 ../../standalone_bsp_0/psu_cortexa53_0/lib\libxil.a(read.o)
 .data          0x0000000000011a78        0x0 ../../standalone_bsp_0/psu_cortexa53_0/lib\libxil.a(write.o)
 .data          0x0000000000011a78        0x0 ../../standalone_bsp_0/psu_cortexa53_0/lib\libxil.a(errno.o)
 .data          0x0000000000011a78        0x0 ../../standalone_bsp_0/psu_cortexa53_0/lib\libxil.a(inbyte.o)
 .data          0x0000000000011a78        0x0 ../../standalone_bsp_0/psu_cortexa53_0/lib\libxil.a(outbyte.o)
 .data          0x0000000000011a78        0x0 ../../standalone_bsp_0/psu_cortexa53_0/lib\libxil.a(xuartps_hw.o)
 .data          0x0000000000011a78        0x0 c:/xilinx/sdk/2018.3/gnu/aarch64/nt/aarch64-none/bin/../lib/gcc/aarch64-none-elf/7.3.1\libgcc.a(trunctfdf2.o)
 .data          0x0000000000011a78        0x0 c:/xilinx/sdk/2018.3/gnu/aarch64/nt/aarch64-none/bin/../lib/gcc/aarch64-none-elf/7.3.1\libgcc.a(sfp-exceptions.o)
 .data          0x0000000000011a78        0x0 c:/xilinx/sdk/2018.3/gnu/aarch64/nt/aarch64-none/bin/../lib/gcc/aarch64-none-elf/7.3.1/crtend.o
 .data          0x0000000000011a78        0x0 c:/xilinx/sdk/2018.3/gnu/aarch64/nt/aarch64-none/bin/../lib/gcc/aarch64-none-elf/7.3.1/crtn.o
 *(.data.*)
 *(.gnu.linkonce.d.*)
 *(.jcr)
 *(.got)
 *(.got.plt)
                0x0000000000011a78                __data_end = .

.tm_clone_table
                0x0000000000011a78        0x0
 .tm_clone_table
                0x0000000000011a78        0x0 c:/xilinx/sdk/2018.3/gnu/aarch64/nt/aarch64-none/bin/../lib/gcc/aarch64-none-elf/7.3.1/crtbegin.o
 .tm_clone_table
                0x0000000000011a78        0x0 c:/xilinx/sdk/2018.3/gnu/aarch64/nt/aarch64-none/bin/../lib/gcc/aarch64-none-elf/7.3.1/crtend.o

.igot.plt       0x0000000000011a78        0x0
 .igot.plt      0x0000000000011a78        0x0 c:/xilinx/sdk/2018.3/gnu/aarch64/nt/aarch64-none/bin/../lib/gcc/aarch64-none-elf/7.3.1/crtbegin.o

.data1          0x0000000000011a78        0x8
                0x0000000000011a80                . = ALIGN (0x40)
 *fill*         0x0000000000011a78        0x8 
                0x0000000000011a80                __data1_start = .
 *(.data1)
 *(.data1.*)
                0x0000000000011a80                __data1_end = .

.got
 *(.got)

.got1
 *(.got1)

.got2           0x0000000000011a80        0x0
 *(.got2)
 .got2          0x0000000000011a80        0x0 ../../standalone_bsp_0/psu_cortexa53_0/lib\libxil.a(xil-crt0.o)

.ctors          0x0000000000011a80        0x0
                0x0000000000011a80                . = ALIGN (0x40)
                0x0000000000011a80                __CTOR_LIST__ = .
                0x0000000000011a80                ___CTORS_LIST___ = .
 *crtbegin.o(.ctors)
 *(EXCLUDE_FILE(*crtend.o) .ctors)
 *(SORT(.ctors.*))
 *(.ctors)
                0x0000000000011a80                __CTOR_END__ = .
                0x0000000000011a80                ___CTORS_END___ = .

.dtors          0x0000000000011a80        0x0
                0x0000000000011a80                . = ALIGN (0x40)
                0x0000000000011a80                __DTOR_LIST__ = .
                0x0000000000011a80                ___DTORS_LIST___ = .
 *crtbegin.o(.dtors)
 *(EXCLUDE_FILE(*crtend.o) .dtors)
 *(SORT(.dtors.*))
 *(.dtors)
                0x0000000000011a80                __DTOR_END__ = .
                0x0000000000011a80                ___DTORS_END___ = .

.fixup          0x0000000000011a80        0x0
                0x0000000000011a80                __fixup_start = .
 *(.fixup)
                0x0000000000011a80                __fixup_end = .

.eh_frame       0x0000000000011a80        0x4
 *(.eh_frame)
 .eh_frame      0x0000000000011a80        0x0 c:/xilinx/sdk/2018.3/gnu/aarch64/nt/aarch64-none/bin/../lib/gcc/aarch64-none-elf/7.3.1/crtbegin.o
 .eh_frame      0x0000000000011a80        0x4 c:/xilinx/sdk/2018.3/gnu/aarch64/nt/aarch64-none/bin/../lib/gcc/aarch64-none-elf/7.3.1/crtend.o

.eh_framehdr    0x0000000000011a84        0x0
                0x0000000000011a84                __eh_framehdr_start = .
 *(.eh_framehdr)
                0x0000000000011a84                __eh_framehdr_end = .

.gcc_except_table
 *(.gcc_except_table)

.mmu_tbl0       0x0000000000012000       0x10
                0x0000000000012000                __mmu_tbl0_start = .
 *(.mmu_tbl0)
 .mmu_tbl0      0x0000000000012000       0x10 ../../standalone_bsp_0/psu_cortexa53_0/lib\libxil.a(translation_table.o)
                0x0000000000012000                MMUTableL0
                0x0000000000012010                __mmu_tbl0_end = .

.mmu_tbl1       0x0000000000013000     0x2000
                0x0000000000013000                __mmu_tbl1_start = .
 *(.mmu_tbl1)
 .mmu_tbl1      0x0000000000013000     0x2000 ../../standalone_bsp_0/psu_cortexa53_0/lib\libxil.a(translation_table.o)
                0x0000000000013000                MMUTableL1
                0x0000000000015000                __mmu_tbl1_end = .

.mmu_tbl2       0x0000000000015000     0x4000
                0x0000000000015000                __mmu_tbl2_start = .
 *(.mmu_tbl2)
 .mmu_tbl2      0x0000000000015000     0x4000 ../../standalone_bsp_0/psu_cortexa53_0/lib\libxil.a(translation_table.o)
                0x0000000000015000                MMUTableL2
                0x0000000000019000                __mmu_tbl2_end = .

.rela.dyn       0x0000000000019000        0x0
 .rela.iplt     0x0000000000019000        0x0 c:/xilinx/sdk/2018.3/gnu/aarch64/nt/aarch64-none/bin/../lib/gcc/aarch64-none-elf/7.3.1/crtbegin.o
 .rela.text     0x0000000000019000        0x0 c:/xilinx/sdk/2018.3/gnu/aarch64/nt/aarch64-none/bin/../lib/gcc/aarch64-none-elf/7.3.1/crtbegin.o
 .rela.rodata.cst8
                0x0000000000019000        0x0 c:/xilinx/sdk/2018.3/gnu/aarch64/nt/aarch64-none/bin/../lib/gcc/aarch64-none-elf/7.3.1/crtbegin.o
 .rela.boot     0x0000000000019000        0x0 c:/xilinx/sdk/2018.3/gnu/aarch64/nt/aarch64-none/bin/../lib/gcc/aarch64-none-elf/7.3.1/crtbegin.o

.ARM.exidx      0x0000000000019000        0x0
                0x0000000000019000                __exidx_start = .
 *(.ARM.exidx*)
 *(.gnu.linkonce.armexidix.*.*)
                0x0000000000019000                __exidx_end = .

.preinit_array  0x0000000000019000        0x0
                0x0000000000019000                . = ALIGN (0x40)
                0x0000000000019000                __preinit_array_start = .
 *(SORT(.preinit_array.*))
 *(.preinit_array)
                0x0000000000019000                __preinit_array_end = .

.init_array     0x0000000000019000        0x8
                0x0000000000019000                . = ALIGN (0x40)
                0x0000000000019000                __init_array_start = .
 *(SORT(.init_array.*))
 *(.init_array)
 .init_array    0x0000000000019000        0x8 c:/xilinx/sdk/2018.3/gnu/aarch64/nt/aarch64-none/bin/../lib/gcc/aarch64-none-elf/7.3.1/crtbegin.o
                0x0000000000019008                __init_array_end = .

.fini_array     0x0000000000019008       0x40
                0x0000000000019040                . = ALIGN (0x40)
 *fill*         0x0000000000019008       0x38 
                0x0000000000019040                __fini_array_start = .
 *(SORT(.fini_array.*))
 *(.fini_array)
 .fini_array    0x0000000000019040        0x8 c:/xilinx/sdk/2018.3/gnu/aarch64/nt/aarch64-none/bin/../lib/gcc/aarch64-none-elf/7.3.1/crtbegin.o
                0x0000000000019048                __fini_array_end = .

.ARM.attributes
                0x0000000000019048        0x0
                0x0000000000019048                __ARM.attributes_start = .
 *(.ARM.attributes)
                0x0000000000019048                __ARM.attributes_end = .

.sdata          0x0000000000019048       0x38
                0x0000000000019080                . = ALIGN (0x40)
 *fill*         0x0000000000019048       0x38 
                0x0000000000019080                __sdata_start = .
 *(.sdata)
 *(.sdata.*)
 *(.gnu.linkonce.s.*)
                0x0000000000019080                __sdata_end = .

.sbss           0x0000000000019080        0x0
                0x0000000000019080                . = ALIGN (0x40)
                0x0000000000019080                __sbss_start = .
 *(.sbss)
 *(.sbss.*)
 *(.gnu.linkonce.sb.*)
                0x0000000000019080                . = ALIGN (0x40)
                0x0000000000019080                __sbss_end = .

.tdata          0x0000000000019080        0x0
                0x0000000000019080                . = ALIGN (0x40)
                0x0000000000019080                __tdata_start = .
 *(.tdata)
 *(.tdata.*)
 *(.gnu.linkonce.td.*)
                0x0000000000019080                __tdata_end = .

.tbss           0x0000000000019080        0x0
                0x0000000000019080                . = ALIGN (0x40)
                0x0000000000019080                __tbss_start = .
 *(.tbss)
 *(.tbss.*)
 *(.gnu.linkonce.tb.*)
                0x0000000000019080                __tbss_end = .

.bss            0x0000000000019080       0xc0
                0x0000000000019080                . = ALIGN (0x40)
                0x0000000000019080                __bss_start__ = .
 *(.bss)
 .bss           0x0000000000019080        0x0 c:/xilinx/sdk/2018.3/gnu/aarch64/nt/aarch64-none/bin/../lib/gcc/aarch64-none-elf/7.3.1/crti.o
 .bss           0x0000000000019080       0x38 c:/xilinx/sdk/2018.3/gnu/aarch64/nt/aarch64-none/bin/../lib/gcc/aarch64-none-elf/7.3.1/crtbegin.o
 .bss           0x00000000000190b8        0x0 c:/xilinx/sdk/2018.3/gnu/aarch64/nt/aarch64-none/bin/../aarch64-none-elf/libc/usr/lib/crt0.o
 .bss           0x00000000000190b8        0x0 ./src/AXI_mem_access.o
 .bss           0x00000000000190b8        0x0 ./src/main.o
 .bss           0x00000000000190b8        0x0 ./src/platform.o
 .bss           0x00000000000190b8        0x0 ./noh-firmware/AXI_simple_gpio_core/drivers/AXI_Simple_GPIO_Core.o
 .bss           0x00000000000190b8        0x0 ./noh-firmware/AXI_simple_gpio_core/drivers/AXI_mem_access.o
 .bss           0x00000000000190b8        0x0 ./noh-firmware/AXI_UART_core/drivers/AXI_UART_master_core.o
 .bss           0x00000000000190b8        0x0 ./noh-firmware/AXI_I2C_core/drivers/AXI_i2c.o
 .bss           0x00000000000190b8        0x0 ./noh-firmware/AXI_DMM_core/drivers/AXI_DMM_core_driver.o
 .bss           0x00000000000190b8        0x0 ./noh-firmware/AXI_DAC_core/drivers/AXI_DAC_core_driver.o
 .bss           0x00000000000190b8        0x0 ./noh-firmware/AXI_CAN_core/drivers/AXI_CAN_core.o
 .bss           0x00000000000190b8        0x0 ./noh-firmware/AXI_ADC_core/drivers/AXI_ADC_core_driver.o
 .bss           0x00000000000190b8        0x0 ../../standalone_bsp_0/psu_cortexa53_0/lib\libxil.a(asm_vectors.o)
 .bss           0x00000000000190b8        0x0 ../../standalone_bsp_0/psu_cortexa53_0/lib\libxil.a(boot.o)
 .bss           0x00000000000190b8        0x0 ../../standalone_bsp_0/psu_cortexa53_0/lib\libxil.a(initialise_monitor_handles.o)
 .bss           0x00000000000190b8        0x0 ../../standalone_bsp_0/psu_cortexa53_0/lib\libxil.a(translation_table.o)
 .bss           0x00000000000190b8        0x0 ../../standalone_bsp_0/psu_cortexa53_0/lib\libxil.a(vectors.o)
 .bss           0x00000000000190b8        0x0 ../../standalone_bsp_0/psu_cortexa53_0/lib\libxil.a(xil-crt0.o)
 .bss           0x00000000000190b8        0x0 ../../standalone_bsp_0/psu_cortexa53_0/lib\libxil.a(xil_cache.o)
 .bss           0x00000000000190b8        0x0 ../../standalone_bsp_0/psu_cortexa53_0/lib\libxil.a(xil_exception.o)
 .bss           0x00000000000190b8        0x0 ../../standalone_bsp_0/psu_cortexa53_0/lib\libxil.a(xil_sleepcommon.o)
 .bss           0x00000000000190b8        0x0 ../../standalone_bsp_0/psu_cortexa53_0/lib\libxil.a(sleep.o)
 .bss           0x00000000000190b8        0x0 ../../standalone_bsp_0/psu_cortexa53_0/lib\libxil.a(xtime_l.o)
 .bss           0x00000000000190b8        0x0 c:/xilinx/sdk/2018.3/gnu/aarch64/nt/aarch64-none/bin/../aarch64-none-elf/libc/usr/lib\libc.a(lib_a-atexit.o)
 .bss           0x00000000000190b8        0x0 c:/xilinx/sdk/2018.3/gnu/aarch64/nt/aarch64-none/bin/../aarch64-none-elf/libc/usr/lib\libc.a(lib_a-exit.o)
 .bss           0x00000000000190b8        0x0 c:/xilinx/sdk/2018.3/gnu/aarch64/nt/aarch64-none/bin/../aarch64-none-elf/libc/usr/lib\libc.a(lib_a-fini.o)
 .bss           0x00000000000190b8        0x0 c:/xilinx/sdk/2018.3/gnu/aarch64/nt/aarch64-none/bin/../aarch64-none-elf/libc/usr/lib\libc.a(lib_a-impure.o)
 .bss           0x00000000000190b8        0x0 c:/xilinx/sdk/2018.3/gnu/aarch64/nt/aarch64-none/bin/../aarch64-none-elf/libc/usr/lib\libc.a(lib_a-init.o)
 .bss           0x00000000000190b8        0x0 c:/xilinx/sdk/2018.3/gnu/aarch64/nt/aarch64-none/bin/../aarch64-none-elf/libc/usr/lib\libc.a(lib_a-malloc.o)
 .bss           0x00000000000190b8       0x40 c:/xilinx/sdk/2018.3/gnu/aarch64/nt/aarch64-none/bin/../aarch64-none-elf/libc/usr/lib\libc.a(lib_a-mallocr.o)
                0x00000000000190b8                __malloc_top_pad
                0x00000000000190c0                __malloc_current_mallinfo
                0x00000000000190e8                __malloc_max_sbrked_mem
                0x00000000000190f0                __malloc_max_total_mem
 .bss           0x00000000000190f8        0x0 c:/xilinx/sdk/2018.3/gnu/aarch64/nt/aarch64-none/bin/../aarch64-none-elf/libc/usr/lib\libc.a(lib_a-memcpy.o)
 .bss           0x00000000000190f8        0x0 c:/xilinx/sdk/2018.3/gnu/aarch64/nt/aarch64-none/bin/../aarch64-none-elf/libc/usr/lib\libc.a(lib_a-memset.o)
 .bss           0x00000000000190f8        0x0 c:/xilinx/sdk/2018.3/gnu/aarch64/nt/aarch64-none/bin/../aarch64-none-elf/libc/usr/lib\libc.a(lib_a-mlock.o)
 .bss           0x00000000000190f8        0x0 c:/xilinx/sdk/2018.3/gnu/aarch64/nt/aarch64-none/bin/../aarch64-none-elf/libc/usr/lib\libc.a(lib_a-printf.o)
 .bss           0x00000000000190f8        0x0 c:/xilinx/sdk/2018.3/gnu/aarch64/nt/aarch64-none/bin/../aarch64-none-elf/libc/usr/lib\libc.a(lib_a-putchar.o)
 .bss           0x00000000000190f8        0x0 c:/xilinx/sdk/2018.3/gnu/aarch64/nt/aarch64-none/bin/../aarch64-none-elf/libc/usr/lib\libc.a(lib_a-putc.o)
 .bss           0x00000000000190f8        0x0 c:/xilinx/sdk/2018.3/gnu/aarch64/nt/aarch64-none/bin/../aarch64-none-elf/libc/usr/lib\libc.a(lib_a-puts.o)
 .bss           0x00000000000190f8        0x0 c:/xilinx/sdk/2018.3/gnu/aarch64/nt/aarch64-none/bin/../aarch64-none-elf/libc/usr/lib\libc.a(lib_a-rget.o)
 .bss           0x00000000000190f8        0x0 c:/xilinx/sdk/2018.3/gnu/aarch64/nt/aarch64-none/bin/../aarch64-none-elf/libc/usr/lib\libc.a(lib_a-sbrkr.o)
 .bss           0x00000000000190f8        0x0 c:/xilinx/sdk/2018.3/gnu/aarch64/nt/aarch64-none/bin/../aarch64-none-elf/libc/usr/lib\libc.a(lib_a-strchr.o)
 .bss           0x00000000000190f8        0x0 c:/xilinx/sdk/2018.3/gnu/aarch64/nt/aarch64-none/bin/../aarch64-none-elf/libc/usr/lib\libc.a(lib_a-strlen.o)
 .bss           0x00000000000190f8        0x0 c:/xilinx/sdk/2018.3/gnu/aarch64/nt/aarch64-none/bin/../aarch64-none-elf/libc/usr/lib\libc.a(lib_a-strtol.o)
 .bss           0x00000000000190f8        0x0 c:/xilinx/sdk/2018.3/gnu/aarch64/nt/aarch64-none/bin/../aarch64-none-elf/libc/usr/lib\libc.a(lib_a-vfprintf.o)
 .bss           0x00000000000190f8        0x0 c:/xilinx/sdk/2018.3/gnu/aarch64/nt/aarch64-none/bin/../aarch64-none-elf/libc/usr/lib\libc.a(lib_a-wbuf.o)
 .bss           0x00000000000190f8        0x0 c:/xilinx/sdk/2018.3/gnu/aarch64/nt/aarch64-none/bin/../aarch64-none-elf/libc/usr/lib\libc.a(lib_a-wsetup.o)
 .bss           0x00000000000190f8        0x0 c:/xilinx/sdk/2018.3/gnu/aarch64/nt/aarch64-none/bin/../aarch64-none-elf/libc/usr/lib\libc.a(lib_a-__atexit.o)
 .bss           0x00000000000190f8        0x0 c:/xilinx/sdk/2018.3/gnu/aarch64/nt/aarch64-none/bin/../aarch64-none-elf/libc/usr/lib\libc.a(lib_a-__call_atexit.o)
 .bss           0x00000000000190f8        0x0 c:/xilinx/sdk/2018.3/gnu/aarch64/nt/aarch64-none/bin/../aarch64-none-elf/libc/usr/lib\libc.a(lib_a-ctype_.o)
 .bss           0x00000000000190f8        0x0 c:/xilinx/sdk/2018.3/gnu/aarch64/nt/aarch64-none/bin/../aarch64-none-elf/libc/usr/lib\libc.a(lib_a-dtoa.o)
 .bss           0x00000000000190f8        0x0 c:/xilinx/sdk/2018.3/gnu/aarch64/nt/aarch64-none/bin/../aarch64-none-elf/libc/usr/lib\libc.a(lib_a-fflush.o)
 .bss           0x00000000000190f8        0x0 c:/xilinx/sdk/2018.3/gnu/aarch64/nt/aarch64-none/bin/../aarch64-none-elf/libc/usr/lib\libc.a(lib_a-findfp.o)
 .bss           0x00000000000190f8        0x0 c:/xilinx/sdk/2018.3/gnu/aarch64/nt/aarch64-none/bin/../aarch64-none-elf/libc/usr/lib\libc.a(lib_a-freer.o)
 .bss           0x00000000000190f8        0x0 c:/xilinx/sdk/2018.3/gnu/aarch64/nt/aarch64-none/bin/../aarch64-none-elf/libc/usr/lib\libc.a(lib_a-fvwrite.o)
 .bss           0x00000000000190f8        0x0 c:/xilinx/sdk/2018.3/gnu/aarch64/nt/aarch64-none/bin/../aarch64-none-elf/libc/usr/lib\libc.a(lib_a-fwalk.o)
 .bss           0x00000000000190f8       0x10 c:/xilinx/sdk/2018.3/gnu/aarch64/nt/aarch64-none/bin/../aarch64-none-elf/libc/usr/lib\libc.a(lib_a-locale.o)
                0x00000000000190f8                _PathLocale
                0x0000000000019100                __mlocale_changed
                0x0000000000019104                __nlocale_changed
 .bss           0x0000000000019108        0x0 c:/xilinx/sdk/2018.3/gnu/aarch64/nt/aarch64-none/bin/../aarch64-none-elf/libc/usr/lib\libc.a(lib_a-makebuf.o)
 .bss           0x0000000000019108        0x0 c:/xilinx/sdk/2018.3/gnu/aarch64/nt/aarch64-none/bin/../aarch64-none-elf/libc/usr/lib\libc.a(lib_a-memchr.o)
 .bss           0x0000000000019108        0x0 c:/xilinx/sdk/2018.3/gnu/aarch64/nt/aarch64-none/bin/../aarch64-none-elf/libc/usr/lib\libc.a(lib_a-memmove.o)
 .bss           0x0000000000019108        0x0 c:/xilinx/sdk/2018.3/gnu/aarch64/nt/aarch64-none/bin/../aarch64-none-elf/libc/usr/lib\libc.a(lib_a-mprec.o)
 .bss           0x0000000000019108        0x0 c:/xilinx/sdk/2018.3/gnu/aarch64/nt/aarch64-none/bin/../aarch64-none-elf/libc/usr/lib\libc.a(lib_a-reallocr.o)
 .bss           0x0000000000019108        0x0 c:/xilinx/sdk/2018.3/gnu/aarch64/nt/aarch64-none/bin/../aarch64-none-elf/libc/usr/lib\libc.a(lib_a-reent.o)
 .bss           0x0000000000019108        0x0 c:/xilinx/sdk/2018.3/gnu/aarch64/nt/aarch64-none/bin/../aarch64-none-elf/libc/usr/lib\libc.a(lib_a-refill.o)
 .bss           0x0000000000019108        0x0 c:/xilinx/sdk/2018.3/gnu/aarch64/nt/aarch64-none/bin/../aarch64-none-elf/libc/usr/lib\libc.a(lib_a-s_frexp.o)
 .bss           0x0000000000019108        0x0 c:/xilinx/sdk/2018.3/gnu/aarch64/nt/aarch64-none/bin/../aarch64-none-elf/libc/usr/lib\libc.a(lib_a-stdio.o)
 .bss           0x0000000000019108        0x0 c:/xilinx/sdk/2018.3/gnu/aarch64/nt/aarch64-none/bin/../aarch64-none-elf/libc/usr/lib\libc.a(lib_a-strcmp.o)
 .bss           0x0000000000019108        0x0 c:/xilinx/sdk/2018.3/gnu/aarch64/nt/aarch64-none/bin/../aarch64-none-elf/libc/usr/lib\libc.a(lib_a-strncpy.o)
 .bss           0x0000000000019108        0x0 c:/xilinx/sdk/2018.3/gnu/aarch64/nt/aarch64-none/bin/../aarch64-none-elf/libc/usr/lib\libc.a(lib_a-vfiprintf.o)
 .bss           0x0000000000019108        0x0 c:/xilinx/sdk/2018.3/gnu/aarch64/nt/aarch64-none/bin/../aarch64-none-elf/libc/usr/lib\libc.a(lib_a-writer.o)
 .bss           0x0000000000019108        0x0 c:/xilinx/sdk/2018.3/gnu/aarch64/nt/aarch64-none/bin/../aarch64-none-elf/libc/usr/lib\libc.a(lib_a-callocr.o)
 .bss           0x0000000000019108        0x0 c:/xilinx/sdk/2018.3/gnu/aarch64/nt/aarch64-none/bin/../aarch64-none-elf/libc/usr/lib\libc.a(lib_a-closer.o)
 .bss           0x0000000000019108        0x0 c:/xilinx/sdk/2018.3/gnu/aarch64/nt/aarch64-none/bin/../aarch64-none-elf/libc/usr/lib\libc.a(lib_a-fclose.o)
 .bss           0x0000000000019108        0x0 c:/xilinx/sdk/2018.3/gnu/aarch64/nt/aarch64-none/bin/../aarch64-none-elf/libc/usr/lib\libc.a(lib_a-fputwc.o)
 .bss           0x0000000000019108        0x0 c:/xilinx/sdk/2018.3/gnu/aarch64/nt/aarch64-none/bin/../aarch64-none-elf/libc/usr/lib\libc.a(lib_a-fstatr.o)
 .bss           0x0000000000019108        0x0 c:/xilinx/sdk/2018.3/gnu/aarch64/nt/aarch64-none/bin/../aarch64-none-elf/libc/usr/lib\libc.a(lib_a-isattyr.o)
 .bss           0x0000000000019108        0x0 c:/xilinx/sdk/2018.3/gnu/aarch64/nt/aarch64-none/bin/../aarch64-none-elf/libc/usr/lib\libc.a(lib_a-lseekr.o)
 .bss           0x0000000000019108        0x0 c:/xilinx/sdk/2018.3/gnu/aarch64/nt/aarch64-none/bin/../aarch64-none-elf/libc/usr/lib\libc.a(lib_a-readr.o)
 .bss           0x0000000000019108        0x0 c:/xilinx/sdk/2018.3/gnu/aarch64/nt/aarch64-none/bin/../aarch64-none-elf/libc/usr/lib\libc.a(lib_a-wcrtomb.o)
 .bss           0x0000000000019108        0x0 c:/xilinx/sdk/2018.3/gnu/aarch64/nt/aarch64-none/bin/../aarch64-none-elf/libc/usr/lib\libc.a(lib_a-wctomb_r.o)
 .bss           0x0000000000019108        0x0 ../../standalone_bsp_0/psu_cortexa53_0/lib\libxil.a(_exit.o)
 .bss           0x0000000000019108        0x8 ../../standalone_bsp_0/psu_cortexa53_0/lib\libxil.a(_sbrk.o)
 .bss           0x0000000000019110        0x0 ../../standalone_bsp_0/psu_cortexa53_0/lib\libxil.a(close.o)
 .bss           0x0000000000019110        0x0 ../../standalone_bsp_0/psu_cortexa53_0/lib\libxil.a(fstat.o)
 .bss           0x0000000000019110        0x0 ../../standalone_bsp_0/psu_cortexa53_0/lib\libxil.a(isatty.o)
 .bss           0x0000000000019110        0x0 ../../standalone_bsp_0/psu_cortexa53_0/lib\libxil.a(lseek.o)
 .bss           0x0000000000019110        0x0 ../../standalone_bsp_0/psu_cortexa53_0/lib\libxil.a(read.o)
 .bss           0x0000000000019110        0x0 ../../standalone_bsp_0/psu_cortexa53_0/lib\libxil.a(write.o)
 .bss           0x0000000000019110        0x0 ../../standalone_bsp_0/psu_cortexa53_0/lib\libxil.a(errno.o)
 .bss           0x0000000000019110        0x0 ../../standalone_bsp_0/psu_cortexa53_0/lib\libxil.a(inbyte.o)
 .bss           0x0000000000019110        0x0 ../../standalone_bsp_0/psu_cortexa53_0/lib\libxil.a(outbyte.o)
 .bss           0x0000000000019110        0x0 ../../standalone_bsp_0/psu_cortexa53_0/lib\libxil.a(xuartps_hw.o)
 .bss           0x0000000000019110        0x0 c:/xilinx/sdk/2018.3/gnu/aarch64/nt/aarch64-none/bin/../lib/gcc/aarch64-none-elf/7.3.1\libgcc.a(trunctfdf2.o)
 .bss           0x0000000000019110        0x0 c:/xilinx/sdk/2018.3/gnu/aarch64/nt/aarch64-none/bin/../lib/gcc/aarch64-none-elf/7.3.1\libgcc.a(sfp-exceptions.o)
 .bss           0x0000000000019110        0x0 c:/xilinx/sdk/2018.3/gnu/aarch64/nt/aarch64-none/bin/../lib/gcc/aarch64-none-elf/7.3.1/crtend.o
 .bss           0x0000000000019110        0x0 c:/xilinx/sdk/2018.3/gnu/aarch64/nt/aarch64-none/bin/../lib/gcc/aarch64-none-elf/7.3.1/crtn.o
 *(.bss.*)
 *(.gnu.linkonce.b.*)
 *(COMMON)
 COMMON         0x0000000000019110        0x8 ./src/main.o
                0x0000000000019110                ATC_ADC_cal_data
 COMMON         0x0000000000019118        0x8 ./noh-firmware/AXI_simple_gpio_core/drivers/AXI_Simple_GPIO_Core.o
                0x0000000000019118                AxiGPOData
                0x000000000001911c                AxiData
 COMMON         0x0000000000019120        0x4 c:/xilinx/sdk/2018.3/gnu/aarch64/nt/aarch64-none/bin/../aarch64-none-elf/libc/usr/lib\libc.a(lib_a-reent.o)
                0x0000000000019120                errno
                0x0000000000019140                . = ALIGN (0x40)
 *fill*         0x0000000000019124       0x1c 
                0x0000000000019140                __bss_end__ = .
                0x0000000000019080                _SDA_BASE_ = (__sdata_start + ((__sbss_end - __sdata_start) / 0x2))
                0x00000000000108c0                _SDA2_BASE_ = (__sdata2_start + ((__sbss2_end - __sdata2_start) / 0x2))

.heap           0x0000000000019140     0x2000
                0x0000000000019140                . = ALIGN (0x40)
                0x0000000000019140                _heap = .
                0x0000000000019140                HeapBase = .
                0x0000000000019140                _heap_start = .
                0x000000000001b140                . = (. + _HEAP_SIZE)
 *fill*         0x0000000000019140     0x2000 
                0x000000000001b140                _heap_end = .
                0x000000000001b140                HeapLimit = .

.stack          0x000000000001b140     0x3000
                0x000000000001b140                . = ALIGN (0x40)
                0x000000000001b140                _el3_stack_end = .
                0x000000000001d140                . = (. + _STACK_SIZE)
 *fill*         0x000000000001b140     0x2000 
                0x000000000001d140                __el3_stack = .
                0x000000000001d140                _el2_stack_end = .
                0x000000000001d540                . = (. + _EL2_STACK_SIZE)
 *fill*         0x000000000001d140      0x400 
                0x000000000001d540                . = ALIGN (0x40)
                0x000000000001d540                __el2_stack = .
                0x000000000001d540                _el1_stack_end = .
                0x000000000001dd40                . = (. + _EL1_STACK_SIZE)
 *fill*         0x000000000001d540      0x800 
                0x000000000001dd40                . = ALIGN (0x40)
                0x000000000001dd40                __el1_stack = .
                0x000000000001dd40                _el0_stack_end = .
                0x000000000001e140                . = (. + _EL0_STACK_SIZE)
 *fill*         0x000000000001dd40      0x400 
                0x000000000001e140                . = ALIGN (0x40)
                0x000000000001e140                __el0_stack = .
                0x000000000001e140                _end = .
LOAD ./src/AXI_mem_access.o
LOAD ./src/main.o
LOAD ./src/platform.o
LOAD ./noh-firmware/AXI_simple_gpio_core/drivers/AXI_Simple_GPIO_Core.o
LOAD ./noh-firmware/AXI_simple_gpio_core/drivers/AXI_mem_access.o
LOAD ./noh-firmware/AXI_UART_core/drivers/AXI_UART_master_core.o
LOAD ./noh-firmware/AXI_I2C_core/drivers/AXI_i2c.o
LOAD ./noh-firmware/AXI_DMM_core/drivers/AXI_DMM_core_driver.o
LOAD ./noh-firmware/AXI_DAC_core/drivers/AXI_DAC_core_driver.o
LOAD ./noh-firmware/AXI_CAN_core/drivers/AXI_CAN_core.o
LOAD ./noh-firmware/AXI_ADC_core/drivers/AXI_ADC_core_driver.o
START GROUP
LOAD ../../standalone_bsp_0/psu_cortexa53_0/lib\libxil.a
LOAD c:/xilinx/sdk/2018.3/gnu/aarch64/nt/aarch64-none/bin/../lib/gcc/aarch64-none-elf/7.3.1\libgcc.a
LOAD c:/xilinx/sdk/2018.3/gnu/aarch64/nt/aarch64-none/bin/../aarch64-none-elf/libc/usr/lib\libc.a
END GROUP
LOAD c:/xilinx/sdk/2018.3/gnu/aarch64/nt/aarch64-none/bin/../lib/gcc/aarch64-none-elf/7.3.1\libgcc.a
LOAD c:/xilinx/sdk/2018.3/gnu/aarch64/nt/aarch64-none/bin/../aarch64-none-elf/libc/usr/lib\libc.a
LOAD c:/xilinx/sdk/2018.3/gnu/aarch64/nt/aarch64-none/bin/../lib/gcc/aarch64-none-elf/7.3.1\libgcc.a
LOAD c:/xilinx/sdk/2018.3/gnu/aarch64/nt/aarch64-none/bin/../lib/gcc/aarch64-none-elf/7.3.1/crtend.o
LOAD c:/xilinx/sdk/2018.3/gnu/aarch64/nt/aarch64-none/bin/../lib/gcc/aarch64-none-elf/7.3.1/crtn.o
OUTPUT(test_app.elf elf64-littleaarch64)

.comment        0x0000000000000000       0x31
 .comment       0x0000000000000000       0x31 c:/xilinx/sdk/2018.3/gnu/aarch64/nt/aarch64-none/bin/../lib/gcc/aarch64-none-elf/7.3.1/crtbegin.o
                                         0x32 (size before relaxing)
 .comment       0x0000000000000031       0x32 ./src/AXI_mem_access.o
 .comment       0x0000000000000031       0x32 ./src/main.o
 .comment       0x0000000000000031       0x32 ./src/platform.o
 .comment       0x0000000000000031       0x32 ./noh-firmware/AXI_simple_gpio_core/drivers/AXI_Simple_GPIO_Core.o
 .comment       0x0000000000000031       0x32 ./noh-firmware/AXI_simple_gpio_core/drivers/AXI_mem_access.o
 .comment       0x0000000000000031       0x32 ./noh-firmware/AXI_UART_core/drivers/AXI_UART_master_core.o
 .comment       0x0000000000000031       0x32 ./noh-firmware/AXI_I2C_core/drivers/AXI_i2c.o
 .comment       0x0000000000000031       0x32 ./noh-firmware/AXI_DMM_core/drivers/AXI_DMM_core_driver.o
 .comment       0x0000000000000031       0x32 ./noh-firmware/AXI_DAC_core/drivers/AXI_DAC_core_driver.o
 .comment       0x0000000000000031       0x32 ./noh-firmware/AXI_CAN_core/drivers/AXI_CAN_core.o
 .comment       0x0000000000000031       0x32 ./noh-firmware/AXI_ADC_core/drivers/AXI_ADC_core_driver.o
 .comment       0x0000000000000031       0x32 ../../standalone_bsp_0/psu_cortexa53_0/lib\libxil.a(initialise_monitor_handles.o)
 .comment       0x0000000000000031       0x32 ../../standalone_bsp_0/psu_cortexa53_0/lib\libxil.a(vectors.o)
 .comment       0x0000000000000031       0x32 ../../standalone_bsp_0/psu_cortexa53_0/lib\libxil.a(xil_cache.o)
 .comment       0x0000000000000031       0x32 ../../standalone_bsp_0/psu_cortexa53_0/lib\libxil.a(xil_exception.o)
 .comment       0x0000000000000031       0x32 ../../standalone_bsp_0/psu_cortexa53_0/lib\libxil.a(xil_sleepcommon.o)
 .comment       0x0000000000000031       0x32 ../../standalone_bsp_0/psu_cortexa53_0/lib\libxil.a(sleep.o)
 .comment       0x0000000000000031       0x32 ../../standalone_bsp_0/psu_cortexa53_0/lib\libxil.a(xtime_l.o)
 .comment       0x0000000000000031       0x32 c:/xilinx/sdk/2018.3/gnu/aarch64/nt/aarch64-none/bin/../aarch64-none-elf/libc/usr/lib\libc.a(lib_a-atexit.o)
 .comment       0x0000000000000031       0x32 c:/xilinx/sdk/2018.3/gnu/aarch64/nt/aarch64-none/bin/../aarch64-none-elf/libc/usr/lib\libc.a(lib_a-exit.o)
 .comment       0x0000000000000031       0x32 c:/xilinx/sdk/2018.3/gnu/aarch64/nt/aarch64-none/bin/../aarch64-none-elf/libc/usr/lib\libc.a(lib_a-fini.o)
 .comment       0x0000000000000031       0x32 c:/xilinx/sdk/2018.3/gnu/aarch64/nt/aarch64-none/bin/../aarch64-none-elf/libc/usr/lib\libc.a(lib_a-impure.o)
 .comment       0x0000000000000031       0x32 c:/xilinx/sdk/2018.3/gnu/aarch64/nt/aarch64-none/bin/../aarch64-none-elf/libc/usr/lib\libc.a(lib_a-init.o)
 .comment       0x0000000000000031       0x32 c:/xilinx/sdk/2018.3/gnu/aarch64/nt/aarch64-none/bin/../aarch64-none-elf/libc/usr/lib\libc.a(lib_a-malloc.o)
 .comment       0x0000000000000031       0x32 c:/xilinx/sdk/2018.3/gnu/aarch64/nt/aarch64-none/bin/../aarch64-none-elf/libc/usr/lib\libc.a(lib_a-mallocr.o)
 .comment       0x0000000000000031       0x32 c:/xilinx/sdk/2018.3/gnu/aarch64/nt/aarch64-none/bin/../aarch64-none-elf/libc/usr/lib\libc.a(lib_a-mlock.o)
 .comment       0x0000000000000031       0x32 c:/xilinx/sdk/2018.3/gnu/aarch64/nt/aarch64-none/bin/../aarch64-none-elf/libc/usr/lib\libc.a(lib_a-printf.o)
 .comment       0x0000000000000031       0x32 c:/xilinx/sdk/2018.3/gnu/aarch64/nt/aarch64-none/bin/../aarch64-none-elf/libc/usr/lib\libc.a(lib_a-putchar.o)
 .comment       0x0000000000000031       0x32 c:/xilinx/sdk/2018.3/gnu/aarch64/nt/aarch64-none/bin/../aarch64-none-elf/libc/usr/lib\libc.a(lib_a-putc.o)
 .comment       0x0000000000000031       0x32 c:/xilinx/sdk/2018.3/gnu/aarch64/nt/aarch64-none/bin/../aarch64-none-elf/libc/usr/lib\libc.a(lib_a-puts.o)
 .comment       0x0000000000000031       0x32 c:/xilinx/sdk/2018.3/gnu/aarch64/nt/aarch64-none/bin/../aarch64-none-elf/libc/usr/lib\libc.a(lib_a-rget.o)
 .comment       0x0000000000000031       0x32 c:/xilinx/sdk/2018.3/gnu/aarch64/nt/aarch64-none/bin/../aarch64-none-elf/libc/usr/lib\libc.a(lib_a-sbrkr.o)
 .comment       0x0000000000000031       0x32 c:/xilinx/sdk/2018.3/gnu/aarch64/nt/aarch64-none/bin/../aarch64-none-elf/libc/usr/lib\libc.a(lib_a-strtol.o)
 .comment       0x0000000000000031       0x32 c:/xilinx/sdk/2018.3/gnu/aarch64/nt/aarch64-none/bin/../aarch64-none-elf/libc/usr/lib\libc.a(lib_a-vfprintf.o)
 .comment       0x0000000000000031       0x32 c:/xilinx/sdk/2018.3/gnu/aarch64/nt/aarch64-none/bin/../aarch64-none-elf/libc/usr/lib\libc.a(lib_a-wbuf.o)
 .comment       0x0000000000000031       0x32 c:/xilinx/sdk/2018.3/gnu/aarch64/nt/aarch64-none/bin/../aarch64-none-elf/libc/usr/lib\libc.a(lib_a-wsetup.o)
 .comment       0x0000000000000031       0x32 c:/xilinx/sdk/2018.3/gnu/aarch64/nt/aarch64-none/bin/../aarch64-none-elf/libc/usr/lib\libc.a(lib_a-__atexit.o)
 .comment       0x0000000000000031       0x32 c:/xilinx/sdk/2018.3/gnu/aarch64/nt/aarch64-none/bin/../aarch64-none-elf/libc/usr/lib\libc.a(lib_a-__call_atexit.o)
 .comment       0x0000000000000031       0x32 c:/xilinx/sdk/2018.3/gnu/aarch64/nt/aarch64-none/bin/../aarch64-none-elf/libc/usr/lib\libc.a(lib_a-ctype_.o)
 .comment       0x0000000000000031       0x32 c:/xilinx/sdk/2018.3/gnu/aarch64/nt/aarch64-none/bin/../aarch64-none-elf/libc/usr/lib\libc.a(lib_a-dtoa.o)
 .comment       0x0000000000000031       0x32 c:/xilinx/sdk/2018.3/gnu/aarch64/nt/aarch64-none/bin/../aarch64-none-elf/libc/usr/lib\libc.a(lib_a-fflush.o)
 .comment       0x0000000000000031       0x32 c:/xilinx/sdk/2018.3/gnu/aarch64/nt/aarch64-none/bin/../aarch64-none-elf/libc/usr/lib\libc.a(lib_a-findfp.o)
 .comment       0x0000000000000031       0x32 c:/xilinx/sdk/2018.3/gnu/aarch64/nt/aarch64-none/bin/../aarch64-none-elf/libc/usr/lib\libc.a(lib_a-freer.o)
 .comment       0x0000000000000031       0x32 c:/xilinx/sdk/2018.3/gnu/aarch64/nt/aarch64-none/bin/../aarch64-none-elf/libc/usr/lib\libc.a(lib_a-fvwrite.o)
 .comment       0x0000000000000031       0x32 c:/xilinx/sdk/2018.3/gnu/aarch64/nt/aarch64-none/bin/../aarch64-none-elf/libc/usr/lib\libc.a(lib_a-fwalk.o)
 .comment       0x0000000000000031       0x32 c:/xilinx/sdk/2018.3/gnu/aarch64/nt/aarch64-none/bin/../aarch64-none-elf/libc/usr/lib\libc.a(lib_a-locale.o)
 .comment       0x0000000000000031       0x32 c:/xilinx/sdk/2018.3/gnu/aarch64/nt/aarch64-none/bin/../aarch64-none-elf/libc/usr/lib\libc.a(lib_a-makebuf.o)
 .comment       0x0000000000000031       0x32 c:/xilinx/sdk/2018.3/gnu/aarch64/nt/aarch64-none/bin/../aarch64-none-elf/libc/usr/lib\libc.a(lib_a-mprec.o)
 .comment       0x0000000000000031       0x32 c:/xilinx/sdk/2018.3/gnu/aarch64/nt/aarch64-none/bin/../aarch64-none-elf/libc/usr/lib\libc.a(lib_a-reallocr.o)
 .comment       0x0000000000000031       0x32 c:/xilinx/sdk/2018.3/gnu/aarch64/nt/aarch64-none/bin/../aarch64-none-elf/libc/usr/lib\libc.a(lib_a-reent.o)
 .comment       0x0000000000000031       0x32 c:/xilinx/sdk/2018.3/gnu/aarch64/nt/aarch64-none/bin/../aarch64-none-elf/libc/usr/lib\libc.a(lib_a-refill.o)
 .comment       0x0000000000000031       0x32 c:/xilinx/sdk/2018.3/gnu/aarch64/nt/aarch64-none/bin/../aarch64-none-elf/libc/usr/lib\libc.a(lib_a-s_frexp.o)
 .comment       0x0000000000000031       0x32 c:/xilinx/sdk/2018.3/gnu/aarch64/nt/aarch64-none/bin/../aarch64-none-elf/libc/usr/lib\libc.a(lib_a-stdio.o)
 .comment       0x0000000000000031       0x32 c:/xilinx/sdk/2018.3/gnu/aarch64/nt/aarch64-none/bin/../aarch64-none-elf/libc/usr/lib\libc.a(lib_a-strncpy.o)
 .comment       0x0000000000000031       0x32 c:/xilinx/sdk/2018.3/gnu/aarch64/nt/aarch64-none/bin/../aarch64-none-elf/libc/usr/lib\libc.a(lib_a-vfiprintf.o)
 .comment       0x0000000000000031       0x32 c:/xilinx/sdk/2018.3/gnu/aarch64/nt/aarch64-none/bin/../aarch64-none-elf/libc/usr/lib\libc.a(lib_a-writer.o)
 .comment       0x0000000000000031       0x32 c:/xilinx/sdk/2018.3/gnu/aarch64/nt/aarch64-none/bin/../aarch64-none-elf/libc/usr/lib\libc.a(lib_a-callocr.o)
 .comment       0x0000000000000031       0x32 c:/xilinx/sdk/2018.3/gnu/aarch64/nt/aarch64-none/bin/../aarch64-none-elf/libc/usr/lib\libc.a(lib_a-closer.o)
 .comment       0x0000000000000031       0x32 c:/xilinx/sdk/2018.3/gnu/aarch64/nt/aarch64-none/bin/../aarch64-none-elf/libc/usr/lib\libc.a(lib_a-fclose.o)
 .comment       0x0000000000000031       0x32 c:/xilinx/sdk/2018.3/gnu/aarch64/nt/aarch64-none/bin/../aarch64-none-elf/libc/usr/lib\libc.a(lib_a-fputwc.o)
 .comment       0x0000000000000031       0x32 c:/xilinx/sdk/2018.3/gnu/aarch64/nt/aarch64-none/bin/../aarch64-none-elf/libc/usr/lib\libc.a(lib_a-fstatr.o)
 .comment       0x0000000000000031       0x32 c:/xilinx/sdk/2018.3/gnu/aarch64/nt/aarch64-none/bin/../aarch64-none-elf/libc/usr/lib\libc.a(lib_a-isattyr.o)
 .comment       0x0000000000000031       0x32 c:/xilinx/sdk/2018.3/gnu/aarch64/nt/aarch64-none/bin/../aarch64-none-elf/libc/usr/lib\libc.a(lib_a-lseekr.o)
 .comment       0x0000000000000031       0x32 c:/xilinx/sdk/2018.3/gnu/aarch64/nt/aarch64-none/bin/../aarch64-none-elf/libc/usr/lib\libc.a(lib_a-readr.o)
 .comment       0x0000000000000031       0x32 c:/xilinx/sdk/2018.3/gnu/aarch64/nt/aarch64-none/bin/../aarch64-none-elf/libc/usr/lib\libc.a(lib_a-wcrtomb.o)
 .comment       0x0000000000000031       0x32 c:/xilinx/sdk/2018.3/gnu/aarch64/nt/aarch64-none/bin/../aarch64-none-elf/libc/usr/lib\libc.a(lib_a-wctomb_r.o)
 .comment       0x0000000000000031       0x32 ../../standalone_bsp_0/psu_cortexa53_0/lib\libxil.a(_exit.o)
 .comment       0x0000000000000031       0x32 ../../standalone_bsp_0/psu_cortexa53_0/lib\libxil.a(_sbrk.o)
 .comment       0x0000000000000031       0x32 ../../standalone_bsp_0/psu_cortexa53_0/lib\libxil.a(close.o)
 .comment       0x0000000000000031       0x32 ../../standalone_bsp_0/psu_cortexa53_0/lib\libxil.a(fstat.o)
 .comment       0x0000000000000031       0x32 ../../standalone_bsp_0/psu_cortexa53_0/lib\libxil.a(isatty.o)
 .comment       0x0000000000000031       0x32 ../../standalone_bsp_0/psu_cortexa53_0/lib\libxil.a(lseek.o)
 .comment       0x0000000000000031       0x32 ../../standalone_bsp_0/psu_cortexa53_0/lib\libxil.a(read.o)
 .comment       0x0000000000000031       0x32 ../../standalone_bsp_0/psu_cortexa53_0/lib\libxil.a(write.o)
 .comment       0x0000000000000031       0x32 ../../standalone_bsp_0/psu_cortexa53_0/lib\libxil.a(errno.o)
 .comment       0x0000000000000031       0x32 ../../standalone_bsp_0/psu_cortexa53_0/lib\libxil.a(inbyte.o)
 .comment       0x0000000000000031       0x32 ../../standalone_bsp_0/psu_cortexa53_0/lib\libxil.a(outbyte.o)
 .comment       0x0000000000000031       0x32 ../../standalone_bsp_0/psu_cortexa53_0/lib\libxil.a(xuartps_hw.o)
 .comment       0x0000000000000031       0x32 c:/xilinx/sdk/2018.3/gnu/aarch64/nt/aarch64-none/bin/../lib/gcc/aarch64-none-elf/7.3.1\libgcc.a(trunctfdf2.o)
 .comment       0x0000000000000031       0x32 c:/xilinx/sdk/2018.3/gnu/aarch64/nt/aarch64-none/bin/../lib/gcc/aarch64-none-elf/7.3.1\libgcc.a(sfp-exceptions.o)
 .comment       0x0000000000000031       0x32 c:/xilinx/sdk/2018.3/gnu/aarch64/nt/aarch64-none/bin/../lib/gcc/aarch64-none-elf/7.3.1/crtend.o

.debug_line     0x0000000000000000     0x47ad
 .debug_line    0x0000000000000000       0xdf c:/xilinx/sdk/2018.3/gnu/aarch64/nt/aarch64-none/bin/../aarch64-none-elf/libc/usr/lib/crt0.o
 .debug_line    0x00000000000000df       0x64 ./src/AXI_mem_access.o
 .debug_line    0x0000000000000143      0x826 ./src/main.o
 .debug_line    0x0000000000000969      0x2b0 ./src/platform.o
 .debug_line    0x0000000000000c19      0x165 ./noh-firmware/AXI_simple_gpio_core/drivers/AXI_Simple_GPIO_Core.o
 .debug_line    0x0000000000000d7e       0x8e ./noh-firmware/AXI_simple_gpio_core/drivers/AXI_mem_access.o
 .debug_line    0x0000000000000e0c      0x46a ./noh-firmware/AXI_UART_core/drivers/AXI_UART_master_core.o
 .debug_line    0x0000000000001276      0x2f3 ./noh-firmware/AXI_I2C_core/drivers/AXI_i2c.o
 .debug_line    0x0000000000001569      0x38d ./noh-firmware/AXI_DMM_core/drivers/AXI_DMM_core_driver.o
 .debug_line    0x00000000000018f6      0x356 ./noh-firmware/AXI_DAC_core/drivers/AXI_DAC_core_driver.o
 .debug_line    0x0000000000001c4c      0x337 ./noh-firmware/AXI_CAN_core/drivers/AXI_CAN_core.o
 .debug_line    0x0000000000001f83      0x48e ./noh-firmware/AXI_ADC_core/drivers/AXI_ADC_core_driver.o
 .debug_line    0x0000000000002411       0x85 ../../standalone_bsp_0/psu_cortexa53_0/lib\libxil.a(asm_vectors.o)
 .debug_line    0x0000000000002496       0xc7 ../../standalone_bsp_0/psu_cortexa53_0/lib\libxil.a(boot.o)
 .debug_line    0x000000000000255d       0x51 ../../standalone_bsp_0/psu_cortexa53_0/lib\libxil.a(initialise_monitor_handles.o)
 .debug_line    0x00000000000025ae      0x151 ../../standalone_bsp_0/psu_cortexa53_0/lib\libxil.a(vectors.o)
 .debug_line    0x00000000000026ff       0x5c ../../standalone_bsp_0/psu_cortexa53_0/lib\libxil.a(xil-crt0.o)
 .debug_line    0x000000000000275b      0x49b ../../standalone_bsp_0/psu_cortexa53_0/lib\libxil.a(xil_cache.o)
 .debug_line    0x0000000000002bf6      0x16b ../../standalone_bsp_0/psu_cortexa53_0/lib\libxil.a(xil_exception.o)
 .debug_line    0x0000000000002d61      0x190 ../../standalone_bsp_0/psu_cortexa53_0/lib\libxil.a(xil_sleepcommon.o)
 .debug_line    0x0000000000002ef1      0x227 ../../standalone_bsp_0/psu_cortexa53_0/lib\libxil.a(sleep.o)
 .debug_line    0x0000000000003118      0x261 ../../standalone_bsp_0/psu_cortexa53_0/lib\libxil.a(xtime_l.o)
 .debug_line    0x0000000000003379       0xad ../../standalone_bsp_0/psu_cortexa53_0/lib\libxil.a(_exit.o)
 .debug_line    0x0000000000003426      0x133 ../../standalone_bsp_0/psu_cortexa53_0/lib\libxil.a(_sbrk.o)
 .debug_line    0x0000000000003559      0x11e ../../standalone_bsp_0/psu_cortexa53_0/lib\libxil.a(close.o)
 .debug_line    0x0000000000003677      0x226 ../../standalone_bsp_0/psu_cortexa53_0/lib\libxil.a(fstat.o)
 .debug_line    0x000000000000389d       0xaf ../../standalone_bsp_0/psu_cortexa53_0/lib\libxil.a(isatty.o)
 .debug_line    0x000000000000394c      0x1ba ../../standalone_bsp_0/psu_cortexa53_0/lib\libxil.a(lseek.o)
 .debug_line    0x0000000000003b06      0x21e ../../standalone_bsp_0/psu_cortexa53_0/lib\libxil.a(read.o)
 .debug_line    0x0000000000003d24      0x225 ../../standalone_bsp_0/psu_cortexa53_0/lib\libxil.a(write.o)
 .debug_line    0x0000000000003f49      0x133 ../../standalone_bsp_0/psu_cortexa53_0/lib\libxil.a(errno.o)
 .debug_line    0x000000000000407c      0x233 ../../standalone_bsp_0/psu_cortexa53_0/lib\libxil.a(inbyte.o)
 .debug_line    0x00000000000042af      0x234 ../../standalone_bsp_0/psu_cortexa53_0/lib\libxil.a(outbyte.o)
 .debug_line    0x00000000000044e3      0x2ca ../../standalone_bsp_0/psu_cortexa53_0/lib\libxil.a(xuartps_hw.o)

.debug_info     0x0000000000000000     0xd909
 .debug_info    0x0000000000000000       0x2e c:/xilinx/sdk/2018.3/gnu/aarch64/nt/aarch64-none/bin/../aarch64-none-elf/libc/usr/lib/crt0.o
 .debug_info    0x000000000000002e       0xa4 ./src/AXI_mem_access.o
 .debug_info    0x00000000000000d2      0xefe ./src/main.o
 .debug_info    0x0000000000000fd0       0xfc ./src/platform.o
 .debug_info    0x00000000000010cc      0x110 ./noh-firmware/AXI_simple_gpio_core/drivers/AXI_Simple_GPIO_Core.o
 .debug_info    0x00000000000011dc       0xa4 ./noh-firmware/AXI_simple_gpio_core/drivers/AXI_mem_access.o
 .debug_info    0x0000000000001280      0xb9b ./noh-firmware/AXI_UART_core/drivers/AXI_UART_master_core.o
 .debug_info    0x0000000000001e1b      0x2af ./noh-firmware/AXI_I2C_core/drivers/AXI_i2c.o
 .debug_info    0x00000000000020ca      0xa43 ./noh-firmware/AXI_DMM_core/drivers/AXI_DMM_core_driver.o
 .debug_info    0x0000000000002b0d      0xb02 ./noh-firmware/AXI_DAC_core/drivers/AXI_DAC_core_driver.o
 .debug_info    0x000000000000360f      0x5b9 ./noh-firmware/AXI_CAN_core/drivers/AXI_CAN_core.o
 .debug_info    0x0000000000003bc8      0xe8e ./noh-firmware/AXI_ADC_core/drivers/AXI_ADC_core_driver.o
 .debug_info    0x0000000000004a56       0x2e ../../standalone_bsp_0/psu_cortexa53_0/lib\libxil.a(asm_vectors.o)
 .debug_info    0x0000000000004a84       0x2e ../../standalone_bsp_0/psu_cortexa53_0/lib\libxil.a(boot.o)